207.46.13.121 - - [21/Jun/2016:01:28:43 +1000] "GET /robots.txt HTTP/1.1" 404 232 "-" "Mozilla/5.0 (compatible; bingbot/2.0; +http://www.bing.com/bingbot.htm)"
59.167.142.17 - - [21/Jun/2016:14:36:36 +1000] "GET /css/bootstrap.css HTTP/1.1" 200 16472 "-" "Mozilla/4.0 (compatible; MSIE 7.0; Windows NT 6.1; WOW64; Trident/7.0; SLCC2; .NET CLR 2.0.50727; .NET CLR 3.5.30729; .NET CLR 3.0.30729; Media Center PC 6.0; .NET4.0C; .NET4.0E; InfoPath.3; GWX:MANAGED; GWX:QUALIFIED; ms-office; MSOffice 14)"
59.167.142.17 - - [21/Jun/2016:14:36:36 +1000] "GET /css/styles.css HTTP/1.1" 200 11528 "-" "Mozilla/4.0 (compatible; MSIE 7.0; Windows NT 6.1; WOW64; Trident/7.0; SLCC2; .NET CLR 2.0.50727; .NET CLR 3.5.30729; .NET CLR 3.0.30729; Media Center PC 6.0; .NET4.0C; .NET4.0E; InfoPath.3; GWX:MANAGED; GWX:QUALIFIED; ms-office; MSOffice 14)"
59.167.142.17 - - [21/Jun/2016:14:36:37 +1000] "GET /layerslider/css/layerslider.css HTTP/1.1" 200 3040 "-" "Mozilla/4.0 (compatible; MSIE 7.0; Windows NT 6.1; WOW64; Trident/7.0; SLCC2; .NET CLR 2.0.50727; .NET CLR 3.5.30729; .NET CLR 3.0.30729; Media Center PC 6.0; .NET4.0C; .NET4.0E; InfoPath.3; GWX:MANAGED; GWX:QUALIFIED; ms-office; MSOffice 14)"
59.167.142.17 - - [21/Jun/2016:14:36:37 +1000] "GET /css/magnific-popup.css HTTP/1.1" 200 1896 "-" "Mozilla/4.0 (compatible; MSIE 7.0; Windows NT 6.1; WOW64; Trident/7.0; SLCC2; .NET CLR 2.0.50727; .NET CLR 3.5.30729; .NET CLR 3.0.30729; Media Center PC 6.0; .NET4.0C; .NET4.0E; InfoPath.3; GWX:MANAGED; GWX:QUALIFIED; ms-office; MSOffice 14)"
59.167.142.17 - - [21/Jun/2016:14:36:37 +1000] "GET /css/animate.css HTTP/1.1" 200 5119 "-" "Mozilla/4.0 (compatible; MSIE 7.0; Windows NT 6.1; WOW64; Trident/7.0; SLCC2; .NET CLR 2.0.50727; .NET CLR 3.5.30729; .NET CLR 3.0.30729; Media Center PC 6.0; .NET4.0C; .NET4.0E; InfoPath.3; GWX:MANAGED; GWX:QUALIFIED; ms-office; MSOffice 14)"
59.167.142.17 - - [21/Jun/2016:14:36:37 +1000] "GET /css/font-awesome.min.css HTTP/1.1" 200 4698 "-" "Mozilla/4.0 (compatible; MSIE 7.0; Windows NT 6.1; WOW64; Trident/7.0; SLCC2; .NET CLR 2.0.50727; .NET CLR 3.5.30729; .NET CLR 3.0.30729; Media Center PC 6.0; .NET4.0C; .NET4.0E; InfoPath.3; GWX:MANAGED; GWX:QUALIFIED; ms-office; MSOffice 14)"
59.167.142.17 - - [21/Jun/2016:14:36:37 +1000] "GET /css/entypo.css HTTP/1.1" 200 2639 "-" "Mozilla/4.0 (compatible; MSIE 7.0; Windows NT 6.1; WOW64; Trident/7.0; SLCC2; .NET CLR 2.0.50727; .NET CLR 3.5.30729; .NET CLR 3.0.30729; Media Center PC 6.0; .NET4.0C; .NET4.0E; InfoPath.3; GWX:MANAGED; GWX:QUALIFIED; ms-office; MSOffice 14)"
59.167.142.17 - - [21/Jun/2016:14:36:37 +1000] "GET /css/typicons.min.css HTTP/1.1" 200 2634 "-" "Mozilla/4.0 (compatible; MSIE 7.0; Windows NT 6.1; WOW64; Trident/7.0; SLCC2; .NET CLR 2.0.50727; .NET CLR 3.5.30729; .NET CLR 3.0.30729; Media Center PC 6.0; .NET4.0C; .NET4.0E; InfoPath.3; GWX:MANAGED; GWX:QUALIFIED; ms-office; MSOffice 14)"
59.167.142.17 - - [21/Jun/2016:14:36:37 +1000] "GET /masterslider/style/masterslider.css HTTP/1.1" 200 1960 "-" "Mozilla/4.0 (compatible; MSIE 7.0; Windows NT 6.1; WOW64; Trident/7.0; SLCC2; .NET CLR 2.0.50727; .NET CLR 3.5.30729; .NET CLR 3.0.30729; Media Center PC 6.0; .NET4.0C; .NET4.0E; InfoPath.3; GWX:MANAGED; GWX:QUALIFIED; ms-office; MSOffice 14)"
59.167.142.17 - - [21/Jun/2016:14:36:37 +1000] "GET /masterslider/skins/default/style.css HTTP/1.1" 200 975 "-" "Mozilla/4.0 (compatible; MSIE 7.0; Windows NT 6.1; WOW64; Trident/7.0; SLCC2; .NET CLR 2.0.50727; .NET CLR 3.5.30729; .NET CLR 3.0.30729; Media Center PC 6.0; .NET4.0C; .NET4.0E; InfoPath.3; GWX:MANAGED; GWX:QUALIFIED; ms-office; MSOffice 14)"
59.100.224.110 - - [21/Jun/2016:13:04:46 +1000] "GET /css/magnific-popup.css HTTP/1.1" 200 1896 "http://www.linkservices.com.au/" "Mozilla/5.0 (Windows NT 6.1; Win64; x64) AppleWebKit/537.36 (KHTML, like Gecko) Chrome/50.0.2661.102 Safari/537.36"
59.100.224.110 - - [21/Jun/2016:13:04:46 +1000] "GET /rs-plugin/css/settings.css HTTP/1.1" 200 7988 "http://www.linkservices.com.au/" "Mozilla/5.0 (Windows NT 6.1; Win64; x64) AppleWebKit/537.36 (KHTML, like Gecko) Chrome/50.0.2661.102 Safari/537.36"
59.100.224.110 - - [21/Jun/2016:13:04:46 +1000] "GET /img/logo.png HTTP/1.1" 200 5688 "http://www.linkservices.com.au/" "Mozilla/5.0 (Windows NT 6.1; Win64; x64) AppleWebKit/537.36 (KHTML, like Gecko) Chrome/50.0.2661.102 Safari/537.36"
59.100.224.110 - - [21/Jun/2016:13:04:46 +1000] "GET /js/jquery.sticky.js HTTP/1.1" 200 1463 "http://www.linkservices.com.au/" "Mozilla/5.0 (Windows NT 6.1; Win64; x64) AppleWebKit/537.36 (KHTML, like Gecko) Chrome/50.0.2661.102 Safari/537.36"
59.100.224.110 - - [21/Jun/2016:13:04:46 +1000] "GET /js/jquery.parallax-1.1.3.js HTTP/1.1" 200 822 "http://www.linkservices.com.au/" "Mozilla/5.0 (Windows NT 6.1; Win64; x64) AppleWebKit/537.36 (KHTML, like Gecko) Chrome/50.0.2661.102 Safari/537.36"
59.100.224.110 - - [21/Jun/2016:13:04:46 +1000] "GET /js/jquery.flexslider-min.js HTTP/1.1" 200 5268 "http://www.linkservices.com.au/" "Mozilla/5.0 (Windows NT 6.1; Win64; x64) AppleWebKit/537.36 (KHTML, like Gecko) Chrome/50.0.2661.102 Safari/537.36"
59.100.224.110 - - [21/Jun/2016:13:04:46 +1000] "GET /layerslider/js/layerslider.kreaturamedia.jquery.js HTTP/1.1" 200 19760 "http://www.linkservices.com.au/" "Mozilla/5.0 (Windows NT 6.1; Win64; x64) AppleWebKit/537.36 (KHTML, like Gecko) Chrome/50.0.2661.102 Safari/537.36"
59.100.224.110 - - [21/Jun/2016:13:04:48 +1000] "GET /img/parallax/02.jpg HTTP/1.1" 200 651412 "http://www.linkservices.com.au/" "Mozilla/5.0 (Windows NT 6.1; Win64; x64) AppleWebKit/537.36 (KHTML, like Gecko) Chrome/50.0.2661.102 Safari/537.36"
59.100.224.110 - - [21/Jun/2016:13:04:49 +1000] "GET /masterslider/style/loading-2.gif HTTP/1.1" 200 2707 "http://www.linkservices.com.au/masterslider/style/masterslider.css" "Mozilla/5.0 (Windows NT 6.1; Win64; x64) AppleWebKit/537.36 (KHTML, like Gecko) Chrome/50.0.2661.102 Safari/537.36"
37.187.56.66 - - [21/Jun/2016:14:50:24 +1000] "GET / HTTP/1.1" 206 22509 "-" "Mozilla/5.0 (X11; Linux i586; rv:31.0) Gecko/20100101 Firefox/31.0"
37.187.56.66 - - [21/Jun/2016:14:50:26 +1000] "GET // HTTP/1.1" 206 22509 "-" "Mozilla/5.0 (X11; Linux i586; rv:31.0) Gecko/20100101 Firefox/31.0"
37.187.56.66 - - [21/Jun/2016:14:50:29 +1000] "GET /index.html HTTP/1.1" 206 22509 "-" "Mozilla/5.0 (X11; Linux i586; rv:31.0) Gecko/20100101 Firefox/31.0"
37.187.56.66 - - [21/Jun/2016:14:50:32 +1000] "GET /tips.html HTTP/1.1" 206 22892 "-" "Mozilla/5.0 (X11; Linux i586; rv:31.0) Gecko/20100101 Firefox/31.0"
37.187.56.66 - - [21/Jun/2016:14:50:34 +1000] "GET /faq.html HTTP/1.1" 206 38382 "-" "Mozilla/5.0 (X11; Linux i586; rv:31.0) Gecko/20100101 Firefox/31.0"
37.187.56.66 - - [21/Jun/2016:14:50:37 +1000] "GET /portal.html HTTP/1.1" 206 17123 "-" "Mozilla/5.0 (X11; Linux i586; rv:31.0) Gecko/20100101 Firefox/31.0"
37.187.56.66 - - [21/Jun/2016:14:50:40 +1000] "GET /quote.html HTTP/1.1" 206 25349 "-" "Mozilla/5.0 (X11; Linux i586; rv:31.0) Gecko/20100101 Firefox/31.0"
37.187.56.66 - - [21/Jun/2016:14:50:43 +1000] "GET /contact.html HTTP/1.1" 206 20884 "-" "Mozilla/5.0 (X11; Linux i586; rv:31.0) Gecko/20100101 Firefox/31.0"
60.225.180.162 - - [21/Jun/2016:12:01:41 +1000] "GET /img/logo.png HTTP/1.1" 200 5688 "-" "Mozilla/5.0 (Macintosh; Intel Mac OS X 10_11_2) AppleWebKit/601.3.9 (KHTML, like Gecko)"
64.235.151.197 - - [21/Jun/2016:12:51:09 +1000] "GET / HTTP/1.0" 200 22509 "-" "Mozilla/4.0 (compatible; MSIE 8.0; Windows NT 6.1; WOW64; Trident/4.0; SLCC2; .NET CLR 2.0.50727; .NET CLR 3.5.30729; .NET CLR 3.0.30729)"
59.100.224.110 - - [21/Jun/2016:13:04:46 +1000] "GET /layerslider/css/layerslider.css HTTP/1.1" 200 3040 "http://www.linkservices.com.au/" "Mozilla/5.0 (Windows NT 6.1; Win64; x64) AppleWebKit/537.36 (KHTML, like Gecko) Chrome/50.0.2661.102 Safari/537.36"
59.100.224.110 - - [21/Jun/2016:13:04:46 +1000] "GET /masterslider/style/masterslider.css HTTP/1.1" 200 1960 "http://www.linkservices.com.au/" "Mozilla/5.0 (Windows NT 6.1; Win64; x64) AppleWebKit/537.36 (KHTML, like Gecko) Chrome/50.0.2661.102 Safari/537.36"
59.100.224.110 - - [21/Jun/2016:13:04:46 +1000] "GET /masterslider/blank.gif HTTP/1.1" 200 43 "http://www.linkservices.com.au/" "Mozilla/5.0 (Windows NT 6.1; Win64; x64) AppleWebKit/537.36 (KHTML, like Gecko) Chrome/50.0.2661.102 Safari/537.36"
59.100.224.110 - - [21/Jun/2016:13:04:46 +1000] "GET /js/tinynav.min.js HTTP/1.1" 200 482 "http://www.linkservices.com.au/" "Mozilla/5.0 (Windows NT 6.1; Win64; x64) AppleWebKit/537.36 (KHTML, like Gecko) Chrome/50.0.2661.102 Safari/537.36"
59.100.224.110 - - [21/Jun/2016:13:04:46 +1000] "GET /js/jquery.magnific-popup.min.js HTTP/1.1" 200 7493 "http://www.linkservices.com.au/" "Mozilla/5.0 (Windows NT 6.1; Win64; x64) AppleWebKit/537.36 (KHTML, like Gecko) Chrome/50.0.2661.102 Safari/537.36"
59.100.224.110 - - [21/Jun/2016:13:04:46 +1000] "GET /js/jquery.refineslide.js HTTP/1.1" 200 7184 "http://www.linkservices.com.au/" "Mozilla/5.0 (Windows NT 6.1; Win64; x64) AppleWebKit/537.36 (KHTML, like Gecko) Chrome/50.0.2661.102 Safari/537.36"
59.100.224.110 - - [21/Jun/2016:13:04:46 +1000] "GET /layerslider/js/layerslider.transitions.js HTTP/1.1" 200 3195 "http://www.linkservices.com.au/" "Mozilla/5.0 (Windows NT 6.1; Win64; x64) AppleWebKit/537.36 (KHTML, like Gecko) Chrome/50.0.2661.102 Safari/537.36"
101.177.239.233 - - [21/Jun/2016:14:58:43 +1000] "GET /css/bootstrap.css HTTP/1.1" 200 16472 "http://www.linkservices.com.au/" "Mozilla/5.0 (Windows NT 10.0; Win64; x64) AppleWebKit/537.36 (KHTML, like Gecko) Chrome/46.0.2486.0 Safari/537.36 Edge/13.10586"
101.177.239.233 - - [21/Jun/2016:14:58:43 +1000] "GET /rs-plugin/css/settings.css HTTP/1.1" 200 7988 "http://www.linkservices.com.au/" "Mozilla/5.0 (Windows NT 10.0; Win64; x64) AppleWebKit/537.36 (KHTML, like Gecko) Chrome/46.0.2486.0 Safari/537.36 Edge/13.10586"
101.177.239.233 - - [21/Jun/2016:14:58:43 +1000] "GET /js/bootstrap.js HTTP/1.1" 200 11112 "http://www.linkservices.com.au/" "Mozilla/5.0 (Windows NT 10.0; Win64; x64) AppleWebKit/537.36 (KHTML, like Gecko) Chrome/46.0.2486.0 Safari/537.36 Edge/13.10586"
101.177.239.233 - - [21/Jun/2016:14:58:43 +1000] "GET /js/jquery.isotope.min.js HTTP/1.1" 200 5000 "http://www.linkservices.com.au/" "Mozilla/5.0 (Windows NT 10.0; Win64; x64) AppleWebKit/537.36 (KHTML, like Gecko) Chrome/46.0.2486.0 Safari/537.36 Edge/13.10586"
101.177.239.233 - - [21/Jun/2016:14:58:43 +1000] "GET /js/jquery.flexslider-min.js HTTP/1.1" 200 5268 "http://www.linkservices.com.au/" "Mozilla/5.0 (Windows NT 10.0; Win64; x64) AppleWebKit/537.36 (KHTML, like Gecko) Chrome/46.0.2486.0 Safari/537.36 Edge/13.10586"
180.76.15.24 - - [21/Jun/2016:05:42:28 +1000] "GET / HTTP/1.1" 200 22509 "-" "Mozilla/5.0 (compatible; Baiduspider/2.0; +http://www.baidu.com/search/spider.html)"
101.177.239.233 - - [21/Jun/2016:14:58:43 +1000] "GET /css/font-awesome.min.css HTTP/1.1" 200 4698 "http://www.linkservices.com.au/" "Mozilla/5.0 (Windows NT 10.0; Win64; x64) AppleWebKit/537.36 (KHTML, like Gecko) Chrome/46.0.2486.0 Safari/537.36 Edge/13.10586"
101.177.239.233 - - [21/Jun/2016:14:58:43 +1000] "GET /css/flexslider.css HTTP/1.1" 200 1097 "http://www.linkservices.com.au/" "Mozilla/5.0 (Windows NT 10.0; Win64; x64) AppleWebKit/537.36 (KHTML, like Gecko) Chrome/46.0.2486.0 Safari/537.36 Edge/13.10586"
101.177.239.233 - - [21/Jun/2016:14:58:43 +1000] "GET /js/jquery.sticky.js HTTP/1.1" 200 1463 "http://www.linkservices.com.au/" "Mozilla/5.0 (Windows NT 10.0; Win64; x64) AppleWebKit/537.36 (KHTML, like Gecko) Chrome/46.0.2486.0 Safari/537.36 Edge/13.10586"
101.177.239.233 - - [21/Jun/2016:14:58:43 +1000] "GET /js/jquery.parallax-1.1.3.js HTTP/1.1" 200 822 "http://www.linkservices.com.au/" "Mozilla/5.0 (Windows NT 10.0; Win64; x64) AppleWebKit/537.36 (KHTML, like Gecko) Chrome/46.0.2486.0 Safari/537.36 Edge/13.10586"
101.177.239.233 - - [21/Jun/2016:14:58:43 +1000] "GET /js/scale.fix.js HTTP/1.1" 200 279 "http://www.linkservices.com.au/" "Mozilla/5.0 (Windows NT 10.0; Win64; x64) AppleWebKit/537.36 (KHTML, like Gecko) Chrome/46.0.2486.0 Safari/537.36 Edge/13.10586"
101.177.239.233 - - [21/Jun/2016:14:58:43 +1000] "GET /layerslider/js/layerslider.kreaturamedia.jquery.js HTTP/1.1" 200 19760 "http://www.linkservices.com.au/" "Mozilla/5.0 (Windows NT 10.0; Win64; x64) AppleWebKit/537.36 (KHTML, like Gecko) Chrome/46.0.2486.0 Safari/537.36 Edge/13.10586"
101.177.239.233 - - [21/Jun/2016:14:58:44 +1000] "GET /img/logo.png HTTP/1.1" 200 5688 "http://www.linkservices.com.au/" "Mozilla/5.0 (Windows NT 10.0; Win64; x64) AppleWebKit/537.36 (KHTML, like Gecko) Chrome/46.0.2486.0 Safari/537.36 Edge/13.10586"
101.177.239.233 - - [21/Jun/2016:14:58:44 +1000] "GET /fonts/typicons.woff HTTP/1.1" 200 60464 "http://www.linkservices.com.au/" "Mozilla/5.0 (Windows NT 10.0; Win64; x64) AppleWebKit/537.36 (KHTML, like Gecko) Chrome/46.0.2486.0 Safari/537.36 Edge/13.10586"
101.177.239.233 - - [21/Jun/2016:14:58:45 +1000] "GET /masterslider/style/grab.png HTTP/1.1" 200 2893 "http://www.linkservices.com.au/" "Mozilla/5.0 (Windows NT 10.0; Win64; x64) AppleWebKit/537.36 (KHTML, like Gecko) Chrome/46.0.2486.0 Safari/537.36 Edge/13.10586"
101.177.239.233 - - [21/Jun/2016:14:58:45 +1000] "HEAD /img/logo@2x.png HTTP/1.1" 404 - "http://www.linkservices.com.au/" "Mozilla/5.0 (Windows NT 10.0; Win64; x64) AppleWebKit/537.36 (KHTML, like Gecko) Chrome/46.0.2486.0 Safari/537.36 Edge/13.10586"
101.177.239.233 - - [21/Jun/2016:14:58:45 +1000] "HEAD /masterslider/blank@2x.gif HTTP/1.1" 404 - "http://www.linkservices.com.au/" "Mozilla/5.0 (Windows NT 10.0; Win64; x64) AppleWebKit/537.36 (KHTML, like Gecko) Chrome/46.0.2486.0 Safari/537.36 Edge/13.10586"
101.177.239.233 - - [21/Jun/2016:15:00:54 +1000] "HEAD /img/logo_white@2x.png HTTP/1.1" 404 - "http://www.linkservices.com.au/quote.html" "Mozilla/5.0 (Windows NT 10.0; Win64; x64) AppleWebKit/537.36 (KHTML, like Gecko) Chrome/46.0.2486.0 Safari/537.36 Edge/13.10586"
101.177.239.233 - - [21/Jun/2016:15:00:55 +1000] "HEAD /img/logo@2x.png HTTP/1.1" 404 - "http://www.linkservices.com.au/faq.html" "Mozilla/5.0 (Windows NT 10.0; Win64; x64) AppleWebKit/537.36 (KHTML, like Gecko) Chrome/46.0.2486.0 Safari/537.36 Edge/13.10586"
101.177.239.233 - - [21/Jun/2016:14:58:43 +1000] "GET /css/animate.css HTTP/1.1" 200 5119 "http://www.linkservices.com.au/" "Mozilla/5.0 (Windows NT 10.0; Win64; x64) AppleWebKit/537.36 (KHTML, like Gecko) Chrome/46.0.2486.0 Safari/537.36 Edge/13.10586"
101.177.239.233 - - [21/Jun/2016:14:58:43 +1000] "GET /masterslider/skins/default/style.css HTTP/1.1" 200 975 "http://www.linkservices.com.au/" "Mozilla/5.0 (Windows NT 10.0; Win64; x64) AppleWebKit/537.36 (KHTML, like Gecko) Chrome/46.0.2486.0 Safari/537.36 Edge/13.10586"
101.177.239.233 - - [21/Jun/2016:14:58:43 +1000] "GET /js/jquery.easing.js HTTP/1.1" 200 1984 "http://www.linkservices.com.au/" "Mozilla/5.0 (Windows NT 10.0; Win64; x64) AppleWebKit/537.36 (KHTML, like Gecko) Chrome/46.0.2486.0 Safari/537.36 Edge/13.10586"
101.177.239.233 - - [21/Jun/2016:14:58:43 +1000] "GET /js/jquery.fitvids.js HTTP/1.1" 200 1200 "http://www.linkservices.com.au/" "Mozilla/5.0 (Windows NT 10.0; Win64; x64) AppleWebKit/537.36 (KHTML, like Gecko) Chrome/46.0.2486.0 Safari/537.36 Edge/13.10586"
101.177.239.233 - - [21/Jun/2016:14:58:43 +1000] "GET /js/jquery.countdown.js HTTP/1.1" 200 1155 "http://www.linkservices.com.au/" "Mozilla/5.0 (Windows NT 10.0; Win64; x64) AppleWebKit/537.36 (KHTML, like Gecko) Chrome/46.0.2486.0 Safari/537.36 Edge/13.10586"
101.177.239.233 - - [21/Jun/2016:14:58:43 +1000] "GET /rs-plugin/js/jquery.themepunch.plugins.min.js HTTP/1.1" 200 28770 "http://www.linkservices.com.au/" "Mozilla/5.0 (Windows NT 10.0; Win64; x64) AppleWebKit/537.36 (KHTML, like Gecko) Chrome/46.0.2486.0 Safari/537.36 Edge/13.10586"
101.177.239.233 - - [21/Jun/2016:14:58:44 +1000] "GET /img/logo_white.png HTTP/1.1" 200 9781 "http://www.linkservices.com.au/" "Mozilla/5.0 (Windows NT 10.0; Win64; x64) AppleWebKit/537.36 (KHTML, like Gecko) Chrome/46.0.2486.0 Safari/537.36 Edge/13.10586"
101.177.239.233 - - [21/Jun/2016:14:58:44 +1000] "GET /img/divider.png HTTP/1.1" 200 2801 "http://www.linkservices.com.au/" "Mozilla/5.0 (Windows NT 10.0; Win64; x64) AppleWebKit/537.36 (KHTML, like Gecko) Chrome/46.0.2486.0 Safari/537.36 Edge/13.10586"
101.177.239.233 - - [21/Jun/2016:14:58:45 +1000] "GET /masterslider/style/loading-2.gif HTTP/1.1" 200 2707 "http://www.linkservices.com.au/" "Mozilla/5.0 (Windows NT 10.0; Win64; x64) AppleWebKit/537.36 (KHTML, like Gecko) Chrome/46.0.2486.0 Safari/537.36 Edge/13.10586"
101.177.239.233 - - [21/Jun/2016:14:58:45 +1000] "HEAD /masterslider/blank@2x.gif HTTP/1.1" 404 - "http://www.linkservices.com.au/" "Mozilla/5.0 (Windows NT 10.0; Win64; x64) AppleWebKit/537.36 (KHTML, like Gecko) Chrome/46.0.2486.0 Safari/537.36 Edge/13.10586"
101.177.239.233 - - [21/Jun/2016:14:58:45 +1000] "HEAD /img/logo_white@2x.png HTTP/1.1" 404 - "http://www.linkservices.com.au/" "Mozilla/5.0 (Windows NT 10.0; Win64; x64) AppleWebKit/537.36 (KHTML, like Gecko) Chrome/46.0.2486.0 Safari/537.36 Edge/13.10586"
101.177.239.233 - - [21/Jun/2016:15:00:56 +1000] "HEAD /img/masterslider/03@2x.jpg HTTP/1.1" 404 - "http://www.linkservices.com.au/" "Mozilla/5.0 (Windows NT 10.0; Win64; x64) AppleWebKit/537.36 (KHTML, like Gecko) Chrome/46.0.2486.0 Safari/537.36 Edge/13.10586"
59.167.142.17 - - [21/Jun/2016:14:36:07 +1000] "GET /css/animate.css HTTP/1.1" 200 5119 "http://www.linkservices.com.au/" "Mozilla/5.0 (Windows NT 6.1; WOW64; Trident/7.0; rv:11.0) like Gecko"
59.167.142.17 - - [21/Jun/2016:14:36:07 +1000] "GET /masterslider/style/masterslider.css HTTP/1.1" 200 1960 "http://www.linkservices.com.au/" "Mozilla/5.0 (Windows NT 6.1; WOW64; Trident/7.0; rv:11.0) like Gecko"
59.167.142.17 - - [21/Jun/2016:14:36:07 +1000] "GET /js/bootstrap.js HTTP/1.1" 200 11112 "http://www.linkservices.com.au/" "Mozilla/5.0 (Windows NT 6.1; WOW64; Trident/7.0; rv:11.0) like Gecko"
59.167.142.17 - - [21/Jun/2016:14:36:07 +1000] "GET /js/jquery.fitvids.js HTTP/1.1" 200 1200 "http://www.linkservices.com.au/" "Mozilla/5.0 (Windows NT 6.1; WOW64; Trident/7.0; rv:11.0) like Gecko"
59.167.142.17 - - [21/Jun/2016:14:36:07 +1000] "GET /js/scale.fix.js HTTP/1.1" 200 279 "http://www.linkservices.com.au/" "Mozilla/5.0 (Windows NT 6.1; WOW64; Trident/7.0; rv:11.0) like Gecko"
59.167.142.17 - - [21/Jun/2016:14:36:07 +1000] "GET /layerslider/js/layerslider.kreaturamedia.jquery.js HTTP/1.1" 200 19760 "http://www.linkservices.com.au/" "Mozilla/5.0 (Windows NT 6.1; WOW64; Trident/7.0; rv:11.0) like Gecko"
59.167.142.17 - - [21/Jun/2016:14:36:07 +1000] "GET /img/logo_white.png HTTP/1.1" 200 9781 "http://www.linkservices.com.au/" "Mozilla/5.0 (Windows NT 6.1; WOW64; Trident/7.0; rv:11.0) like Gecko"
59.167.142.17 - - [21/Jun/2016:14:36:07 +1000] "GET /img/parallax/02.jpg HTTP/1.1" 200 651412 "http://www.linkservices.com.au/" "Mozilla/5.0 (Windows NT 6.1; WOW64; Trident/7.0; rv:11.0) like Gecko"
59.167.142.17 - - [21/Jun/2016:14:36:09 +1000] "GET /img/masterslider/01.jpg HTTP/1.1" 200 766148 "http://www.linkservices.com.au/" "Mozilla/5.0 (Windows NT 6.1; WOW64; Trident/7.0; rv:11.0) like Gecko"
59.167.142.17 - - [21/Jun/2016:14:36:12 +1000] "GET /img/masterslider/03.jpg HTTP/1.1" 200 1187289 "http://www.linkservices.com.au/" "Mozilla/5.0 (Windows NT 6.1; WOW64; Trident/7.0; rv:11.0) like Gecko"
59.167.142.17 - - [21/Jun/2016:14:36:14 +1000] "GET /img/masterslider/02.jpg HTTP/1.1" 200 589463 "http://www.linkservices.com.au/" "Mozilla/5.0 (Windows NT 6.1; WOW64; Trident/7.0; rv:11.0) like Gecko"
59.167.142.17 - - [21/Jun/2016:14:36:21 +1000] "GET /contact.html HTTP/1.1" 200 5005 "http://www.linkservices.com.au/" "Mozilla/5.0 (Windows NT 6.1; WOW64; Trident/7.0; rv:11.0) like Gecko"
101.177.239.233 - - [21/Jun/2016:15:00:56 +1000] "HEAD /img/masterslider/01@2x.jpg HTTP/1.1" 404 - "http://www.linkservices.com.au/" "Mozilla/5.0 (Windows NT 10.0; Win64; x64) AppleWebKit/537.36 (KHTML, like Gecko) Chrome/46.0.2486.0 Safari/537.36 Edge/13.10586"
59.167.142.17 - - [21/Jun/2016:14:36:07 +1000] "GET / HTTP/1.1" 200 6133 "http://www.google.com.au/url?sa=t&rct=j&q=&esrc=s&source=web&cd=1&sqi=2&ved=0ahUKEwjI2MqcpbjNAhWQq5QKHeHTBtsQFggoMAA&url=http%3A%2F%2Fwww.linkservices.com.au%2F&usg=AFQjCNFBfwJx2h3t5bKxaZpPK_50P81Aow" "Mozilla/5.0 (Windows NT 6.1; WOW64; Trident/7.0; rv:11.0) like Gecko"
59.167.142.17 - - [21/Jun/2016:14:36:07 +1000] "GET /css/bootstrap.css HTTP/1.1" 200 16472 "http://www.linkservices.com.au/" "Mozilla/5.0 (Windows NT 6.1; WOW64; Trident/7.0; rv:11.0) like Gecko"
59.167.142.17 - - [21/Jun/2016:14:36:07 +1000] "GET /css/refineslide.css HTTP/1.1" 200 806 "http://www.linkservices.com.au/" "Mozilla/5.0 (Windows NT 6.1; WOW64; Trident/7.0; rv:11.0) like Gecko"
59.167.142.17 - - [21/Jun/2016:14:36:07 +1000] "GET /js/tinynav.min.js HTTP/1.1" 200 482 "http://www.linkservices.com.au/" "Mozilla/5.0 (Windows NT 6.1; WOW64; Trident/7.0; rv:11.0) like Gecko"
59.167.142.17 - - [21/Jun/2016:14:36:07 +1000] "GET /js/jquery.parallax-1.1.3.js HTTP/1.1" 200 822 "http://www.linkservices.com.au/" "Mozilla/5.0 (Windows NT 6.1; WOW64; Trident/7.0; rv:11.0) like Gecko"
59.167.142.17 - - [21/Jun/2016:14:36:07 +1000] "GET /js/jquery.flexslider-min.js HTTP/1.1" 200 5268 "http://www.linkservices.com.au/" "Mozilla/5.0 (Windows NT 6.1; WOW64; Trident/7.0; rv:11.0) like Gecko"
59.167.142.17 - - [21/Jun/2016:14:36:07 +1000] "GET /rs-plugin/js/jquery.themepunch.revolution.min.js HTTP/1.1" 200 24288 "http://www.linkservices.com.au/" "Mozilla/5.0 (Windows NT 6.1; WOW64; Trident/7.0; rv:11.0) like Gecko"
59.167.142.17 - - [21/Jun/2016:14:36:09 +1000] "GET /masterslider/style/grab.cur HTTP/1.1" 200 326 "http://www.linkservices.com.au/" "Mozilla/5.0 (Windows NT 6.1; WOW64; Trident/7.0; rv:11.0) like Gecko"
52.25.183.142 - - [21/Jun/2016:03:22:33 +1000] "GET / HTTP/1.1" 200 22509 "-" "Mozilla/5.0 (compatible; DomainAppender /1.0; +http://www.profound.net/domainappender)"
192.187.101.170 - - [21/Jun/2016:12:19:29 +1000] "GET /tiki-calendar.php?viewmode=';print(TikiWikiRCE);$a=' HTTP/1.1" 404 290 "-" "-"
60.225.180.162 - - [21/Jun/2016:12:01:44 +1000] "GET /img/logo.png HTTP/1.1" 200 5688 "-" "Mozilla/5.0 (Macintosh; Intel Mac OS X 10_11_2) AppleWebKit/601.3.9 (KHTML, like Gecko)"
52.40.115.108 - - [21/Jun/2016:13:18:10 +1000] "GET / HTTP/1.1" 200 22509 "-" "Mozilla/5.0 (compatible; DomainAppender /1.0; +http://www.profound.net/domainappender)"
131.253.25.211 - - [21/Jun/2016:02:29:56 +1000] "GET /css/typicons.min.css HTTP/1.1" 200 2634 "http://www.linkservices.com.au/portal.html" "Mozilla/5.0 (Windows NT 6.1; WOW64) AppleWebKit/534+ (KHTML, like Gecko) BingPreview/1.0b"
131.253.25.211 - - [21/Jun/2016:02:29:57 +1000] "GET /js/tinynav.min.js HTTP/1.1" 200 482 "http://www.linkservices.com.au/portal.html" "Mozilla/5.0 (Windows NT 6.1; WOW64) AppleWebKit/534+ (KHTML, like Gecko) BingPreview/1.0b"
64.235.154.105 - - [21/Jun/2016:12:02:43 +1000] "GET / HTTP/1.0" 200 22509 "-" "Mozilla/4.0 (compatible; MSIE 8.0; Windows NT 6.1; WOW64; Trident/4.0; SLCC2; .NET CLR 2.0.50727; .NET CLR 3.5.30729; .NET CLR 3.0.30729)"
59.100.224.110 - - [21/Jun/2016:13:04:46 +1000] "GET /css/font-awesome.min.css HTTP/1.1" 200 4698 "http://www.linkservices.com.au/" "Mozilla/5.0 (Windows NT 6.1; Win64; x64) AppleWebKit/537.36 (KHTML, like Gecko) Chrome/50.0.2661.102 Safari/537.36"
59.100.224.110 - - [21/Jun/2016:13:04:46 +1000] "GET /css/flexslider.css HTTP/1.1" 200 1097 "http://www.linkservices.com.au/" "Mozilla/5.0 (Windows NT 6.1; Win64; x64) AppleWebKit/537.36 (KHTML, like Gecko) Chrome/50.0.2661.102 Safari/537.36"
59.100.224.110 - - [21/Jun/2016:13:04:46 +1000] "GET /js/jquery-1.10.2.js HTTP/1.1" 200 32811 "http://www.linkservices.com.au/" "Mozilla/5.0 (Windows NT 6.1; Win64; x64) AppleWebKit/537.36 (KHTML, like Gecko) Chrome/50.0.2661.102 Safari/537.36"
59.100.224.110 - - [21/Jun/2016:13:04:46 +1000] "GET /js/scale.fix.js HTTP/1.1" 200 279 "http://www.linkservices.com.au/" "Mozilla/5.0 (Windows NT 6.1; Win64; x64) AppleWebKit/537.36 (KHTML, like Gecko) Chrome/50.0.2661.102 Safari/537.36"
59.100.224.110 - - [21/Jun/2016:13:04:46 +1000] "GET /masterslider/masterslider.js HTTP/1.1" 200 36146 "http://www.linkservices.com.au/" "Mozilla/5.0 (Windows NT 6.1; Win64; x64) AppleWebKit/537.36 (KHTML, like Gecko) Chrome/50.0.2661.102 Safari/537.36"
59.100.224.110 - - [21/Jun/2016:13:04:48 +1000] "GET /fonts/fontawesome-webfont.woff?v=4.1.0 HTTP/1.1" 200 83760 "http://www.linkservices.com.au/css/font-awesome.min.css" "Mozilla/5.0 (Windows NT 6.1; Win64; x64) AppleWebKit/537.36 (KHTML, like Gecko) Chrome/50.0.2661.102 Safari/537.36"
59.100.224.110 - - [21/Jun/2016:13:04:49 +1000] "GET /masterslider/skins/default/light-skin-1.png HTTP/1.1" 200 4267 "http://www.linkservices.com.au/masterslider/skins/default/style.css" "Mozilla/5.0 (Windows NT 6.1; Win64; x64) AppleWebKit/537.36 (KHTML, like Gecko) Chrome/50.0.2661.102 Safari/537.36"
101.177.239.233 - - [21/Jun/2016:14:59:09 +1000] "HEAD /img/masterslider/03@2x.jpg HTTP/1.1" 404 - "http://www.linkservices.com.au/faq.html" "Mozilla/5.0 (Windows NT 10.0; Win64; x64) AppleWebKit/537.36 (KHTML, like Gecko) Chrome/46.0.2486.0 Safari/537.36 Edge/13.10586"
101.177.239.233 - - [21/Jun/2016:15:00:54 +1000] "HEAD /img/logo@2x.png HTTP/1.1" 404 - "http://www.linkservices.com.au/quote.html" "Mozilla/5.0 (Windows NT 10.0; Win64; x64) AppleWebKit/537.36 (KHTML, like Gecko) Chrome/46.0.2486.0 Safari/537.36 Edge/13.10586"
101.177.239.233 - - [21/Jun/2016:15:00:55 +1000] "HEAD /img/logo_white@2x.png HTTP/1.1" 404 - "http://www.linkservices.com.au/faq.html" "Mozilla/5.0 (Windows NT 10.0; Win64; x64) AppleWebKit/537.36 (KHTML, like Gecko) Chrome/46.0.2486.0 Safari/537.36 Edge/13.10586"
101.177.239.233 - - [21/Jun/2016:15:00:56 +1000] "HEAD /img/logo@2x.png HTTP/1.1" 404 - "http://www.linkservices.com.au/" "Mozilla/5.0 (Windows NT 10.0; Win64; x64) AppleWebKit/537.36 (KHTML, like Gecko) Chrome/46.0.2486.0 Safari/537.36 Edge/13.10586"
119.15.97.138 - - [21/Jun/2016:16:21:45 +1000] "GET / HTTP/1.1" 200 6133 "https://www.google.com.au/" "Mozilla/5.0 (Windows NT 6.1; WOW64) AppleWebKit/537.36 (KHTML, like Gecko) Chrome/51.0.2704.103 Safari/537.36"
119.15.97.138 - - [21/Jun/2016:16:21:45 +1000] "GET /css/bootstrap.css HTTP/1.1" 200 16472 "http://www.linkservices.com.au/" "Mozilla/5.0 (Windows NT 6.1; WOW64) AppleWebKit/537.36 (KHTML, like Gecko) Chrome/51.0.2704.103 Safari/537.36"
119.15.97.138 - - [21/Jun/2016:16:21:45 +1000] "GET /css/styles.css HTTP/1.1" 200 11528 "http://www.linkservices.com.au/" "Mozilla/5.0 (Windows NT 6.1; WOW64) AppleWebKit/537.36 (KHTML, like Gecko) Chrome/51.0.2704.103 Safari/537.36"
119.15.97.138 - - [21/Jun/2016:16:21:45 +1000] "GET /layerslider/css/layerslider.css HTTP/1.1" 200 3040 "http://www.linkservices.com.au/" "Mozilla/5.0 (Windows NT 6.1; WOW64) AppleWebKit/537.36 (KHTML, like Gecko) Chrome/51.0.2704.103 Safari/537.36"
119.15.97.138 - - [21/Jun/2016:16:21:45 +1000] "GET /css/magnific-popup.css HTTP/1.1" 200 1896 "http://www.linkservices.com.au/" "Mozilla/5.0 (Windows NT 6.1; WOW64) AppleWebKit/537.36 (KHTML, like Gecko) Chrome/51.0.2704.103 Safari/537.36"
119.15.97.138 - - [21/Jun/2016:16:21:45 +1000] "GET /css/animate.css HTTP/1.1" 200 5119 "http://www.linkservices.com.au/" "Mozilla/5.0 (Windows NT 6.1; WOW64) AppleWebKit/537.36 (KHTML, like Gecko) Chrome/51.0.2704.103 Safari/537.36"
119.15.97.138 - - [21/Jun/2016:16:21:45 +1000] "GET /css/font-awesome.min.css HTTP/1.1" 200 4698 "http://www.linkservices.com.au/" "Mozilla/5.0 (Windows NT 6.1; WOW64) AppleWebKit/537.36 (KHTML, like Gecko) Chrome/51.0.2704.103 Safari/537.36"
119.15.97.138 - - [21/Jun/2016:16:21:45 +1000] "GET /css/entypo.css HTTP/1.1" 200 2639 "http://www.linkservices.com.au/" "Mozilla/5.0 (Windows NT 6.1; WOW64) AppleWebKit/537.36 (KHTML, like Gecko) Chrome/51.0.2704.103 Safari/537.36"
119.15.97.138 - - [21/Jun/2016:16:21:45 +1000] "GET /css/typicons.min.css HTTP/1.1" 200 2634 "http://www.linkservices.com.au/" "Mozilla/5.0 (Windows NT 6.1; WOW64) AppleWebKit/537.36 (KHTML, like Gecko) Chrome/51.0.2704.103 Safari/537.36"
119.15.97.138 - - [21/Jun/2016:16:21:45 +1000] "GET /rs-plugin/css/settings.css HTTP/1.1" 200 7988 "http://www.linkservices.com.au/" "Mozilla/5.0 (Windows NT 6.1; WOW64) AppleWebKit/537.36 (KHTML, like Gecko) Chrome/51.0.2704.103 Safari/537.36"
119.15.97.138 - - [21/Jun/2016:16:21:45 +1000] "GET /masterslider/style/masterslider.css HTTP/1.1" 200 1960 "http://www.linkservices.com.au/" "Mozilla/5.0 (Windows NT 6.1; WOW64) AppleWebKit/537.36 (KHTML, like Gecko) Chrome/51.0.2704.103 Safari/537.36"
119.15.97.138 - - [21/Jun/2016:16:21:45 +1000] "GET /masterslider/skins/default/style.css HTTP/1.1" 200 975 "http://www.linkservices.com.au/" "Mozilla/5.0 (Windows NT 6.1; WOW64) AppleWebKit/537.36 (KHTML, like Gecko) Chrome/51.0.2704.103 Safari/537.36"
66.249.79.129 - - [21/Jun/2016:07:47:51 +1000] "GET / HTTP/1.1" 200 6133 "-" "Mozilla/5.0 (compatible; Googlebot/2.1; +http://www.google.com/bot.html)"
27.33.67.91 - - [21/Jun/2016:09:48:47 +1000] "GET /css/bootstrap.css HTTP/1.1" 200 16472 "http://www.linkservices.com.au/contact.html" "Mozilla/5.0 (Windows NT 6.1; WOW64; Trident/7.0; rv:11.0) like Gecko"
27.33.67.91 - - [21/Jun/2016:09:48:47 +1000] "GET /masterslider/skins/default/style.css HTTP/1.1" 200 975 "http://www.linkservices.com.au/contact.html" "Mozilla/5.0 (Windows NT 6.1; WOW64; Trident/7.0; rv:11.0) like Gecko"
27.33.67.91 - - [21/Jun/2016:09:48:47 +1000] "GET /js/tinynav.min.js HTTP/1.1" 200 482 "http://www.linkservices.com.au/contact.html" "Mozilla/5.0 (Windows NT 6.1; WOW64; Trident/7.0; rv:11.0) like Gecko"
27.33.67.91 - - [21/Jun/2016:09:48:47 +1000] "GET /js/jquery.magnific-popup.min.js HTTP/1.1" 200 7493 "http://www.linkservices.com.au/contact.html" "Mozilla/5.0 (Windows NT 6.1; WOW64; Trident/7.0; rv:11.0) like Gecko"
27.33.67.91 - - [21/Jun/2016:09:48:47 +1000] "GET /js/jquery.refineslide.js HTTP/1.1" 200 7184 "http://www.linkservices.com.au/contact.html" "Mozilla/5.0 (Windows NT 6.1; WOW64; Trident/7.0; rv:11.0) like Gecko"
27.33.67.91 - - [21/Jun/2016:09:48:47 +1000] "GET /masterslider/masterslider.js HTTP/1.1" 200 36146 "http://www.linkservices.com.au/contact.html" "Mozilla/5.0 (Windows NT 6.1; WOW64; Trident/7.0; rv:11.0) like Gecko"
27.33.67.91 - - [21/Jun/2016:09:48:48 +1000] "GET /fonts/fontawesome-webfont.eot? HTTP/1.1" 200 72449 "http://www.linkservices.com.au/contact.html" "Mozilla/5.0 (Windows NT 6.1; WOW64; Trident/7.0; rv:11.0) like Gecko"
27.33.67.91 - - [21/Jun/2016:09:48:50 +1000] "HEAD /img/logo@2x.png HTTP/1.1" 404 - "http://www.linkservices.com.au/contact.html" "Mozilla/5.0 (Windows NT 6.1; WOW64; Trident/7.0; rv:11.0) like Gecko"
101.177.239.233 - - [21/Jun/2016:14:59:08 +1000] "GET /faq.html HTTP/1.1" 200 9037 "http://www.linkservices.com.au/" "Mozilla/5.0 (Windows NT 10.0; Win64; x64) AppleWebKit/537.36 (KHTML, like Gecko) Chrome/46.0.2486.0 Safari/537.36 Edge/13.10586"
101.177.239.233 - - [21/Jun/2016:14:59:09 +1000] "HEAD /img/logo@2x.png HTTP/1.1" 404 - "http://www.linkservices.com.au/faq.html" "Mozilla/5.0 (Windows NT 10.0; Win64; x64) AppleWebKit/537.36 (KHTML, like Gecko) Chrome/46.0.2486.0 Safari/537.36 Edge/13.10586"
119.15.97.138 - - [21/Jun/2016:16:21:46 +1000] "GET /js/animate.js HTTP/1.1" 200 311 "http://www.linkservices.com.au/" "Mozilla/5.0 (Windows NT 6.1; WOW64) AppleWebKit/537.36 (KHTML, like Gecko) Chrome/51.0.2704.103 Safari/537.36"
119.15.97.138 - - [21/Jun/2016:16:21:46 +1000] "GET /js/jquery.isotope.min.js HTTP/1.1" 200 5000 "http://www.linkservices.com.au/" "Mozilla/5.0 (Windows NT 6.1; WOW64) AppleWebKit/537.36 (KHTML, like Gecko) Chrome/51.0.2704.103 Safari/537.36"
119.15.97.138 - - [21/Jun/2016:16:21:46 +1000] "GET /js/scale.fix.js HTTP/1.1" 200 279 "http://www.linkservices.com.au/" "Mozilla/5.0 (Windows NT 6.1; WOW64) AppleWebKit/537.36 (KHTML, like Gecko) Chrome/51.0.2704.103 Safari/537.36"
119.15.97.138 - - [21/Jun/2016:16:21:46 +1000] "GET /layerslider/js/greensock.js HTTP/1.1" 200 24583 "http://www.linkservices.com.au/" "Mozilla/5.0 (Windows NT 6.1; WOW64) AppleWebKit/537.36 (KHTML, like Gecko) Chrome/51.0.2704.103 Safari/537.36"
119.15.97.138 - - [21/Jun/2016:16:21:46 +1000] "GET /masterslider/masterslider.js HTTP/1.1" 200 36146 "http://www.linkservices.com.au/" "Mozilla/5.0 (Windows NT 6.1; WOW64) AppleWebKit/537.36 (KHTML, like Gecko) Chrome/51.0.2704.103 Safari/537.36"
131.253.25.211 - - [21/Jun/2016:02:29:56 +1000] "GET /css/font-awesome.min.css HTTP/1.1" 200 4698 "http://www.linkservices.com.au/portal.html" "Mozilla/5.0 (Windows NT 6.1; WOW64) AppleWebKit/534+ (KHTML, like Gecko) BingPreview/1.0b"
131.253.25.211 - - [21/Jun/2016:02:29:57 +1000] "GET /img/logo.png HTTP/1.1" 200 5688 "http://www.linkservices.com.au/portal.html" "Mozilla/5.0 (Windows NT 6.1; WOW64) AppleWebKit/534+ (KHTML, like Gecko) BingPreview/1.0b"
131.253.25.211 - - [21/Jun/2016:02:29:57 +1000] "GET /js/jquery.magnific-popup.min.js HTTP/1.1" 200 7493 "http://www.linkservices.com.au/portal.html" "Mozilla/5.0 (Windows NT 6.1; WOW64) AppleWebKit/534+ (KHTML, like Gecko) BingPreview/1.0b"
131.253.25.211 - - [21/Jun/2016:02:29:58 +1000] "GET /js/jquery.flexslider-min.js HTTP/1.1" 200 5268 "http://www.linkservices.com.au/portal.html" "Mozilla/5.0 (Windows NT 6.1; WOW64) AppleWebKit/534+ (KHTML, like Gecko) BingPreview/1.0b"
131.253.25.211 - - [21/Jun/2016:02:29:58 +1000] "GET /js/jquery.refineslide.js HTTP/1.1" 200 7184 "http://www.linkservices.com.au/portal.html" "Mozilla/5.0 (Windows NT 6.1; WOW64) AppleWebKit/534+ (KHTML, like Gecko) BingPreview/1.0b"
131.253.25.211 - - [21/Jun/2016:02:29:58 +1000] "GET /rs-plugin/js/jquery.themepunch.revolution.min.js HTTP/1.1" 200 24288 "http://www.linkservices.com.au/portal.html" "Mozilla/5.0 (Windows NT 6.1; WOW64) AppleWebKit/534+ (KHTML, like Gecko) BingPreview/1.0b"
27.33.67.91 - - [21/Jun/2016:09:48:47 +1000] "GET /css/magnific-popup.css HTTP/1.1" 200 1896 "http://www.linkservices.com.au/contact.html" "Mozilla/5.0 (Windows NT 6.1; WOW64; Trident/7.0; rv:11.0) like Gecko"
27.33.67.91 - - [21/Jun/2016:09:48:47 +1000] "GET /rs-plugin/css/settings.css HTTP/1.1" 200 7988 "http://www.linkservices.com.au/contact.html" "Mozilla/5.0 (Windows NT 6.1; WOW64; Trident/7.0; rv:11.0) like Gecko"
27.33.67.91 - - [21/Jun/2016:09:48:47 +1000] "GET /js/jquery-1.10.2.js HTTP/1.1" 200 32811 "http://www.linkservices.com.au/contact.html" "Mozilla/5.0 (Windows NT 6.1; WOW64; Trident/7.0; rv:11.0) like Gecko"
27.33.67.91 - - [21/Jun/2016:09:48:47 +1000] "GET /js/respond.min.js HTTP/1.1" 200 2061 "http://www.linkservices.com.au/contact.html" "Mozilla/5.0 (Windows NT 6.1; WOW64; Trident/7.0; rv:11.0) like Gecko"
27.33.67.91 - - [21/Jun/2016:09:48:47 +1000] "GET /layerslider/js/layerslider.kreaturamedia.jquery.js HTTP/1.1" 200 19760 "http://www.linkservices.com.au/contact.html" "Mozilla/5.0 (Windows NT 6.1; WOW64; Trident/7.0; rv:11.0) like Gecko"
27.33.67.91 - - [21/Jun/2016:09:48:47 +1000] "GET /img/logo.png HTTP/1.1" 200 5688 "http://www.linkservices.com.au/contact.html" "Mozilla/5.0 (Windows NT 6.1; WOW64; Trident/7.0; rv:11.0) like Gecko"
27.33.67.91 - - [21/Jun/2016:09:48:47 +1000] "GET /img/logo_white.png HTTP/1.1" 200 9781 "http://www.linkservices.com.au/contact.html" "Mozilla/5.0 (Windows NT 6.1; WOW64; Trident/7.0; rv:11.0) like Gecko"
68.180.230.165 - - [21/Jun/2016:10:20:39 +1000] "GET / HTTP/1.1" 304 - "-" "Mozilla/5.0 (compatible; Yahoo! Slurp; http://help.yahoo.com/help/us/ysearch/slurp)"
40.77.167.84 - - [21/Jun/2016:01:28:57 +1000] "GET /js/jquery.easing.js HTTP/1.1" 200 1984 "-" "Mozilla/5.0 (compatible; bingbot/2.0; +http://www.bing.com/bingbot.htm)"
40.77.167.84 - - [21/Jun/2016:01:28:57 +1000] "GET /js/jquery.fitvids.js HTTP/1.1" 200 1200 "-" "Mozilla/5.0 (compatible; bingbot/2.0; +http://www.bing.com/bingbot.htm)"
40.77.167.84 - - [21/Jun/2016:01:28:57 +1000] "GET /js/modernizr.js HTTP/1.1" 200 6139 "-" "Mozilla/5.0 (compatible; bingbot/2.0; +http://www.bing.com/bingbot.htm)"
52.40.115.108 - - [21/Jun/2016:13:19:05 +1000] "GET /contact.html HTTP/1.1" 200 20884 "-" "Mozilla/5.0 (compatible; DomainAppender /1.0; +http://www.profound.net/domainappender)"
52.40.115.108 - - [21/Jun/2016:13:19:18 +1000] "GET /faq.html HTTP/1.1" 200 38382 "-" "Mozilla/5.0 (compatible; DomainAppender /1.0; +http://www.profound.net/domainappender)"
180.76.15.15 - - [21/Jun/2016:13:20:24 +1000] "GET /js/functions.js HTTP/1.1" 200 4398 "-" "Mozilla/5.0 (compatible; Baiduspider/2.0; +http://www.baidu.com/search/spider.html)"
59.167.142.17 - - [21/Jun/2016:14:36:07 +1000] "GET /layerslider/css/layerslider.css HTTP/1.1" 200 3040 "http://www.linkservices.com.au/" "Mozilla/5.0 (Windows NT 6.1; WOW64; Trident/7.0; rv:11.0) like Gecko"
59.167.142.17 - - [21/Jun/2016:14:36:07 +1000] "GET /css/typicons.min.css HTTP/1.1" 200 2634 "http://www.linkservices.com.au/" "Mozilla/5.0 (Windows NT 6.1; WOW64; Trident/7.0; rv:11.0) like Gecko"
59.167.142.17 - - [21/Jun/2016:14:36:07 +1000] "GET /js/modernizr.js HTTP/1.1" 200 6139 "http://www.linkservices.com.au/" "Mozilla/5.0 (Windows NT 6.1; WOW64; Trident/7.0; rv:11.0) like Gecko"
59.167.142.17 - - [21/Jun/2016:14:36:07 +1000] "GET /js/animate.js HTTP/1.1" 200 311 "http://www.linkservices.com.au/" "Mozilla/5.0 (Windows NT 6.1; WOW64; Trident/7.0; rv:11.0) like Gecko"
59.167.142.17 - - [21/Jun/2016:14:36:07 +1000] "GET /js/retina.js HTTP/1.1" 200 695 "http://www.linkservices.com.au/" "Mozilla/5.0 (Windows NT 6.1; WOW64; Trident/7.0; rv:11.0) like Gecko"
59.167.142.17 - - [21/Jun/2016:14:36:07 +1000] "GET /layerslider/js/greensock.js HTTP/1.1" 200 24583 "http://www.linkservices.com.au/" "Mozilla/5.0 (Windows NT 6.1; WOW64; Trident/7.0; rv:11.0) like Gecko"
59.167.142.17 - - [21/Jun/2016:14:36:07 +1000] "GET /img/logo.png HTTP/1.1" 200 5688 "http://www.linkservices.com.au/" "Mozilla/5.0 (Windows NT 6.1; WOW64; Trident/7.0; rv:11.0) like Gecko"
59.167.142.17 - - [21/Jun/2016:14:36:07 +1000] "GET /img/divider.png HTTP/1.1" 200 2801 "http://www.linkservices.com.au/" "Mozilla/5.0 (Windows NT 6.1; WOW64; Trident/7.0; rv:11.0) like Gecko"
59.167.142.17 - - [21/Jun/2016:14:36:09 +1000] "GET /masterslider/skins/default/light-skin-1.png HTTP/1.1" 200 4267 "http://www.linkservices.com.au/" "Mozilla/5.0 (Windows NT 6.1; WOW64; Trident/7.0; rv:11.0) like Gecko"
121.127.197.23 - - [21/Jun/2016:09:18:36 +1000] "GET /css/bootstrap.css HTTP/1.1" 200 16472 "http://www.linkservices.com.au/" "Mozilla/5.0 (Windows NT 6.1; WOW64) AppleWebKit/537.36 (KHTML, like Gecko) Chrome/51.0.2704.103 Safari/537.36"
121.127.197.23 - - [21/Jun/2016:09:18:36 +1000] "GET /js/modernizr.js HTTP/1.1" 200 6139 "http://www.linkservices.com.au/" "Mozilla/5.0 (Windows NT 6.1; WOW64) AppleWebKit/537.36 (KHTML, like Gecko) Chrome/51.0.2704.103 Safari/537.36"
121.127.197.23 - - [21/Jun/2016:09:18:37 +1000] "GET /layerslider/js/layerslider.transitions.js HTTP/1.1" 200 3195 "http://www.linkservices.com.au/" "Mozilla/5.0 (Windows NT 6.1; WOW64) AppleWebKit/537.36 (KHTML, like Gecko) Chrome/51.0.2704.103 Safari/537.36"
121.127.197.23 - - [21/Jun/2016:09:18:37 +1000] "GET /js/functions.js HTTP/1.1" 200 4398 "http://www.linkservices.com.au/" "Mozilla/5.0 (Windows NT 6.1; WOW64) AppleWebKit/537.36 (KHTML, like Gecko) Chrome/51.0.2704.103 Safari/537.36"
121.127.197.23 - - [21/Jun/2016:09:18:37 +1000] "GET /img/logo_white.png HTTP/1.1" 200 9781 "http://www.linkservices.com.au/" "Mozilla/5.0 (Windows NT 6.1; WOW64) AppleWebKit/537.36 (KHTML, like Gecko) Chrome/51.0.2704.103 Safari/537.36"
121.127.197.23 - - [21/Jun/2016:09:18:38 +1000] "GET /img/parallax/02.jpg HTTP/1.1" 200 651412 "http://www.linkservices.com.au/" "Mozilla/5.0 (Windows NT 6.1; WOW64) AppleWebKit/537.36 (KHTML, like Gecko) Chrome/51.0.2704.103 Safari/537.36"
121.127.197.23 - - [21/Jun/2016:09:18:40 +1000] "GET /masterslider/style/loading-2.gif HTTP/1.1" 200 2707 "http://www.linkservices.com.au/masterslider/style/masterslider.css" "Mozilla/5.0 (Windows NT 6.1; WOW64) AppleWebKit/537.36 (KHTML, like Gecko) Chrome/51.0.2704.103 Safari/537.36"
121.127.197.23 - - [21/Jun/2016:09:18:41 +1000] "GET /masterslider/skins/default/light-skin-1.png HTTP/1.1" 200 4267 "http://www.linkservices.com.au/masterslider/skins/default/style.css" "Mozilla/5.0 (Windows NT 6.1; WOW64) AppleWebKit/537.36 (KHTML, like Gecko) Chrome/51.0.2704.103 Safari/537.36"
121.127.197.23 - - [21/Jun/2016:09:18:41 +1000] "GET /img/masterslider/01.jpg HTTP/1.1" 200 766148 "http://www.linkservices.com.au/" "Mozilla/5.0 (Windows NT 6.1; WOW64) AppleWebKit/537.36 (KHTML, like Gecko) Chrome/51.0.2704.103 Safari/537.36"
121.127.197.23 - - [21/Jun/2016:09:18:42 +1000] "GET /img/favicon.png HTTP/1.1" 200 463 "http://www.linkservices.com.au/" "Mozilla/5.0 (Windows NT 6.1; WOW64) AppleWebKit/537.36 (KHTML, like Gecko) Chrome/51.0.2704.103 Safari/537.36"
52.32.92.41 - - [21/Jun/2016:11:43:44 +1000] "GET /contact.html HTTP/1.1" 200 20884 "-" "Mozilla/5.0 (compatible; DomainAppender /1.0; +http://www.profound.net/domainappender)"
101.177.239.233 - - [21/Jun/2016:14:58:45 +1000] "GET /img/favicon.png HTTP/1.1" 200 463 "-" "Mozilla/5.0 (Windows NT 10.0; Win64; x64) AppleWebKit/537.36 (KHTML, like Gecko) Chrome/46.0.2486.0 Safari/537.36 Edge/13.10586"
101.177.239.233 - - [21/Jun/2016:15:00:54 +1000] "HEAD /img/masterslider/01@2x.jpg HTTP/1.1" 404 - "http://www.linkservices.com.au/quote.html" "Mozilla/5.0 (Windows NT 10.0; Win64; x64) AppleWebKit/537.36 (KHTML, like Gecko) Chrome/46.0.2486.0 Safari/537.36 Edge/13.10586"
101.177.239.233 - - [21/Jun/2016:15:00:55 +1000] "HEAD /img/masterslider/03@2x.jpg HTTP/1.1" 404 - "http://www.linkservices.com.au/faq.html" "Mozilla/5.0 (Windows NT 10.0; Win64; x64) AppleWebKit/537.36 (KHTML, like Gecko) Chrome/46.0.2486.0 Safari/537.36 Edge/13.10586"
101.177.239.233 - - [21/Jun/2016:15:00:56 +1000] "HEAD /img/masterslider/04@2x.jpg HTTP/1.1" 404 - "http://www.linkservices.com.au/" "Mozilla/5.0 (Windows NT 10.0; Win64; x64) AppleWebKit/537.36 (KHTML, like Gecko) Chrome/46.0.2486.0 Safari/537.36 Edge/13.10586"
121.127.197.23 - - [21/Jun/2016:09:18:37 +1000] "GET /js/scale.fix.js HTTP/1.1" 200 279 "http://www.linkservices.com.au/" "Mozilla/5.0 (Windows NT 6.1; WOW64) AppleWebKit/537.36 (KHTML, like Gecko) Chrome/51.0.2704.103 Safari/537.36"
121.127.197.23 - - [21/Jun/2016:09:18:37 +1000] "GET /js/jquery.countdown.js HTTP/1.1" 200 1155 "http://www.linkservices.com.au/" "Mozilla/5.0 (Windows NT 6.1; WOW64) AppleWebKit/537.36 (KHTML, like Gecko) Chrome/51.0.2704.103 Safari/537.36"
121.127.197.23 - - [21/Jun/2016:09:18:37 +1000] "GET /js/jquery.flexslider-min.js HTTP/1.1" 200 5268 "http://www.linkservices.com.au/" "Mozilla/5.0 (Windows NT 6.1; WOW64) AppleWebKit/537.36 (KHTML, like Gecko) Chrome/51.0.2704.103 Safari/537.36"
121.127.197.23 - - [21/Jun/2016:09:18:37 +1000] "GET /js/jquery.refineslide.js HTTP/1.1" 200 7184 "http://www.linkservices.com.au/" "Mozilla/5.0 (Windows NT 6.1; WOW64) AppleWebKit/537.36 (KHTML, like Gecko) Chrome/51.0.2704.103 Safari/537.36"
121.127.197.23 - - [21/Jun/2016:09:18:37 +1000] "GET /layerslider/js/greensock.js HTTP/1.1" 200 24583 "http://www.linkservices.com.au/" "Mozilla/5.0 (Windows NT 6.1; WOW64) AppleWebKit/537.36 (KHTML, like Gecko) Chrome/51.0.2704.103 Safari/537.36"
121.127.197.23 - - [21/Jun/2016:09:18:37 +1000] "GET /masterslider/blank.gif HTTP/1.1" 200 43 "http://www.linkservices.com.au/" "Mozilla/5.0 (Windows NT 6.1; WOW64) AppleWebKit/537.36 (KHTML, like Gecko) Chrome/51.0.2704.103 Safari/537.36"
27.33.67.91 - - [21/Jun/2016:09:48:47 +1000] "GET /css/font-awesome.min.css HTTP/1.1" 200 4698 "http://www.linkservices.com.au/contact.html" "Mozilla/5.0 (Windows NT 6.1; WOW64; Trident/7.0; rv:11.0) like Gecko"
27.33.67.91 - - [21/Jun/2016:09:48:47 +1000] "GET /css/flexslider.css HTTP/1.1" 200 1097 "http://www.linkservices.com.au/contact.html" "Mozilla/5.0 (Windows NT 6.1; WOW64; Trident/7.0; rv:11.0) like Gecko"
27.33.67.91 - - [21/Jun/2016:09:48:47 +1000] "GET /js/bootstrap.js HTTP/1.1" 200 11112 "http://www.linkservices.com.au/contact.html" "Mozilla/5.0 (Windows NT 6.1; WOW64; Trident/7.0; rv:11.0) like Gecko"
27.33.67.91 - - [21/Jun/2016:09:48:47 +1000] "GET /js/jquery.fitvids.js HTTP/1.1" 200 1200 "http://www.linkservices.com.au/contact.html" "Mozilla/5.0 (Windows NT 6.1; WOW64; Trident/7.0; rv:11.0) like Gecko"
27.33.67.91 - - [21/Jun/2016:09:48:47 +1000] "GET /js/scale.fix.js HTTP/1.1" 200 279 "http://www.linkservices.com.au/contact.html" "Mozilla/5.0 (Windows NT 6.1; WOW64; Trident/7.0; rv:11.0) like Gecko"
27.33.67.91 - - [21/Jun/2016:09:48:47 +1000] "GET /layerslider/js/layerslider.transitions.js HTTP/1.1" 200 3195 "http://www.linkservices.com.au/contact.html" "Mozilla/5.0 (Windows NT 6.1; WOW64; Trident/7.0; rv:11.0) like Gecko"
27.33.67.91 - - [21/Jun/2016:09:48:47 +1000] "GET /js/functions.js HTTP/1.1" 200 4398 "http://www.linkservices.com.au/contact.html" "Mozilla/5.0 (Windows NT 6.1; WOW64; Trident/7.0; rv:11.0) like Gecko"
203.33.171.246 - - [21/Jun/2016:16:01:05 +1000] "GET / HTTP/1.1" 206 22509 "-" "Mozilla/5.0 (Windows; U; Windows NT 6.0; en-US) AppleWebKit/532.5 (KHTML, like Gecko) Chrome/4.1.249.1025 Safari/532.5"
108.171.134.165 - - [21/Jun/2016:16:30:17 +1000] "GET /css/entypo.css HTTP/1.1" 200 2639 "http://www.linkservices.com.au/" "Mozilla/5.0 (Windows NT 6.1; Trident/7.0; rv:11.0) like Gecko"
108.171.134.165 - - [21/Jun/2016:16:30:17 +1000] "GET /css/refineslide.css HTTP/1.1" 200 806 "http://www.linkservices.com.au/" "Mozilla/5.0 (Windows NT 6.1; Trident/7.0; rv:11.0) like Gecko"
59.100.224.110 - - [21/Jun/2016:13:04:48 +1000] "GET /fonts/typicons.woff HTTP/1.1" 200 60464 "http://www.linkservices.com.au/css/typicons.min.css" "Mozilla/5.0 (Windows NT 6.1; Win64; x64) AppleWebKit/537.36 (KHTML, like Gecko) Chrome/50.0.2661.102 Safari/537.36"
59.100.224.110 - - [21/Jun/2016:13:04:49 +1000] "GET /img/masterslider/01.jpg HTTP/1.1" 200 766148 "http://www.linkservices.com.au/" "Mozilla/5.0 (Windows NT 6.1; Win64; x64) AppleWebKit/537.36 (KHTML, like Gecko) Chrome/50.0.2661.102 Safari/537.36"
59.100.224.110 - - [21/Jun/2016:13:04:52 +1000] "GET /img/masterslider/03.jpg HTTP/1.1" 200 1187289 "http://www.linkservices.com.au/" "Mozilla/5.0 (Windows NT 6.1; Win64; x64) AppleWebKit/537.36 (KHTML, like Gecko) Chrome/50.0.2661.102 Safari/537.36"
59.100.224.110 - - [21/Jun/2016:13:04:54 +1000] "GET /img/masterslider/02.jpg HTTP/1.1" 200 589463 "http://www.linkservices.com.au/" "Mozilla/5.0 (Windows NT 6.1; Win64; x64) AppleWebKit/537.36 (KHTML, like Gecko) Chrome/50.0.2661.102 Safari/537.36"
59.100.224.110 - - [21/Jun/2016:13:05:09 +1000] "GET /faq.html HTTP/1.1" 200 9037 "http://www.linkservices.com.au/" "Mozilla/5.0 (Windows NT 6.1; Win64; x64) AppleWebKit/537.36 (KHTML, like Gecko) Chrome/50.0.2661.102 Safari/537.36"
101.177.239.233 - - [21/Jun/2016:14:59:48 +1000] "HEAD /img/logo_white@2x.png HTTP/1.1" 404 - "http://www.linkservices.com.au/quote.html" "Mozilla/5.0 (Windows NT 10.0; Win64; x64) AppleWebKit/537.36 (KHTML, like Gecko) Chrome/46.0.2486.0 Safari/537.36 Edge/13.10586"
121.127.197.23 - - [21/Jun/2016:09:18:36 +1000] "GET /css/styles.css HTTP/1.1" 200 11528 "http://www.linkservices.com.au/" "Mozilla/5.0 (Windows NT 6.1; WOW64) AppleWebKit/537.36 (KHTML, like Gecko) Chrome/51.0.2704.103 Safari/537.36"
121.127.197.23 - - [21/Jun/2016:09:18:36 +1000] "GET /css/font-awesome.min.css HTTP/1.1" 200 4698 "http://www.linkservices.com.au/" "Mozilla/5.0 (Windows NT 6.1; WOW64) AppleWebKit/537.36 (KHTML, like Gecko) Chrome/51.0.2704.103 Safari/537.36"
121.127.197.23 - - [21/Jun/2016:09:18:36 +1000] "GET /masterslider/style/masterslider.css HTTP/1.1" 200 1960 "http://www.linkservices.com.au/" "Mozilla/5.0 (Windows NT 6.1; WOW64) AppleWebKit/537.36 (KHTML, like Gecko) Chrome/51.0.2704.103 Safari/537.36"
121.127.197.23 - - [21/Jun/2016:09:18:37 +1000] "GET /masterslider/masterslider.js HTTP/1.1" 200 36146 "http://www.linkservices.com.au/" "Mozilla/5.0 (Windows NT 6.1; WOW64) AppleWebKit/537.36 (KHTML, like Gecko) Chrome/51.0.2704.103 Safari/537.36"
121.127.197.23 - - [21/Jun/2016:09:18:38 +1000] "GET /fonts/typicons.woff HTTP/1.1" 200 60464 "http://www.linkservices.com.au/css/typicons.min.css" "Mozilla/5.0 (Windows NT 6.1; WOW64) AppleWebKit/537.36 (KHTML, like Gecko) Chrome/51.0.2704.103 Safari/537.36"
121.127.197.23 - - [21/Jun/2016:09:18:41 +1000] "GET /masterslider/style/grab.png HTTP/1.1" 200 2893 "http://www.linkservices.com.au/masterslider/style/masterslider.css" "Mozilla/5.0 (Windows NT 6.1; WOW64) AppleWebKit/537.36 (KHTML, like Gecko) Chrome/51.0.2704.103 Safari/537.36"
64.235.154.140 - - [21/Jun/2016:12:09:36 +1000] "GET / HTTP/1.0" 200 22509 "-" "Mozilla/4.0 (compatible; MSIE 8.0; Windows NT 6.1; WOW64; Trident/4.0; SLCC2; .NET CLR 2.0.50727; .NET CLR 3.5.30729; .NET CLR 3.0.30729)"
37.187.56.66 - - [21/Jun/2016:14:50:45 +1000] "GET /services.html HTTP/1.1" 404 286 "-" "Mozilla/5.0 (X11; Linux i586; rv:31.0) Gecko/20100101 Firefox/31.0"
37.187.56.66 - - [21/Jun/2016:14:50:46 +1000] "GET /www.linkservices.com.au HTTP/1.1" 404 296 "-" "Mozilla/5.0 (X11; Linux i586; rv:31.0) Gecko/20100101 Firefox/31.0"
119.15.97.138 - - [21/Jun/2016:16:21:46 +1000] "GET /js/jquery.easing.js HTTP/1.1" 200 1984 "http://www.linkservices.com.au/" "Mozilla/5.0 (Windows NT 6.1; WOW64) AppleWebKit/537.36 (KHTML, like Gecko) Chrome/51.0.2704.103 Safari/537.36"
119.15.97.138 - - [21/Jun/2016:16:21:46 +1000] "GET /js/jquery.parallax-1.1.3.js HTTP/1.1" 200 822 "http://www.linkservices.com.au/" "Mozilla/5.0 (Windows NT 6.1; WOW64) AppleWebKit/537.36 (KHTML, like Gecko) Chrome/51.0.2704.103 Safari/537.36"
119.15.97.138 - - [21/Jun/2016:16:21:46 +1000] "GET /js/respond.min.js HTTP/1.1" 200 2061 "http://www.linkservices.com.au/" "Mozilla/5.0 (Windows NT 6.1; WOW64) AppleWebKit/537.36 (KHTML, like Gecko) Chrome/51.0.2704.103 Safari/537.36"
