203.6.69.2 - - [18/Jun/2016:00:35:45 +1000] "GET /css/typicons.min.css HTTP/1.1" 304 - "-" "Mozilla/4.0 (compatible;)"
69.58.178.56 - - [18/Jun/2016:00:31:51 +1000] "GET /robots.txt HTTP/1.1" 404 283 "-" "Mozilla/5.0 (X11; Ubuntu; Linux i686; rv:14.0; ips-agent) Gecko/20100101 Firefox/14.0.1"
69.58.178.56 - - [18/Jun/2016:00:31:52 +1000] "GET / HTTP/1.1" 200 22509 "-" "Mozilla/5.0 (X11; Ubuntu; Linux i686; rv:14.0; ips-agent) Gecko/20100101 Firefox/14.0.1"
69.58.178.56 - - [18/Jun/2016:00:31:54 +1000] "GET /contact.html HTTP/1.1" 200 20884 "-" "Mozilla/5.0 (X11; Ubuntu; Linux i686; rv:14.0; ips-agent) Gecko/20100101 Firefox/14.0.1"
69.58.178.56 - - [18/Jun/2016:00:31:55 +1000] "GET /services.html HTTP/1.1" 404 286 "-" "Mozilla/5.0 (X11; Ubuntu; Linux i686; rv:14.0; ips-agent) Gecko/20100101 Firefox/14.0.1"
69.58.178.56 - - [18/Jun/2016:00:31:56 +1000] "GET /www.linkservices.com.au HTTP/1.1" 404 296 "-" "Mozilla/5.0 (X11; Ubuntu; Linux i686; rv:14.0; ips-agent) Gecko/20100101 Firefox/14.0.1"
69.58.178.56 - - [18/Jun/2016:00:31:58 +1000] "GET /index.html HTTP/1.1" 200 22509 "-" "Mozilla/5.0 (X11; Ubuntu; Linux i686; rv:14.0; ips-agent) Gecko/20100101 Firefox/14.0.1"
69.58.178.56 - - [18/Jun/2016:00:31:59 +1000] "GET /tips.html HTTP/1.1" 200 22892 "-" "Mozilla/5.0 (X11; Ubuntu; Linux i686; rv:14.0; ips-agent) Gecko/20100101 Firefox/14.0.1"
69.58.178.56 - - [18/Jun/2016:00:32:01 +1000] "GET /faq.html HTTP/1.1" 200 38382 "-" "Mozilla/5.0 (X11; Ubuntu; Linux i686; rv:14.0; ips-agent) Gecko/20100101 Firefox/14.0.1"
69.58.178.56 - - [18/Jun/2016:00:32:02 +1000] "GET /portal.html HTTP/1.1" 200 17123 "-" "Mozilla/5.0 (X11; Ubuntu; Linux i686; rv:14.0; ips-agent) Gecko/20100101 Firefox/14.0.1"
69.58.178.56 - - [18/Jun/2016:00:32:04 +1000] "GET /quote.html HTTP/1.1" 200 25349 "-" "Mozilla/5.0 (X11; Ubuntu; Linux i686; rv:14.0; ips-agent) Gecko/20100101 Firefox/14.0.1"
158.69.59.56 - - [18/Jun/2016:01:25:12 +1000] "GET / HTTP/1.1" 200 6133 "-" "MetaCommentBot; http://metacomment.io/about"
66.249.79.242 - - [18/Jun/2016:01:22:25 +1000] "GET /robots.txt HTTP/1.1" 404 232 "-" "Mozilla/5.0 (compatible; Googlebot/2.1; +http://www.google.com/bot.html)"
66.249.79.242 - - [18/Jun/2016:01:22:25 +1000] "GET /contact.html HTTP/1.1" 200 5005 "-" "Mozilla/5.0 (Linux; Android 6.0.1; Nexus 5X Build/MMB29P) AppleWebKit/537.36 (KHTML, like Gecko) Chrome/41.0.2272.96 Mobile Safari/537.36 (compatible; Googlebot/2.1; +http://www.google.com/bot.html)"
180.76.15.144 - - [18/Jun/2016:01:42:43 +1000] "GET / HTTP/1.1" 200 6133 "-" "Mozilla/5.0 (compatible; Baiduspider/2.0; +http://www.baidu.com/search/spider.html)"
195.154.211.183 - - [18/Jun/2016:07:05:45 +1000] "GET /wp-login.php HTTP/1.0" 404 285 "-" "Mozilla/5.0 (Windows NT 6.1) AppleWebKit/537.36 (KHTML, like Gecko) Chrome/41.0.2228.0 Safari/537.36"
66.249.79.129 - - [18/Jun/2016:06:44:54 +1000] "GET / HTTP/1.1" 200 6133 "-" "Mozilla/5.0 (compatible; Googlebot/2.1; +http://www.google.com/bot.html)"
49.195.20.161 - - [18/Jun/2016:09:50:15 +1000] "GET /css/animate.css HTTP/1.1" 200 5119 "http://www.linkservices.com.au/" "Mozilla/5.0 (Windows NT 6.1; WOW64) AppleWebKit/537.36 (KHTML, like Gecko) Chrome/51.0.2704.84 Safari/537.36"
49.195.20.161 - - [18/Jun/2016:09:50:16 +1000] "GET /js/jquery-1.10.2.js HTTP/1.1" 200 32811 "http://www.linkservices.com.au/" "Mozilla/5.0 (Windows NT 6.1; WOW64) AppleWebKit/537.36 (KHTML, like Gecko) Chrome/51.0.2704.84 Safari/537.36"
49.195.20.161 - - [18/Jun/2016:09:50:16 +1000] "GET /js/bootstrap.js HTTP/1.1" 200 11112 "http://www.linkservices.com.au/" "Mozilla/5.0 (Windows NT 6.1; WOW64) AppleWebKit/537.36 (KHTML, like Gecko) Chrome/51.0.2704.84 Safari/537.36"
49.195.20.161 - - [18/Jun/2016:09:50:16 +1000] "GET /fonts/fontawesome-webfont.woff?v=4.1.0 HTTP/1.1" 200 83760 "http://www.linkservices.com.au/css/font-awesome.min.css" "Mozilla/5.0 (Windows NT 6.1; WOW64) AppleWebKit/537.36 (KHTML, like Gecko) Chrome/51.0.2704.84 Safari/537.36"
49.195.20.161 - - [18/Jun/2016:09:50:17 +1000] "GET /js/scale.fix.js HTTP/1.1" 200 279 "http://www.linkservices.com.au/" "Mozilla/5.0 (Windows NT 6.1; WOW64) AppleWebKit/537.36 (KHTML, like Gecko) Chrome/51.0.2704.84 Safari/537.36"
49.195.20.161 - - [18/Jun/2016:09:50:17 +1000] "GET /layerslider/js/layerslider.transitions.js HTTP/1.1" 200 3195 "http://www.linkservices.com.au/" "Mozilla/5.0 (Windows NT 6.1; WOW64) AppleWebKit/537.36 (KHTML, like Gecko) Chrome/51.0.2704.84 Safari/537.36"
49.195.20.161 - - [18/Jun/2016:09:50:18 +1000] "GET /rs-plugin/js/jquery.themepunch.revolution.min.js HTTP/1.1" 200 24288 "http://www.linkservices.com.au/" "Mozilla/5.0 (Windows NT 6.1; WOW64) AppleWebKit/537.36 (KHTML, like Gecko) Chrome/51.0.2704.84 Safari/537.36"
49.195.20.161 - - [18/Jun/2016:09:50:18 +1000] "GET /img/parallax/02.jpg HTTP/1.1" 200 651412 "http://www.linkservices.com.au/" "Mozilla/5.0 (Windows NT 6.1; WOW64) AppleWebKit/537.36 (KHTML, like Gecko) Chrome/51.0.2704.84 Safari/537.36"
49.195.20.161 - - [18/Jun/2016:09:50:22 +1000] "GET /masterslider/style/loading-2.gif HTTP/1.1" 200 2707 "http://www.linkservices.com.au/masterslider/style/masterslider.css" "Mozilla/5.0 (Windows NT 6.1; WOW64) AppleWebKit/537.36 (KHTML, like Gecko) Chrome/51.0.2704.84 Safari/537.36"
49.195.20.161 - - [18/Jun/2016:09:50:34 +1000] "HEAD /img/masterslider/02@2x.jpg HTTP/1.1" 404 - "http://www.linkservices.com.au/" "Mozilla/5.0 (Windows NT 6.1; WOW64) AppleWebKit/537.36 (KHTML, like Gecko) Chrome/51.0.2704.84 Safari/537.36"
112.210.22.180 - - [18/Jun/2016:08:24:55 +1000] "GET /layerslider/css/layerslider.css HTTP/1.1" 200 3040 "http://www.linkservices.com.au/" "Mozilla/5.0 (Windows NT 6.1; WOW64) AppleWebKit/537.36 (KHTML, like Gecko) Chrome/51.0.2704.103 Safari/537.36"
112.210.22.180 - - [18/Jun/2016:08:24:55 +1000] "GET /css/animate.css HTTP/1.1" 200 5119 "http://www.linkservices.com.au/" "Mozilla/5.0 (Windows NT 6.1; WOW64) AppleWebKit/537.36 (KHTML, like Gecko) Chrome/51.0.2704.103 Safari/537.36"
112.210.22.180 - - [18/Jun/2016:08:24:55 +1000] "GET /masterslider/style/masterslider.css HTTP/1.1" 200 1960 "http://www.linkservices.com.au/" "Mozilla/5.0 (Windows NT 6.1; WOW64) AppleWebKit/537.36 (KHTML, like Gecko) Chrome/51.0.2704.103 Safari/537.36"
112.210.22.180 - - [18/Jun/2016:08:24:56 +1000] "GET /masterslider/blank.gif HTTP/1.1" 200 43 "http://www.linkservices.com.au/" "Mozilla/5.0 (Windows NT 6.1; WOW64) AppleWebKit/537.36 (KHTML, like Gecko) Chrome/51.0.2704.103 Safari/537.36"
112.210.22.180 - - [18/Jun/2016:08:24:56 +1000] "GET /js/tinynav.min.js HTTP/1.1" 200 482 "http://www.linkservices.com.au/" "Mozilla/5.0 (Windows NT 6.1; WOW64) AppleWebKit/537.36 (KHTML, like Gecko) Chrome/51.0.2704.103 Safari/537.36"
112.210.22.180 - - [18/Jun/2016:08:24:57 +1000] "GET /js/jquery.magnific-popup.min.js HTTP/1.1" 200 7493 "http://www.linkservices.com.au/" "Mozilla/5.0 (Windows NT 6.1; WOW64) AppleWebKit/537.36 (KHTML, like Gecko) Chrome/51.0.2704.103 Safari/537.36"
52.11.177.53 - - [18/Jun/2016:10:42:10 +1000] "GET /faq.html HTTP/1.1" 200 38382 "-" "Mozilla/5.0 (compatible; DomainAppender /1.0; +http://www.profound.net/domainappender)"
140.168.135.1 - - [18/Jun/2016:01:33:22 +1000] "GET /js/tinynav.min.js HTTP/1.1" 304 - "-" "Mozilla/4.0 (compatible;)"
67.192.51.30 - - [18/Jun/2016:05:47:18 +1000] "GET /contact.html HTTP/1.1" 200 20884 "-" "Mozilla/5.0 (Windows NT 6.2; Win64; x64) AppleWebKit/537.36 (KHTML, like Gecko) Chrome/32.0.1667.0 Safari/537.36"
203.6.69.2 - - [18/Jun/2016:06:41:53 +1000] "GET /css/animate.css HTTP/1.1" 304 - "-" "Mozilla/4.0 (compatible;)"
49.195.20.161 - - [18/Jun/2016:09:50:14 +1000] "GET / HTTP/1.1" 200 6133 "-" "Mozilla/5.0 (Windows NT 6.1; WOW64) AppleWebKit/537.36 (KHTML, like Gecko) Chrome/51.0.2704.84 Safari/537.36"
49.195.20.161 - - [18/Jun/2016:09:50:15 +1000] "GET /css/bootstrap.css HTTP/1.1" 200 16472 "http://www.linkservices.com.au/" "Mozilla/5.0 (Windows NT 6.1; WOW64) AppleWebKit/537.36 (KHTML, like Gecko) Chrome/51.0.2704.84 Safari/537.36"
49.195.20.161 - - [18/Jun/2016:09:50:15 +1000] "GET /css/magnific-popup.css HTTP/1.1" 200 1896 "http://www.linkservices.com.au/" "Mozilla/5.0 (Windows NT 6.1; WOW64) AppleWebKit/537.36 (KHTML, like Gecko) Chrome/51.0.2704.84 Safari/537.36"
49.195.20.161 - - [18/Jun/2016:09:50:15 +1000] "GET /rs-plugin/css/settings.css HTTP/1.1" 200 7988 "http://www.linkservices.com.au/" "Mozilla/5.0 (Windows NT 6.1; WOW64) AppleWebKit/537.36 (KHTML, like Gecko) Chrome/51.0.2704.84 Safari/537.36"
49.195.20.161 - - [18/Jun/2016:09:50:15 +1000] "GET /css/flexslider.css HTTP/1.1" 200 1097 "http://www.linkservices.com.au/" "Mozilla/5.0 (Windows NT 6.1; WOW64) AppleWebKit/537.36 (KHTML, like Gecko) Chrome/51.0.2704.84 Safari/537.36"
49.195.20.161 - - [18/Jun/2016:09:50:16 +1000] "GET /js/tinynav.min.js HTTP/1.1" 200 482 "http://www.linkservices.com.au/" "Mozilla/5.0 (Windows NT 6.1; WOW64) AppleWebKit/537.36 (KHTML, like Gecko) Chrome/51.0.2704.84 Safari/537.36"
49.195.20.161 - - [18/Jun/2016:09:50:16 +1000] "GET /js/jquery.isotope.min.js HTTP/1.1" 200 5000 "http://www.linkservices.com.au/" "Mozilla/5.0 (Windows NT 6.1; WOW64) AppleWebKit/537.36 (KHTML, like Gecko) Chrome/51.0.2704.84 Safari/537.36"
49.195.20.161 - - [18/Jun/2016:09:50:17 +1000] "GET /img/divider.png HTTP/1.1" 200 2801 "http://www.linkservices.com.au/css/styles.css" "Mozilla/5.0 (Windows NT 6.1; WOW64) AppleWebKit/537.36 (KHTML, like Gecko) Chrome/51.0.2704.84 Safari/537.36"
49.195.20.161 - - [18/Jun/2016:09:50:17 +1000] "GET /js/jquery.countdown.js HTTP/1.1" 200 1155 "http://www.linkservices.com.au/" "Mozilla/5.0 (Windows NT 6.1; WOW64) AppleWebKit/537.36 (KHTML, like Gecko) Chrome/51.0.2704.84 Safari/537.36"
49.195.20.161 - - [18/Jun/2016:09:50:22 +1000] "GET /masterslider/skins/default/light-skin-1.png HTTP/1.1" 200 4267 "http://www.linkservices.com.au/masterslider/skins/default/style.css" "Mozilla/5.0 (Windows NT 6.1; WOW64) AppleWebKit/537.36 (KHTML, like Gecko) Chrome/51.0.2704.84 Safari/537.36"
49.195.20.161 - - [18/Jun/2016:09:50:34 +1000] "HEAD /img/masterslider/03@2x.jpg HTTP/1.1" 404 - "http://www.linkservices.com.au/" "Mozilla/5.0 (Windows NT 6.1; WOW64) AppleWebKit/537.36 (KHTML, like Gecko) Chrome/51.0.2704.84 Safari/537.36"
49.195.20.161 - - [18/Jun/2016:09:50:34 +1000] "HEAD /img/logo_white@2x.png HTTP/1.1" 404 - "http://www.linkservices.com.au/" "Mozilla/5.0 (Windows NT 6.1; WOW64) AppleWebKit/537.36 (KHTML, like Gecko) Chrome/51.0.2704.84 Safari/537.36"
52.41.143.18 - - [18/Jun/2016:03:07:27 +1000] "GET /robots.txt HTTP/1.1" 404 283 "-" "Mozilla/5.0 (compatible; DomainAppender /1.0; +http://www.profound.net/domainappender)"
52.41.143.18 - - [18/Jun/2016:03:07:32 +1000] "GET / HTTP/1.1" 200 22509 "-" "Mozilla/5.0 (compatible; DomainAppender /1.0; +http://www.profound.net/domainappender)"
119.188.66.154 - - [18/Jun/2016:08:46:29 +1000] "GET / HTTP/1.1" 200 6133 "http://www.linkservices.com.au/" "Mozilla/5.0 (compatible; MSIE 9.0; Windows NT 6.1; Trident/5.0)"
112.210.22.180 - - [18/Jun/2016:08:24:55 +1000] "GET /css/typicons.min.css HTTP/1.1" 200 2634 "http://www.linkservices.com.au/" "Mozilla/5.0 (Windows NT 6.1; WOW64) AppleWebKit/537.36 (KHTML, like Gecko) Chrome/51.0.2704.103 Safari/537.36"
112.210.22.180 - - [18/Jun/2016:08:24:56 +1000] "GET /css/refineslide.css HTTP/1.1" 200 806 "http://www.linkservices.com.au/" "Mozilla/5.0 (Windows NT 6.1; WOW64) AppleWebKit/537.36 (KHTML, like Gecko) Chrome/51.0.2704.103 Safari/537.36"
112.210.22.180 - - [18/Jun/2016:08:24:56 +1000] "GET /js/jquery-1.10.2.js HTTP/1.1" 200 32811 "http://www.linkservices.com.au/" "Mozilla/5.0 (Windows NT 6.1; WOW64) AppleWebKit/537.36 (KHTML, like Gecko) Chrome/51.0.2704.103 Safari/537.36"
140.168.135.1 - - [18/Jun/2016:08:45:47 +1000] "GET /js/respond.min.js HTTP/1.1" 304 - "-" "Mozilla/4.0 (compatible;)"
112.210.22.180 - - [18/Jun/2016:08:24:54 +1000] "GET / HTTP/1.1" 200 6133 "https://www.google.com/" "Mozilla/5.0 (Windows NT 6.1; WOW64) AppleWebKit/537.36 (KHTML, like Gecko) Chrome/51.0.2704.103 Safari/537.36"
112.210.22.180 - - [18/Jun/2016:08:24:55 +1000] "GET /css/bootstrap.css HTTP/1.1" 200 16472 "http://www.linkservices.com.au/" "Mozilla/5.0 (Windows NT 6.1; WOW64) AppleWebKit/537.36 (KHTML, like Gecko) Chrome/51.0.2704.103 Safari/537.36"
112.210.22.180 - - [18/Jun/2016:08:24:56 +1000] "GET /masterslider/skins/default/style.css HTTP/1.1" 200 975 "http://www.linkservices.com.au/" "Mozilla/5.0 (Windows NT 6.1; WOW64) AppleWebKit/537.36 (KHTML, like Gecko) Chrome/51.0.2704.103 Safari/537.36"
112.210.22.180 - - [18/Jun/2016:08:24:56 +1000] "GET /js/jquery.easing.js HTTP/1.1" 200 1984 "http://www.linkservices.com.au/" "Mozilla/5.0 (Windows NT 6.1; WOW64) AppleWebKit/537.36 (KHTML, like Gecko) Chrome/51.0.2704.103 Safari/537.36"
112.210.22.180 - - [18/Jun/2016:08:24:56 +1000] "GET /js/jquery.isotope.min.js HTTP/1.1" 200 5000 "http://www.linkservices.com.au/" "Mozilla/5.0 (Windows NT 6.1; WOW64) AppleWebKit/537.36 (KHTML, like Gecko) Chrome/51.0.2704.103 Safari/537.36"
112.210.22.180 - - [18/Jun/2016:08:24:57 +1000] "GET /js/retina.js HTTP/1.1" 200 695 "http://www.linkservices.com.au/" "Mozilla/5.0 (Windows NT 6.1; WOW64) AppleWebKit/537.36 (KHTML, like Gecko) Chrome/51.0.2704.103 Safari/537.36"
49.195.20.161 - - [18/Jun/2016:09:50:15 +1000] "GET /layerslider/css/layerslider.css HTTP/1.1" 200 3040 "http://www.linkservices.com.au/" "Mozilla/5.0 (Windows NT 6.1; WOW64) AppleWebKit/537.36 (KHTML, like Gecko) Chrome/51.0.2704.84 Safari/537.36"
49.195.20.161 - - [18/Jun/2016:09:50:16 +1000] "GET /js/animate.js HTTP/1.1" 200 311 "http://www.linkservices.com.au/" "Mozilla/5.0 (Windows NT 6.1; WOW64) AppleWebKit/537.36 (KHTML, like Gecko) Chrome/51.0.2704.84 Safari/537.36"
49.195.20.161 - - [18/Jun/2016:09:50:16 +1000] "GET /fonts/typicons.woff HTTP/1.1" 200 60464 "http://www.linkservices.com.au/css/typicons.min.css" "Mozilla/5.0 (Windows NT 6.1; WOW64) AppleWebKit/537.36 (KHTML, like Gecko) Chrome/51.0.2704.84 Safari/537.36"
49.195.20.161 - - [18/Jun/2016:09:50:17 +1000] "GET /layerslider/js/greensock.js HTTP/1.1" 200 24583 "http://www.linkservices.com.au/" "Mozilla/5.0 (Windows NT 6.1; WOW64) AppleWebKit/537.36 (KHTML, like Gecko) Chrome/51.0.2704.84 Safari/537.36"
49.195.20.161 - - [18/Jun/2016:09:50:18 +1000] "GET /img/logo_white.png HTTP/1.1" 200 9781 "http://www.linkservices.com.au/" "Mozilla/5.0 (Windows NT 6.1; WOW64) AppleWebKit/537.36 (KHTML, like Gecko) Chrome/51.0.2704.84 Safari/537.36"
49.195.20.161 - - [18/Jun/2016:09:50:22 +1000] "GET /img/masterslider/04.jpg HTTP/1.1" 200 748158 "http://www.linkservices.com.au/" "Mozilla/5.0 (Windows NT 6.1; WOW64) AppleWebKit/537.36 (KHTML, like Gecko) Chrome/51.0.2704.84 Safari/537.36"
49.195.20.161 - - [18/Jun/2016:09:50:34 +1000] "HEAD /img/masterslider/04@2x.jpg HTTP/1.1" 404 - "http://www.linkservices.com.au/" "Mozilla/5.0 (Windows NT 6.1; WOW64) AppleWebKit/537.36 (KHTML, like Gecko) Chrome/51.0.2704.84 Safari/537.36"
49.195.20.161 - - [18/Jun/2016:09:50:15 +1000] "GET /css/styles.css HTTP/1.1" 200 11528 "http://www.linkservices.com.au/" "Mozilla/5.0 (Windows NT 6.1; WOW64) AppleWebKit/537.36 (KHTML, like Gecko) Chrome/51.0.2704.84 Safari/537.36"
49.195.20.161 - - [18/Jun/2016:09:50:15 +1000] "GET /css/typicons.min.css HTTP/1.1" 200 2634 "http://www.linkservices.com.au/" "Mozilla/5.0 (Windows NT 6.1; WOW64) AppleWebKit/537.36 (KHTML, like Gecko) Chrome/51.0.2704.84 Safari/537.36"
49.195.20.161 - - [18/Jun/2016:09:50:15 +1000] "GET /masterslider/skins/default/style.css HTTP/1.1" 200 975 "http://www.linkservices.com.au/" "Mozilla/5.0 (Windows NT 6.1; WOW64) AppleWebKit/537.36 (KHTML, like Gecko) Chrome/51.0.2704.84 Safari/537.36"
49.195.20.161 - - [18/Jun/2016:09:50:16 +1000] "GET /js/jquery.fitvids.js HTTP/1.1" 200 1200 "http://www.linkservices.com.au/" "Mozilla/5.0 (Windows NT 6.1; WOW64) AppleWebKit/537.36 (KHTML, like Gecko) Chrome/51.0.2704.84 Safari/537.36"
49.195.20.161 - - [18/Jun/2016:09:50:16 +1000] "GET /js/retina.js HTTP/1.1" 200 695 "http://www.linkservices.com.au/" "Mozilla/5.0 (Windows NT 6.1; WOW64) AppleWebKit/537.36 (KHTML, like Gecko) Chrome/51.0.2704.84 Safari/537.36"
49.195.20.161 - - [18/Jun/2016:09:50:17 +1000] "GET /js/respond.min.js HTTP/1.1" 200 2061 "http://www.linkservices.com.au/" "Mozilla/5.0 (Windows NT 6.1; WOW64) AppleWebKit/537.36 (KHTML, like Gecko) Chrome/51.0.2704.84 Safari/537.36"
49.195.20.161 - - [18/Jun/2016:09:50:17 +1000] "GET /layerslider/js/layerslider.kreaturamedia.jquery.js HTTP/1.1" 200 19760 "http://www.linkservices.com.au/" "Mozilla/5.0 (Windows NT 6.1; WOW64) AppleWebKit/537.36 (KHTML, like Gecko) Chrome/51.0.2704.84 Safari/537.36"
49.195.20.161 - - [18/Jun/2016:09:50:18 +1000] "GET /masterslider/masterslider.js HTTP/1.1" 200 36146 "http://www.linkservices.com.au/" "Mozilla/5.0 (Windows NT 6.1; WOW64) AppleWebKit/537.36 (KHTML, like Gecko) Chrome/51.0.2704.84 Safari/537.36"
52.11.177.53 - - [18/Jun/2016:10:40:33 +1000] "GET /robots.txt HTTP/1.1" 404 283 "-" "Mozilla/5.0 (compatible; DomainAppender /1.0; +http://www.profound.net/domainappender)"
52.41.143.18 - - [18/Jun/2016:03:08:17 +1000] "GET /contact.html HTTP/1.1" 200 20884 "-" "Mozilla/5.0 (compatible; DomainAppender /1.0; +http://www.profound.net/domainappender)"
52.41.143.18 - - [18/Jun/2016:03:08:28 +1000] "GET /faq.html HTTP/1.1" 200 38382 "-" "Mozilla/5.0 (compatible; DomainAppender /1.0; +http://www.profound.net/domainappender)"
112.210.22.180 - - [18/Jun/2016:08:24:55 +1000] "GET /css/magnific-popup.css HTTP/1.1" 200 1896 "http://www.linkservices.com.au/" "Mozilla/5.0 (Windows NT 6.1; WOW64) AppleWebKit/537.36 (KHTML, like Gecko) Chrome/51.0.2704.103 Safari/537.36"
112.210.22.180 - - [18/Jun/2016:08:24:55 +1000] "GET /rs-plugin/css/settings.css HTTP/1.1" 200 7988 "http://www.linkservices.com.au/" "Mozilla/5.0 (Windows NT 6.1; WOW64) AppleWebKit/537.36 (KHTML, like Gecko) Chrome/51.0.2704.103 Safari/537.36"
112.210.22.180 - - [18/Jun/2016:08:24:56 +1000] "GET /img/logo.png HTTP/1.1" 200 5688 "http://www.linkservices.com.au/" "Mozilla/5.0 (Windows NT 6.1; WOW64) AppleWebKit/537.36 (KHTML, like Gecko) Chrome/51.0.2704.103 Safari/537.36"
112.210.22.180 - - [18/Jun/2016:08:24:56 +1000] "GET /js/jquery.sticky.js HTTP/1.1" 200 1463 "http://www.linkservices.com.au/" "Mozilla/5.0 (Windows NT 6.1; WOW64) AppleWebKit/537.36 (KHTML, like Gecko) Chrome/51.0.2704.103 Safari/537.36"
112.210.22.180 - - [18/Jun/2016:08:24:57 +1000] "GET /js/jquery.parallax-1.1.3.js HTTP/1.1" 200 822 "http://www.linkservices.com.au/" "Mozilla/5.0 (Windows NT 6.1; WOW64) AppleWebKit/537.36 (KHTML, like Gecko) Chrome/51.0.2704.103 Safari/537.36"
52.11.177.53 - - [18/Jun/2016:10:41:43 +1000] "GET /contact.html HTTP/1.1" 200 20884 "-" "Mozilla/5.0 (compatible; DomainAppender /1.0; +http://www.profound.net/domainappender)"
49.195.20.161 - - [18/Jun/2016:09:50:15 +1000] "GET /css/font-awesome.min.css HTTP/1.1" 200 4698 "http://www.linkservices.com.au/" "Mozilla/5.0 (Windows NT 6.1; WOW64) AppleWebKit/537.36 (KHTML, like Gecko) Chrome/51.0.2704.84 Safari/537.36"
49.195.20.161 - - [18/Jun/2016:09:50:15 +1000] "GET /css/refineslide.css HTTP/1.1" 200 806 "http://www.linkservices.com.au/" "Mozilla/5.0 (Windows NT 6.1; WOW64) AppleWebKit/537.36 (KHTML, like Gecko) Chrome/51.0.2704.84 Safari/537.36"
49.195.20.161 - - [18/Jun/2016:09:50:16 +1000] "GET /js/jquery.sticky.js HTTP/1.1" 200 1463 "http://www.linkservices.com.au/" "Mozilla/5.0 (Windows NT 6.1; WOW64) AppleWebKit/537.36 (KHTML, like Gecko) Chrome/51.0.2704.84 Safari/537.36"
49.195.20.161 - - [18/Jun/2016:09:50:16 +1000] "GET /js/jquery.magnific-popup.min.js HTTP/1.1" 200 7493 "http://www.linkservices.com.au/" "Mozilla/5.0 (Windows NT 6.1; WOW64) AppleWebKit/537.36 (KHTML, like Gecko) Chrome/51.0.2704.84 Safari/537.36"
49.195.20.161 - - [18/Jun/2016:09:50:17 +1000] "GET /masterslider/blank.gif HTTP/1.1" 200 43 "http://www.linkservices.com.au/" "Mozilla/5.0 (Windows NT 6.1; WOW64) AppleWebKit/537.36 (KHTML, like Gecko) Chrome/51.0.2704.84 Safari/537.36"
49.195.20.161 - - [18/Jun/2016:09:50:17 +1000] "GET /js/jquery.refineslide.js HTTP/1.1" 200 7184 "http://www.linkservices.com.au/" "Mozilla/5.0 (Windows NT 6.1; WOW64) AppleWebKit/537.36 (KHTML, like Gecko) Chrome/51.0.2704.84 Safari/537.36"
49.195.20.161 - - [18/Jun/2016:09:50:17 +1000] "GET /rs-plugin/js/jquery.themepunch.plugins.min.js HTTP/1.1" 200 28770 "http://www.linkservices.com.au/" "Mozilla/5.0 (Windows NT 6.1; WOW64) AppleWebKit/537.36 (KHTML, like Gecko) Chrome/51.0.2704.84 Safari/537.36"
49.195.20.161 - - [18/Jun/2016:09:50:18 +1000] "GET /js/functions.js HTTP/1.1" 200 4398 "http://www.linkservices.com.au/" "Mozilla/5.0 (Windows NT 6.1; WOW64) AppleWebKit/537.36 (KHTML, like Gecko) Chrome/51.0.2704.84 Safari/537.36"
49.195.20.161 - - [18/Jun/2016:09:50:22 +1000] "GET /masterslider/style/grab.png HTTP/1.1" 200 2893 "http://www.linkservices.com.au/masterslider/style/masterslider.css" "Mozilla/5.0 (Windows NT 6.1; WOW64) AppleWebKit/537.36 (KHTML, like Gecko) Chrome/51.0.2704.84 Safari/537.36"
49.195.20.161 - - [18/Jun/2016:09:50:34 +1000] "HEAD /img/masterslider/01@2x.jpg HTTP/1.1" 404 - "http://www.linkservices.com.au/" "Mozilla/5.0 (Windows NT 6.1; WOW64) AppleWebKit/537.36 (KHTML, like Gecko) Chrome/51.0.2704.84 Safari/537.36"
122.149.96.4 - - [18/Jun/2016:11:46:34 +1000] "GET /css/font-awesome.min.css HTTP/1.1" 200 4698 "http://www.linkservices.com.au/" "Mozilla/5.0 (Windows NT 6.1; WOW64) AppleWebKit/537.36 (KHTML, like Gecko) Chrome/51.0.2704.84 Safari/537.36"
122.149.96.4 - - [18/Jun/2016:11:46:34 +1000] "GET /masterslider/skins/default/style.css HTTP/1.1" 200 975 "http://www.linkservices.com.au/" "Mozilla/5.0 (Windows NT 6.1; WOW64) AppleWebKit/537.36 (KHTML, like Gecko) Chrome/51.0.2704.84 Safari/537.36"
122.149.96.4 - - [18/Jun/2016:11:46:35 +1000] "GET /js/bootstrap.js HTTP/1.1" 200 11112 "http://www.linkservices.com.au/" "Mozilla/5.0 (Windows NT 6.1; WOW64) AppleWebKit/537.36 (KHTML, like Gecko) Chrome/51.0.2704.84 Safari/537.36"
122.149.96.4 - - [18/Jun/2016:11:46:36 +1000] "GET /js/jquery.magnific-popup.min.js HTTP/1.1" 200 7493 "http://www.linkservices.com.au/" "Mozilla/5.0 (Windows NT 6.1; WOW64) AppleWebKit/537.36 (KHTML, like Gecko) Chrome/51.0.2704.84 Safari/537.36"
122.149.96.4 - - [18/Jun/2016:11:46:36 +1000] "GET /rs-plugin/js/jquery.themepunch.plugins.min.js HTTP/1.1" 200 28770 "http://www.linkservices.com.au/" "Mozilla/5.0 (Windows NT 6.1; WOW64) AppleWebKit/537.36 (KHTML, like Gecko) Chrome/51.0.2704.84 Safari/537.36"
203.214.121.189 - - [18/Jun/2016:12:28:48 +1000] "HEAD / HTTP/1.1" 200 - "-" "Mozilla/5.0 (X11; Linux x86_64; rv:10.0) Gecko/20100101 Firefox/10.0 (Chrome)"
112.210.22.180 - - [18/Jun/2016:08:24:55 +1000] "GET /css/styles.css HTTP/1.1" 200 11528 "http://www.linkservices.com.au/" "Mozilla/5.0 (Windows NT 6.1; WOW64) AppleWebKit/537.36 (KHTML, like Gecko) Chrome/51.0.2704.103 Safari/537.36"
112.210.22.180 - - [18/Jun/2016:08:24:55 +1000] "GET /css/entypo.css HTTP/1.1" 200 2639 "http://www.linkservices.com.au/" "Mozilla/5.0 (Windows NT 6.1; WOW64) AppleWebKit/537.36 (KHTML, like Gecko) Chrome/51.0.2704.103 Safari/537.36"
112.210.22.180 - - [18/Jun/2016:08:24:56 +1000] "GET /js/modernizr.js HTTP/1.1" 200 6139 "http://www.linkservices.com.au/" "Mozilla/5.0 (Windows NT 6.1; WOW64) AppleWebKit/537.36 (KHTML, like Gecko) Chrome/51.0.2704.103 Safari/537.36"
112.210.22.180 - - [18/Jun/2016:08:24:56 +1000] "GET /img/logo_white.png HTTP/1.1" 200 9781 "http://www.linkservices.com.au/" "Mozilla/5.0 (Windows NT 6.1; WOW64) AppleWebKit/537.36 (KHTML, like Gecko) Chrome/51.0.2704.103 Safari/537.36"
112.210.22.180 - - [18/Jun/2016:08:24:56 +1000] "GET /js/jquery.fitvids.js HTTP/1.1" 200 1200 "http://www.linkservices.com.au/" "Mozilla/5.0 (Windows NT 6.1; WOW64) AppleWebKit/537.36 (KHTML, like Gecko) Chrome/51.0.2704.103 Safari/537.36"
112.210.22.180 - - [18/Jun/2016:08:24:57 +1000] "GET /js/respond.min.js HTTP/1.1" 200 2061 "http://www.linkservices.com.au/" "Mozilla/5.0 (Windows NT 6.1; WOW64) AppleWebKit/537.36 (KHTML, like Gecko) Chrome/51.0.2704.103 Safari/537.36"
67.192.51.30 - - [18/Jun/2016:12:02:20 +1000] "GET /contact.html HTTP/1.1" 200 20884 "-" "Mozilla/5.0 (Windows NT 6.2; Win64; x64) AppleWebKit/537.36 (KHTML, like Gecko) Chrome/32.0.1667.0 Safari/537.36"
203.214.121.189 - - [18/Jun/2016:12:28:46 +1000] "GET / HTTP/1.1" 200 6133 "https://www.google.com.au/" "Mozilla/5.0 (Windows NT 10.0) AppleWebKit/537.36 (KHTML, like Gecko) Chrome/51.0.2704.84 Safari/537.36"
203.214.121.189 - - [18/Jun/2016:12:28:46 +1000] "GET /css/typicons.min.css HTTP/1.1" 200 2634 "http://www.linkservices.com.au/" "Mozilla/5.0 (Windows NT 10.0) AppleWebKit/537.36 (KHTML, like Gecko) Chrome/51.0.2704.84 Safari/537.36"
203.214.121.189 - - [18/Jun/2016:12:28:47 +1000] "GET /masterslider/skins/default/style.css HTTP/1.1" 200 975 "http://www.linkservices.com.au/" "Mozilla/5.0 (Windows NT 10.0) AppleWebKit/537.36 (KHTML, like Gecko) Chrome/51.0.2704.84 Safari/537.36"
203.214.121.189 - - [18/Jun/2016:12:28:47 +1000] "GET /css/refineslide.css HTTP/1.1" 200 806 "http://www.linkservices.com.au/" "Mozilla/5.0 (Windows NT 10.0) AppleWebKit/537.36 (KHTML, like Gecko) Chrome/51.0.2704.84 Safari/537.36"
203.214.121.189 - - [18/Jun/2016:12:28:47 +1000] "GET /js/jquery-1.10.2.js HTTP/1.1" 200 32811 "http://www.linkservices.com.au/" "Mozilla/5.0 (Windows NT 10.0) AppleWebKit/537.36 (KHTML, like Gecko) Chrome/51.0.2704.84 Safari/537.36"
203.214.121.189 - - [18/Jun/2016:12:28:47 +1000] "GET /masterslider/blank.gif HTTP/1.1" 200 43 "http://www.linkservices.com.au/" "Mozilla/5.0 (Windows NT 10.0) AppleWebKit/537.36 (KHTML, like Gecko) Chrome/51.0.2704.84 Safari/537.36"
203.214.121.189 - - [18/Jun/2016:12:28:47 +1000] "GET /img/logo_white.png HTTP/1.1" 200 9781 "http://www.linkservices.com.au/" "Mozilla/5.0 (Windows NT 10.0) AppleWebKit/537.36 (KHTML, like Gecko) Chrome/51.0.2704.84 Safari/537.36"
54.183.251.180 - - [18/Jun/2016:12:53:11 +1000] "GET / HTTP/1.1" 200 22509 "-" "Mozilla/5.0 (compatible; DomainAppender /1.0; +http://www.profound.net/domainappender)"
54.183.251.180 - - [18/Jun/2016:12:54:00 +1000] "GET /contact.html HTTP/1.1" 200 20884 "-" "Mozilla/5.0 (compatible; DomainAppender /1.0; +http://www.profound.net/domainappender)"
203.214.121.189 - - [18/Jun/2016:12:28:46 +1000] "GET /css/animate.css HTTP/1.1" 200 5119 "http://www.linkservices.com.au/" "Mozilla/5.0 (Windows NT 10.0) AppleWebKit/537.36 (KHTML, like Gecko) Chrome/51.0.2704.84 Safari/537.36"
203.214.121.189 - - [18/Jun/2016:12:28:47 +1000] "GET /js/jquery.easing.js HTTP/1.1" 200 1984 "http://www.linkservices.com.au/" "Mozilla/5.0 (Windows NT 10.0) AppleWebKit/537.36 (KHTML, like Gecko) Chrome/51.0.2704.84 Safari/537.36"
203.214.121.189 - - [18/Jun/2016:12:28:47 +1000] "GET /js/tinynav.min.js HTTP/1.1" 200 482 "http://www.linkservices.com.au/" "Mozilla/5.0 (Windows NT 10.0) AppleWebKit/537.36 (KHTML, like Gecko) Chrome/51.0.2704.84 Safari/537.36"
203.214.121.189 - - [18/Jun/2016:12:28:47 +1000] "GET /js/jquery.fitvids.js HTTP/1.1" 200 1200 "http://www.linkservices.com.au/" "Mozilla/5.0 (Windows NT 10.0) AppleWebKit/537.36 (KHTML, like Gecko) Chrome/51.0.2704.84 Safari/537.36"
203.214.121.189 - - [18/Jun/2016:12:28:47 +1000] "GET /js/jquery.magnific-popup.min.js HTTP/1.1" 200 7493 "http://www.linkservices.com.au/" "Mozilla/5.0 (Windows NT 10.0) AppleWebKit/537.36 (KHTML, like Gecko) Chrome/51.0.2704.84 Safari/537.36"
203.214.121.189 - - [18/Jun/2016:12:28:47 +1000] "GET /layerslider/js/greensock.js HTTP/1.1" 200 24583 "http://www.linkservices.com.au/" "Mozilla/5.0 (Windows NT 10.0) AppleWebKit/537.36 (KHTML, like Gecko) Chrome/51.0.2704.84 Safari/537.36"
203.214.121.189 - - [18/Jun/2016:12:28:47 +1000] "GET /js/functions.js HTTP/1.1" 200 4398 "http://www.linkservices.com.au/" "Mozilla/5.0 (Windows NT 10.0) AppleWebKit/537.36 (KHTML, like Gecko) Chrome/51.0.2704.84 Safari/537.36"
203.214.121.189 - - [18/Jun/2016:12:28:47 +1000] "GET /img/logo.png HTTP/1.1" 200 5688 "http://www.linkservices.com.au/" "Mozilla/5.0 (Windows NT 10.0) AppleWebKit/537.36 (KHTML, like Gecko) Chrome/51.0.2704.84 Safari/537.36"
203.214.121.189 - - [18/Jun/2016:12:28:47 +1000] "GET /fonts/fontawesome-webfont.woff?v=4.1.0 HTTP/1.1" 200 83760 "http://www.linkservices.com.au/css/font-awesome.min.css" "Mozilla/5.0 (Windows NT 10.0) AppleWebKit/537.36 (KHTML, like Gecko) Chrome/51.0.2704.84 Safari/537.36"
203.214.121.189 - - [18/Jun/2016:12:28:47 +1000] "GET /img/divider.png HTTP/1.1" 200 2801 "http://www.linkservices.com.au/css/styles.css" "Mozilla/5.0 (Windows NT 10.0) AppleWebKit/537.36 (KHTML, like Gecko) Chrome/51.0.2704.84 Safari/537.36"
122.149.96.4 - - [18/Jun/2016:11:46:33 +1000] "GET / HTTP/1.1" 200 6133 "-" "Mozilla/5.0 (Windows NT 6.1; WOW64) AppleWebKit/537.36 (KHTML, like Gecko) Chrome/51.0.2704.84 Safari/537.36"
122.149.96.4 - - [18/Jun/2016:11:46:33 +1000] "GET /layerslider/css/layerslider.css HTTP/1.1" 200 3040 "http://www.linkservices.com.au/" "Mozilla/5.0 (Windows NT 6.1; WOW64) AppleWebKit/537.36 (KHTML, like Gecko) Chrome/51.0.2704.84 Safari/537.36"
122.149.96.4 - - [18/Jun/2016:11:46:34 +1000] "GET /css/typicons.min.css HTTP/1.1" 200 2634 "http://www.linkservices.com.au/" "Mozilla/5.0 (Windows NT 6.1; WOW64) AppleWebKit/537.36 (KHTML, like Gecko) Chrome/51.0.2704.84 Safari/537.36"
122.149.96.4 - - [18/Jun/2016:11:46:34 +1000] "GET /css/refineslide.css HTTP/1.1" 200 806 "http://www.linkservices.com.au/" "Mozilla/5.0 (Windows NT 6.1; WOW64) AppleWebKit/537.36 (KHTML, like Gecko) Chrome/51.0.2704.84 Safari/537.36"
122.149.96.4 - - [18/Jun/2016:11:46:35 +1000] "GET /js/jquery.sticky.js HTTP/1.1" 200 1463 "http://www.linkservices.com.au/" "Mozilla/5.0 (Windows NT 6.1; WOW64) AppleWebKit/537.36 (KHTML, like Gecko) Chrome/51.0.2704.84 Safari/537.36"
122.149.96.4 - - [18/Jun/2016:11:46:35 +1000] "GET /js/jquery.fitvids.js HTTP/1.1" 200 1200 "http://www.linkservices.com.au/" "Mozilla/5.0 (Windows NT 6.1; WOW64) AppleWebKit/537.36 (KHTML, like Gecko) Chrome/51.0.2704.84 Safari/537.36"
122.149.96.4 - - [18/Jun/2016:11:46:36 +1000] "GET /js/respond.min.js HTTP/1.1" 200 2061 "http://www.linkservices.com.au/" "Mozilla/5.0 (Windows NT 6.1; WOW64) AppleWebKit/537.36 (KHTML, like Gecko) Chrome/51.0.2704.84 Safari/537.36"
122.149.96.4 - - [18/Jun/2016:11:46:36 +1000] "GET /js/jquery.refineslide.js HTTP/1.1" 200 7184 "http://www.linkservices.com.au/" "Mozilla/5.0 (Windows NT 6.1; WOW64) AppleWebKit/537.36 (KHTML, like Gecko) Chrome/51.0.2704.84 Safari/537.36"
122.149.96.4 - - [18/Jun/2016:11:46:37 +1000] "GET /js/functions.js HTTP/1.1" 200 4398 "http://www.linkservices.com.au/" "Mozilla/5.0 (Windows NT 6.1; WOW64) AppleWebKit/537.36 (KHTML, like Gecko) Chrome/51.0.2704.84 Safari/537.36"
122.149.96.4 - - [18/Jun/2016:11:46:38 +1000] "GET /img/divider.png HTTP/1.1" 200 2801 "http://www.linkservices.com.au/css/styles.css" "Mozilla/5.0 (Windows NT 6.1; WOW64) AppleWebKit/537.36 (KHTML, like Gecko) Chrome/51.0.2704.84 Safari/537.36"
122.149.96.4 - - [18/Jun/2016:11:46:38 +1000] "GET /masterslider/blank.gif HTTP/1.1" 200 43 "http://www.linkservices.com.au/" "Mozilla/5.0 (Windows NT 6.1; WOW64) AppleWebKit/537.36 (KHTML, like Gecko) Chrome/51.0.2704.84 Safari/537.36"
122.149.96.4 - - [18/Jun/2016:11:46:42 +1000] "GET /masterslider/style/grab.png HTTP/1.1" 200 2893 "http://www.linkservices.com.au/masterslider/style/masterslider.css" "Mozilla/5.0 (Windows NT 6.1; WOW64) AppleWebKit/537.36 (KHTML, like Gecko) Chrome/51.0.2704.84 Safari/537.36"
54.183.251.180 - - [18/Jun/2016:12:54:16 +1000] "GET /faq.html HTTP/1.1" 200 38382 "-" "Mozilla/5.0 (compatible; DomainAppender /1.0; +http://www.profound.net/domainappender)"
180.200.129.134 - - [18/Jun/2016:20:42:45 +1000] "GET /js/jquery-1.10.2.js HTTP/1.1" 200 32811 "http://www.linkservices.com.au/tips.html" "Mozilla/5.0 (Linux; U; Android 4.4.2; en-au; GT-P5210 Build/KOT49H) AppleWebKit/534.30 (KHTML, like Gecko) Version/4.0 Safari/534.30"
180.200.129.134 - - [18/Jun/2016:20:42:45 +1000] "GET /masterslider/masterslider.js HTTP/1.1" 200 36146 "http://www.linkservices.com.au/tips.html" "Mozilla/5.0 (Linux; U; Android 4.4.2; en-au; GT-P5210 Build/KOT49H) AppleWebKit/534.30 (KHTML, like Gecko) Version/4.0 Safari/534.30"
180.200.129.134 - - [18/Jun/2016:20:42:45 +1000] "GET /masterslider/skins/default/style.css HTTP/1.1" 200 975 "http://www.linkservices.com.au/tips.html" "Mozilla/5.0 (Linux; U; Android 4.4.2; en-au; GT-P5210 Build/KOT49H) AppleWebKit/534.30 (KHTML, like Gecko) Version/4.0 Safari/534.30"
180.200.129.134 - - [18/Jun/2016:20:42:45 +1000] "GET /js/jquery.flexslider-min.js HTTP/1.1" 200 5268 "http://www.linkservices.com.au/tips.html" "Mozilla/5.0 (Linux; U; Android 4.4.2; en-au; GT-P5210 Build/KOT49H) AppleWebKit/534.30 (KHTML, like Gecko) Version/4.0 Safari/534.30"
180.200.129.134 - - [18/Jun/2016:20:43:18 +1000] "GET /js/bootstrap.js HTTP/1.1" 200 11112 "http://www.linkservices.com.au/tips.html" "Mozilla/5.0 (Linux; U; Android 4.4.2; en-au; GT-P5210 Build/KOT49H) AppleWebKit/534.30 (KHTML, like Gecko) Version/4.0 Safari/534.30"
180.200.129.134 - - [18/Jun/2016:20:43:18 +1000] "GET /js/jquery.easing.js HTTP/1.1" 200 1984 "http://www.linkservices.com.au/tips.html" "Mozilla/5.0 (Linux; U; Android 4.4.2; en-au; GT-P5210 Build/KOT49H) AppleWebKit/534.30 (KHTML, like Gecko) Version/4.0 Safari/534.30"
180.200.129.134 - - [18/Jun/2016:20:43:18 +1000] "GET /js/jquery.sticky.js HTTP/1.1" 200 1463 "http://www.linkservices.com.au/tips.html" "Mozilla/5.0 (Linux; U; Android 4.4.2; en-au; GT-P5210 Build/KOT49H) AppleWebKit/534.30 (KHTML, like Gecko) Version/4.0 Safari/534.30"
180.200.129.134 - - [18/Jun/2016:20:43:18 +1000] "GET /js/tinynav.min.js HTTP/1.1" 200 482 "http://www.linkservices.com.au/tips.html" "Mozilla/5.0 (Linux; U; Android 4.4.2; en-au; GT-P5210 Build/KOT49H) AppleWebKit/534.30 (KHTML, like Gecko) Version/4.0 Safari/534.30"
180.200.129.134 - - [18/Jun/2016:20:43:19 +1000] "GET /js/animate.js HTTP/1.1" 200 311 "http://www.linkservices.com.au/tips.html" "Mozilla/5.0 (Linux; U; Android 4.4.2; en-au; GT-P5210 Build/KOT49H) AppleWebKit/534.30 (KHTML, like Gecko) Version/4.0 Safari/534.30"
180.200.129.134 - - [18/Jun/2016:20:43:19 +1000] "GET /js/jquery.fitvids.js HTTP/1.1" 200 1200 "http://www.linkservices.com.au/tips.html" "Mozilla/5.0 (Linux; U; Android 4.4.2; en-au; GT-P5210 Build/KOT49H) AppleWebKit/534.30 (KHTML, like Gecko) Version/4.0 Safari/534.30"
180.200.129.134 - - [18/Jun/2016:20:43:19 +1000] "GET /js/jquery.isotope.min.js HTTP/1.1" 200 5000 "http://www.linkservices.com.au/tips.html" "Mozilla/5.0 (Linux; U; Android 4.4.2; en-au; GT-P5210 Build/KOT49H) AppleWebKit/534.30 (KHTML, like Gecko) Version/4.0 Safari/534.30"
180.200.129.134 - - [18/Jun/2016:20:43:19 +1000] "GET /js/jquery.parallax-1.1.3.js HTTP/1.1" 200 822 "http://www.linkservices.com.au/tips.html" "Mozilla/5.0 (Linux; U; Android 4.4.2; en-au; GT-P5210 Build/KOT49H) AppleWebKit/534.30 (KHTML, like Gecko) Version/4.0 Safari/534.30"
180.200.129.134 - - [18/Jun/2016:20:43:20 +1000] "GET /js/jquery.magnific-popup.min.js HTTP/1.1" 200 7493 "http://www.linkservices.com.au/tips.html" "Mozilla/5.0 (Linux; U; Android 4.4.2; en-au; GT-P5210 Build/KOT49H) AppleWebKit/534.30 (KHTML, like Gecko) Version/4.0 Safari/534.30"
180.200.129.134 - - [18/Jun/2016:20:43:21 +1000] "GET /js/retina.js HTTP/1.1" 200 695 "http://www.linkservices.com.au/tips.html" "Mozilla/5.0 (Linux; U; Android 4.4.2; en-au; GT-P5210 Build/KOT49H) AppleWebKit/534.30 (KHTML, like Gecko) Version/4.0 Safari/534.30"
180.200.129.134 - - [18/Jun/2016:20:43:24 +1000] "GET /js/respond.min.js HTTP/1.1" 200 2061 "http://www.linkservices.com.au/tips.html" "Mozilla/5.0 (Linux; U; Android 4.4.2; en-au; GT-P5210 Build/KOT49H) AppleWebKit/534.30 (KHTML, like Gecko) Version/4.0 Safari/534.30"
180.200.129.134 - - [18/Jun/2016:20:42:46 +1000] "GET /img/logo.png HTTP/1.1" 200 5688 "http://www.linkservices.com.au/tips.html" "Mozilla/5.0 (Linux; U; Android 4.4.2; en-au; GT-P5210 Build/KOT49H) AppleWebKit/534.30 (KHTML, like Gecko) Version/4.0 Safari/534.30"
112.210.22.180 - - [18/Jun/2016:08:24:55 +1000] "GET /css/font-awesome.min.css HTTP/1.1" 200 4698 "http://www.linkservices.com.au/" "Mozilla/5.0 (Windows NT 6.1; WOW64) AppleWebKit/537.36 (KHTML, like Gecko) Chrome/51.0.2704.103 Safari/537.36"
112.210.22.180 - - [18/Jun/2016:08:24:56 +1000] "GET /css/flexslider.css HTTP/1.1" 200 1097 "http://www.linkservices.com.au/" "Mozilla/5.0 (Windows NT 6.1; WOW64) AppleWebKit/537.36 (KHTML, like Gecko) Chrome/51.0.2704.103 Safari/537.36"
112.210.22.180 - - [18/Jun/2016:08:24:56 +1000] "GET /js/bootstrap.js HTTP/1.1" 200 11112 "http://www.linkservices.com.au/" "Mozilla/5.0 (Windows NT 6.1; WOW64) AppleWebKit/537.36 (KHTML, like Gecko) Chrome/51.0.2704.103 Safari/537.36"
112.210.22.180 - - [18/Jun/2016:08:24:56 +1000] "GET /js/animate.js HTTP/1.1" 200 311 "http://www.linkservices.com.au/" "Mozilla/5.0 (Windows NT 6.1; WOW64) AppleWebKit/537.36 (KHTML, like Gecko) Chrome/51.0.2704.103 Safari/537.36"
112.210.22.180 - - [18/Jun/2016:08:24:57 +1000] "GET /js/scale.fix.js HTTP/1.1" 200 279 "http://www.linkservices.com.au/" "Mozilla/5.0 (Windows NT 6.1; WOW64) AppleWebKit/537.36 (KHTML, like Gecko) Chrome/51.0.2704.103 Safari/537.36"
54.183.97.11 - - [18/Jun/2016:14:35:18 +1000] "GET / HTTP/1.1" 200 22509 "-" "Mozilla/5.0 (compatible; DomainAppender /1.0; +http://www.profound.net/domainappender)"
180.200.129.134 - - [18/Jun/2016:20:42:45 +1000] "GET /css/font-awesome.min.css HTTP/1.1" 200 4698 "http://www.linkservices.com.au/tips.html" "Mozilla/5.0 (Linux; U; Android 4.4.2; en-au; GT-P5210 Build/KOT49H) AppleWebKit/534.30 (KHTML, like Gecko) Version/4.0 Safari/534.30"
180.200.129.134 - - [18/Jun/2016:20:42:45 +1000] "GET /js/jquery.refineslide.js HTTP/1.1" 200 7184 "http://www.linkservices.com.au/tips.html" "Mozilla/5.0 (Linux; U; Android 4.4.2; en-au; GT-P5210 Build/KOT49H) AppleWebKit/534.30 (KHTML, like Gecko) Version/4.0 Safari/534.30"
54.183.97.11 - - [18/Jun/2016:14:35:14 +1000] "GET /robots.txt HTTP/1.1" 404 283 "-" "Mozilla/5.0 (compatible; DomainAppender /1.0; +http://www.profound.net/domainappender)"
180.200.129.134 - - [18/Jun/2016:20:42:45 +1000] "GET /js/modernizr.js HTTP/1.1" 200 6139 "http://www.linkservices.com.au/tips.html" "Mozilla/5.0 (Linux; U; Android 4.4.2; en-au; GT-P5210 Build/KOT49H) AppleWebKit/534.30 (KHTML, like Gecko) Version/4.0 Safari/534.30"
180.200.129.134 - - [18/Jun/2016:20:42:45 +1000] "GET /layerslider/js/greensock.js HTTP/1.1" 200 24583 "http://www.linkservices.com.au/tips.html" "Mozilla/5.0 (Linux; U; Android 4.4.2; en-au; GT-P5210 Build/KOT49H) AppleWebKit/534.30 (KHTML, like Gecko) Version/4.0 Safari/534.30"
52.41.111.219 - - [18/Jun/2016:22:01:10 +1000] "GET /faq.html HTTP/1.1" 200 38382 "-" "Mozilla/5.0 (compatible; DomainAppender /1.0; +http://www.profound.net/domainappender)"
203.214.121.189 - - [18/Jun/2016:12:28:46 +1000] "GET /layerslider/css/layerslider.css HTTP/1.1" 200 3040 "http://www.linkservices.com.au/" "Mozilla/5.0 (Windows NT 10.0) AppleWebKit/537.36 (KHTML, like Gecko) Chrome/51.0.2704.84 Safari/537.36"
203.214.121.189 - - [18/Jun/2016:12:28:46 +1000] "GET /css/entypo.css HTTP/1.1" 200 2639 "http://www.linkservices.com.au/" "Mozilla/5.0 (Windows NT 10.0) AppleWebKit/537.36 (KHTML, like Gecko) Chrome/51.0.2704.84 Safari/537.36"
203.214.121.189 - - [18/Jun/2016:12:28:46 +1000] "GET /rs-plugin/css/settings.css HTTP/1.1" 200 7988 "http://www.linkservices.com.au/" "Mozilla/5.0 (Windows NT 10.0) AppleWebKit/537.36 (KHTML, like Gecko) Chrome/51.0.2704.84 Safari/537.36"
203.214.121.189 - - [18/Jun/2016:12:28:47 +1000] "GET /js/jquery.sticky.js HTTP/1.1" 200 1463 "http://www.linkservices.com.au/" "Mozilla/5.0 (Windows NT 10.0) AppleWebKit/537.36 (KHTML, like Gecko) Chrome/51.0.2704.84 Safari/537.36"
203.214.121.189 - - [18/Jun/2016:12:28:47 +1000] "GET /js/jquery.parallax-1.1.3.js HTTP/1.1" 200 822 "http://www.linkservices.com.au/" "Mozilla/5.0 (Windows NT 10.0) AppleWebKit/537.36 (KHTML, like Gecko) Chrome/51.0.2704.84 Safari/537.36"
203.214.121.189 - - [18/Jun/2016:12:28:47 +1000] "GET /js/retina.js HTTP/1.1" 200 695 "http://www.linkservices.com.au/" "Mozilla/5.0 (Windows NT 10.0) AppleWebKit/537.36 (KHTML, like Gecko) Chrome/51.0.2704.84 Safari/537.36"
203.214.121.189 - - [18/Jun/2016:12:28:47 +1000] "GET /js/respond.min.js HTTP/1.1" 200 2061 "http://www.linkservices.com.au/" "Mozilla/5.0 (Windows NT 10.0) AppleWebKit/537.36 (KHTML, like Gecko) Chrome/51.0.2704.84 Safari/537.36"
203.214.121.189 - - [18/Jun/2016:12:28:47 +1000] "GET /js/jquery.countdown.js HTTP/1.1" 200 1155 "http://www.linkservices.com.au/" "Mozilla/5.0 (Windows NT 10.0) AppleWebKit/537.36 (KHTML, like Gecko) Chrome/51.0.2704.84 Safari/537.36"
203.214.121.189 - - [18/Jun/2016:12:28:47 +1000] "GET /js/jquery.refineslide.js HTTP/1.1" 200 7184 "http://www.linkservices.com.au/" "Mozilla/5.0 (Windows NT 10.0) AppleWebKit/537.36 (KHTML, like Gecko) Chrome/51.0.2704.84 Safari/537.36"
203.214.121.189 - - [18/Jun/2016:12:28:47 +1000] "GET /rs-plugin/js/jquery.themepunch.revolution.min.js HTTP/1.1" 200 24288 "http://www.linkservices.com.au/" "Mozilla/5.0 (Windows NT 10.0) AppleWebKit/537.36 (KHTML, like Gecko) Chrome/51.0.2704.84 Safari/537.36"
203.214.121.189 - - [18/Jun/2016:12:28:48 +1000] "GET /img/masterslider/04.jpg HTTP/1.1" 200 748158 "http://www.linkservices.com.au/" "Mozilla/5.0 (Windows NT 10.0) AppleWebKit/537.36 (KHTML, like Gecko) Chrome/51.0.2704.84 Safari/537.36"
203.214.121.189 - - [18/Jun/2016:12:28:49 +1000] "GET /img/favicon.png HTTP/1.1" 200 463 "http://www.linkservices.com.au/" "Mozilla/5.0 (Windows NT 10.0) AppleWebKit/537.36 (KHTML, like Gecko) Chrome/51.0.2704.84 Safari/537.36"
180.200.129.134 - - [18/Jun/2016:20:42:45 +1000] "GET /js/jquery.easing.js HTTP/1.1" 200 1984 "http://www.linkservices.com.au/tips.html" "Mozilla/5.0 (Linux; U; Android 4.4.2; en-au; GT-P5210 Build/KOT49H) AppleWebKit/534.30 (KHTML, like Gecko) Version/4.0 Safari/534.30"
180.200.129.134 - - [18/Jun/2016:20:42:45 +1000] "GET /js/respond.min.js HTTP/1.1" 200 2061 "http://www.linkservices.com.au/tips.html" "Mozilla/5.0 (Linux; U; Android 4.4.2; en-au; GT-P5210 Build/KOT49H) AppleWebKit/534.30 (KHTML, like Gecko) Version/4.0 Safari/534.30"
207.46.13.20 - - [18/Jun/2016:18:12:15 +1000] "GET /FAQ.htm HTTP/1.1" 404 231 "-" "Mozilla/5.0 (compatible; bingbot/2.0; +http://www.bing.com/bingbot.htm)"
220.181.51.74 - - [18/Jun/2016:02:12:48 +1000] "GET /robots.txt HTTP/1.1" 404 232 "-" "Mozilla/5.0 (Windows NT 10.0; WOW64) AppleWebKit/537.36 (KHTML, like Gecko) Chrome/45.0.2454.93 Safari/537.36"
66.249.79.137 - - [18/Jun/2016:20:48:48 +1000] "GET / HTTP/1.1" 200 6133 "-" "Mozilla/5.0 (compatible; Googlebot/2.1; +http://www.google.com/bot.html)"
52.41.111.219 - - [18/Jun/2016:21:59:50 +1000] "GET /robots.txt HTTP/1.1" 404 283 "-" "Mozilla/5.0 (compatible; DomainAppender /1.0; +http://www.profound.net/domainappender)"
180.200.129.134 - - [18/Jun/2016:20:42:45 +1000] "GET /css/animate.css HTTP/1.1" 200 5119 "http://www.linkservices.com.au/tips.html" "Mozilla/5.0 (Linux; U; Android 4.4.2; en-au; GT-P5210 Build/KOT49H) AppleWebKit/534.30 (KHTML, like Gecko) Version/4.0 Safari/534.30"
180.200.129.134 - - [18/Jun/2016:20:42:45 +1000] "GET /rs-plugin/js/jquery.themepunch.plugins.min.js HTTP/1.1" 200 28770 "http://www.linkservices.com.au/tips.html" "Mozilla/5.0 (Linux; U; Android 4.4.2; en-au; GT-P5210 Build/KOT49H) AppleWebKit/534.30 (KHTML, like Gecko) Version/4.0 Safari/534.30"
140.168.135.1 - - [18/Jun/2016:22:05:54 +1000] "GET /js/respond.min.js HTTP/1.1" 304 - "-" "Mozilla/4.0 (compatible;)"
203.6.69.2 - - [18/Jun/2016:06:32:47 +1000] "GET /img/masterslider/01.jpg HTTP/1.1" 304 - "-" "Mozilla/4.0 (compatible;)"
180.200.129.134 - - [18/Jun/2016:20:42:45 +1000] "GET /masterslider/style/masterslider.css HTTP/1.1" 200 1960 "http://www.linkservices.com.au/tips.html" "Mozilla/5.0 (Linux; U; Android 4.4.2; en-au; GT-P5210 Build/KOT49H) AppleWebKit/534.30 (KHTML, like Gecko) Version/4.0 Safari/534.30"
180.200.129.134 - - [18/Jun/2016:20:42:45 +1000] "GET /js/jquery.magnific-popup.min.js HTTP/1.1" 200 7493 "http://www.linkservices.com.au/tips.html" "Mozilla/5.0 (Linux; U; Android 4.4.2; en-au; GT-P5210 Build/KOT49H) AppleWebKit/534.30 (KHTML, like Gecko) Version/4.0 Safari/534.30"
180.200.129.134 - - [18/Jun/2016:20:42:44 +1000] "GET /tips.html HTTP/1.1" 200 6353 "-" "Mozilla/5.0 (Linux; U; Android 4.4.2; en-au; GT-P5210 Build/KOT49H) AppleWebKit/534.30 (KHTML, like Gecko) Version/4.0 Safari/534.30"
180.200.129.134 - - [18/Jun/2016:20:42:44 +1000] "GET /css/bootstrap.css HTTP/1.1" 200 16472 "http://www.linkservices.com.au/tips.html" "Mozilla/5.0 (Linux; U; Android 4.4.2; en-au; GT-P5210 Build/KOT49H) AppleWebKit/534.30 (KHTML, like Gecko) Version/4.0 Safari/534.30"
180.200.129.134 - - [18/Jun/2016:20:42:45 +1000] "GET /js/tinynav.min.js HTTP/1.1" 200 482 "http://www.linkservices.com.au/tips.html" "Mozilla/5.0 (Linux; U; Android 4.4.2; en-au; GT-P5210 Build/KOT49H) AppleWebKit/534.30 (KHTML, like Gecko) Version/4.0 Safari/534.30"
180.200.129.134 - - [18/Jun/2016:20:42:46 +1000] "GET /js/functions.js HTTP/1.1" 200 4398 "http://www.linkservices.com.au/tips.html" "Mozilla/5.0 (Linux; U; Android 4.4.2; en-au; GT-P5210 Build/KOT49H) AppleWebKit/534.30 (KHTML, like Gecko) Version/4.0 Safari/534.30"
180.200.129.134 - - [18/Jun/2016:20:42:46 +1000] "GET /img/masterslider/02.jpg HTTP/1.1" 200 589463 "http://www.linkservices.com.au/tips.html" "Mozilla/5.0 (Linux; U; Android 4.4.2; en-au; GT-P5210 Build/KOT49H) AppleWebKit/534.30 (KHTML, like Gecko) Version/4.0 Safari/534.30"
180.200.129.134 - - [18/Jun/2016:20:43:29 +1000] "GET /layerslider/js/layerslider.transitions.js HTTP/1.1" 200 3195 "http://www.linkservices.com.au/tips.html" "Mozilla/5.0 (Linux; U; Android 4.4.2; en-au; GT-P5210 Build/KOT49H) AppleWebKit/534.30 (KHTML, like Gecko) Version/4.0 Safari/534.30"
180.200.129.134 - - [18/Jun/2016:20:43:29 +1000] "GET /layerslider/js/layerslider.kreaturamedia.jquery.js HTTP/1.1" 200 19760 "http://www.linkservices.com.au/tips.html" "Mozilla/5.0 (Linux; U; Android 4.4.2; en-au; GT-P5210 Build/KOT49H) AppleWebKit/534.30 (KHTML, like Gecko) Version/4.0 Safari/534.30"
180.200.129.134 - - [18/Jun/2016:20:43:30 +1000] "GET /rs-plugin/js/jquery.themepunch.plugins.min.js HTTP/1.1" 200 28770 "http://www.linkservices.com.au/tips.html" "Mozilla/5.0 (Linux; U; Android 4.4.2; en-au; GT-P5210 Build/KOT49H) AppleWebKit/534.30 (KHTML, like Gecko) Version/4.0 Safari/534.30"
180.200.129.134 - - [18/Jun/2016:20:42:45 +1000] "GET /css/flexslider.css HTTP/1.1" 200 1097 "http://www.linkservices.com.au/tips.html" "Mozilla/5.0 (Linux; U; Android 4.4.2; en-au; GT-P5210 Build/KOT49H) AppleWebKit/534.30 (KHTML, like Gecko) Version/4.0 Safari/534.30"
180.200.129.134 - - [18/Jun/2016:20:42:45 +1000] "GET /js/retina.js HTTP/1.1" 200 695 "http://www.linkservices.com.au/tips.html" "Mozilla/5.0 (Linux; U; Android 4.4.2; en-au; GT-P5210 Build/KOT49H) AppleWebKit/534.30 (KHTML, like Gecko) Version/4.0 Safari/534.30"
66.249.79.242 - - [18/Jun/2016:01:26:11 +1000] "GET /layerslider/js/greensock.js HTTP/1.1" 200 24583 "-" "Mozilla/5.0 (compatible; Googlebot/2.1; +http://www.google.com/bot.html)"
23.254.164.173 - - [18/Jun/2016:17:33:45 +1000] "GET / HTTP/1.1" 200 6133 "http://www.linkservices.com.au/" "Mozilla/5.0 (Windows NT 5.1; rv:21.0) Gecko/20100101 Firefox/21.0"
52.41.111.219 - - [18/Jun/2016:22:00:49 +1000] "GET /contact.html HTTP/1.1" 200 20884 "-" "Mozilla/5.0 (compatible; DomainAppender /1.0; +http://www.profound.net/domainappender)"
111.250.146.150 - - [18/Jun/2016:22:11:24 +1000] "GET /wp-includes/images/xit.gif HTTP/1.1" 404 299 "-" "Mozilla/4.0 (compatible; Win32; WinHttp.WinHttpRequest.5)"
203.214.121.189 - - [18/Jun/2016:12:28:48 +1000] "GET / HTTP/1.1" 200 6133 "-" "Mozilla/5.0 (X11; Linux x86_64; rv:10.0) Gecko/20100101 Firefox/10.0 (Chrome)"
23.254.164.173 - - [18/Jun/2016:17:33:46 +1000] "GET /services.html HTTP/1.1" 404 230 "http://www.linkservices.com.au/" "Mozilla/5.0 (Windows NT 5.1; rv:21.0) Gecko/20100101 Firefox/21.0"
140.168.135.1 - - [18/Jun/2016:20:06:20 +1000] "GET /css/entypo.css HTTP/1.1" 304 - "-" "Mozilla/4.0 (compatible;)"
180.200.129.134 - - [18/Jun/2016:20:43:04 +1000] "GET /fonts/fontawesome-webfont.woff?v=4.1.0 HTTP/1.1" 200 83760 "http://www.linkservices.com.au/tips.html" "Mozilla/5.0 (Linux; U; Android 4.4.2; en-au; GT-P5210 Build/KOT49H) AppleWebKit/534.30 (KHTML, like Gecko) Version/4.0 Safari/534.30"
122.149.96.4 - - [18/Jun/2016:11:46:38 +1000] "GET /img/logo_white.png HTTP/1.1" 200 9781 "http://www.linkservices.com.au/" "Mozilla/5.0 (Windows NT 6.1; WOW64) AppleWebKit/537.36 (KHTML, like Gecko) Chrome/51.0.2704.84 Safari/537.36"
122.149.96.4 - - [18/Jun/2016:11:46:41 +1000] "GET /img/masterslider/01.jpg HTTP/1.1" 200 766148 "http://www.linkservices.com.au/" "Mozilla/5.0 (Windows NT 6.1; WOW64) AppleWebKit/537.36 (KHTML, like Gecko) Chrome/51.0.2704.84 Safari/537.36"
122.149.96.4 - - [18/Jun/2016:11:46:49 +1000] "GET /img/masterslider/03.jpg HTTP/1.1" 200 1187289 "http://www.linkservices.com.au/" "Mozilla/5.0 (Windows NT 6.1; WOW64) AppleWebKit/537.36 (KHTML, like Gecko) Chrome/51.0.2704.84 Safari/537.36"
122.149.96.4 - - [18/Jun/2016:11:46:54 +1000] "GET /img/favicon.png HTTP/1.1" 200 463 "http://www.linkservices.com.au/" "Mozilla/5.0 (Windows NT 6.1; WOW64) AppleWebKit/537.36 (KHTML, like Gecko) Chrome/51.0.2704.84 Safari/537.36"
31.168.6.46 - - [18/Jun/2016:14:51:30 +1000] "GET / HTTP/1.1" 200 22509 "-" "Instagram 2.5.1 (iPhone; iPhone OS 4.2.10; en_US) AppleWebKit/420+"
66.249.79.242 - - [18/Jun/2016:16:17:27 +1000] "GET / HTTP/1.1" 200 6133 "-" "SAMSUNG-SGH-E250/1.0 Profile/MIDP-2.0 Configuration/CLDC-1.1 UP.Browser/6.2.3.3.c.1.101 (GUI) MMP/2.0 (compatible; Googlebot-Mobile/2.1; +http://www.google.com/bot.html)"
