203.214.121.189 - - [18/Jun/2016:12:28:46 +1000] "GET /css/styles.css HTTP/1.1" 200 11528 "http://www.linkservices.com.au/" "Mozilla/5.0 (Windows NT 10.0) AppleWebKit/537.36 (KHTML, like Gecko) Chrome/51.0.2704.84 Safari/537.36"
203.214.121.189 - - [18/Jun/2016:12:28:47 +1000] "GET /js/animate.js HTTP/1.1" 200 311 "http://www.linkservices.com.au/" "Mozilla/5.0 (Windows NT 10.0) AppleWebKit/537.36 (KHTML, like Gecko) Chrome/51.0.2704.84 Safari/537.36"
203.214.121.189 - - [18/Jun/2016:12:28:47 +1000] "GET /js/jquery.isotope.min.js HTTP/1.1" 200 5000 "http://www.linkservices.com.au/" "Mozilla/5.0 (Windows NT 10.0) AppleWebKit/537.36 (KHTML, like Gecko) Chrome/51.0.2704.84 Safari/537.36"
203.214.121.189 - - [18/Jun/2016:12:28:47 +1000] "GET /js/scale.fix.js HTTP/1.1" 200 279 "http://www.linkservices.com.au/" "Mozilla/5.0 (Windows NT 10.0) AppleWebKit/537.36 (KHTML, like Gecko) Chrome/51.0.2704.84 Safari/537.36"
203.214.121.189 - - [18/Jun/2016:12:28:47 +1000] "GET /js/jquery.flexslider-min.js HTTP/1.1" 200 5268 "http://www.linkservices.com.au/" "Mozilla/5.0 (Windows NT 10.0) AppleWebKit/537.36 (KHTML, like Gecko) Chrome/51.0.2704.84 Safari/537.36"
203.214.121.189 - - [18/Jun/2016:12:28:47 +1000] "GET /layerslider/js/layerslider.transitions.js HTTP/1.1" 200 3195 "http://www.linkservices.com.au/" "Mozilla/5.0 (Windows NT 10.0) AppleWebKit/537.36 (KHTML, like Gecko) Chrome/51.0.2704.84 Safari/537.36"
203.214.121.189 - - [18/Jun/2016:12:28:47 +1000] "GET /layerslider/js/layerslider.kreaturamedia.jquery.js HTTP/1.1" 200 19760 "http://www.linkservices.com.au/" "Mozilla/5.0 (Windows NT 10.0) AppleWebKit/537.36 (KHTML, like Gecko) Chrome/51.0.2704.84 Safari/537.36"
203.214.121.189 - - [18/Jun/2016:12:28:47 +1000] "GET /fonts/typicons.woff HTTP/1.1" 200 60464 "http://www.linkservices.com.au/css/typicons.min.css" "Mozilla/5.0 (Windows NT 10.0) AppleWebKit/537.36 (KHTML, like Gecko) Chrome/51.0.2704.84 Safari/537.36"
203.214.121.189 - - [18/Jun/2016:12:28:47 +1000] "GET /img/parallax/02.jpg HTTP/1.1" 200 651412 "http://www.linkservices.com.au/" "Mozilla/5.0 (Windows NT 10.0) AppleWebKit/537.36 (KHTML, like Gecko) Chrome/51.0.2704.84 Safari/537.36"
203.214.121.189 - - [18/Jun/2016:12:28:48 +1000] "GET /img/masterslider/01.jpg HTTP/1.1" 200 766148 "http://www.linkservices.com.au/" "Mozilla/5.0 (Windows NT 10.0) AppleWebKit/537.36 (KHTML, like Gecko) Chrome/51.0.2704.84 Safari/537.36"
203.214.121.189 - - [18/Jun/2016:12:28:49 +1000] "GET /img/masterslider/03.jpg HTTP/1.1" 200 1187289 "http://www.linkservices.com.au/" "Mozilla/5.0 (Windows NT 10.0) AppleWebKit/537.36 (KHTML, like Gecko) Chrome/51.0.2704.84 Safari/537.36"
203.214.121.189 - - [18/Jun/2016:12:28:49 +1000] "GET /img/masterslider/02.jpg HTTP/1.1" 200 589463 "http://www.linkservices.com.au/" "Mozilla/5.0 (Windows NT 10.0) AppleWebKit/537.36 (KHTML, like Gecko) Chrome/51.0.2704.84 Safari/537.36"
180.200.129.134 - - [18/Jun/2016:20:42:45 +1000] "GET /layerslider/css/layerslider.css HTTP/1.1" 200 3040 "http://www.linkservices.com.au/tips.html" "Mozilla/5.0 (Linux; U; Android 4.4.2; en-au; GT-P5210 Build/KOT49H) AppleWebKit/534.30 (KHTML, like Gecko) Version/4.0 Safari/534.30"
180.200.129.134 - - [18/Jun/2016:20:42:45 +1000] "GET /js/animate.js HTTP/1.1" 200 311 "http://www.linkservices.com.au/tips.html" "Mozilla/5.0 (Linux; U; Android 4.4.2; en-au; GT-P5210 Build/KOT49H) AppleWebKit/534.30 (KHTML, like Gecko) Version/4.0 Safari/534.30"
122.149.96.4 - - [18/Jun/2016:11:47:30 +1000] "GET /contact.html HTTP/1.1" 200 5005 "http://www.linkservices.com.au/" "Mozilla/5.0 (Windows NT 6.1; WOW64) AppleWebKit/537.36 (KHTML, like Gecko) Chrome/51.0.2704.84 Safari/537.36"
180.200.129.134 - - [18/Jun/2016:20:42:45 +1000] "GET /rs-plugin/css/settings.css HTTP/1.1" 200 7988 "http://www.linkservices.com.au/tips.html" "Mozilla/5.0 (Linux; U; Android 4.4.2; en-au; GT-P5210 Build/KOT49H) AppleWebKit/534.30 (KHTML, like Gecko) Version/4.0 Safari/534.30"
180.200.129.134 - - [18/Jun/2016:20:42:45 +1000] "GET /layerslider/js/layerslider.transitions.js HTTP/1.1" 200 3195 "http://www.linkservices.com.au/tips.html" "Mozilla/5.0 (Linux; U; Android 4.4.2; en-au; GT-P5210 Build/KOT49H) AppleWebKit/534.30 (KHTML, like Gecko) Version/4.0 Safari/534.30"
66.249.79.129 - - [18/Jun/2016:16:17:27 +1000] "GET /robots.txt HTTP/1.1" 404 232 "-" "Mozilla/5.0 (compatible; Googlebot/2.1; +http://www.google.com/bot.html)"
140.168.135.1 - - [18/Jun/2016:18:50:14 +1000] "GET /js/jquery.easing.js HTTP/1.1" 304 - "-" "Mozilla/4.0 (compatible;)"
140.168.135.1 - - [18/Jun/2016:06:11:59 +1000] "GET /js/animate.js HTTP/1.1" 304 - "-" "Mozilla/4.0 (compatible;)"
122.149.96.4 - - [18/Jun/2016:11:46:34 +1000] "GET /css/entypo.css HTTP/1.1" 200 2639 "http://www.linkservices.com.au/" "Mozilla/5.0 (Windows NT 6.1; WOW64) AppleWebKit/537.36 (KHTML, like Gecko) Chrome/51.0.2704.84 Safari/537.36"
122.149.96.4 - - [18/Jun/2016:11:46:34 +1000] "GET /css/flexslider.css HTTP/1.1" 200 1097 "http://www.linkservices.com.au/" "Mozilla/5.0 (Windows NT 6.1; WOW64) AppleWebKit/537.36 (KHTML, like Gecko) Chrome/51.0.2704.84 Safari/537.36"
122.149.96.4 - - [18/Jun/2016:11:46:35 +1000] "GET /js/jquery.easing.js HTTP/1.1" 200 1984 "http://www.linkservices.com.au/" "Mozilla/5.0 (Windows NT 6.1; WOW64) AppleWebKit/537.36 (KHTML, like Gecko) Chrome/51.0.2704.84 Safari/537.36"
122.149.96.4 - - [18/Jun/2016:11:46:35 +1000] "GET /js/animate.js HTTP/1.1" 200 311 "http://www.linkservices.com.au/" "Mozilla/5.0 (Windows NT 6.1; WOW64) AppleWebKit/537.36 (KHTML, like Gecko) Chrome/51.0.2704.84 Safari/537.36"
122.149.96.4 - - [18/Jun/2016:11:46:36 +1000] "GET /js/retina.js HTTP/1.1" 200 695 "http://www.linkservices.com.au/" "Mozilla/5.0 (Windows NT 6.1; WOW64) AppleWebKit/537.36 (KHTML, like Gecko) Chrome/51.0.2704.84 Safari/537.36"
122.149.96.4 - - [18/Jun/2016:11:46:36 +1000] "GET /js/jquery.flexslider-min.js HTTP/1.1" 200 5268 "http://www.linkservices.com.au/" "Mozilla/5.0 (Windows NT 6.1; WOW64) AppleWebKit/537.36 (KHTML, like Gecko) Chrome/51.0.2704.84 Safari/537.36"
122.149.96.4 - - [18/Jun/2016:11:46:37 +1000] "GET /rs-plugin/js/jquery.themepunch.revolution.min.js HTTP/1.1" 200 24288 "http://www.linkservices.com.au/" "Mozilla/5.0 (Windows NT 6.1; WOW64) AppleWebKit/537.36 (KHTML, like Gecko) Chrome/51.0.2704.84 Safari/537.36"
122.149.96.4 - - [18/Jun/2016:11:46:38 +1000] "GET /img/logo.png HTTP/1.1" 200 5688 "http://www.linkservices.com.au/" "Mozilla/5.0 (Windows NT 6.1; WOW64) AppleWebKit/537.36 (KHTML, like Gecko) Chrome/51.0.2704.84 Safari/537.36"
122.149.96.4 - - [18/Jun/2016:11:46:39 +1000] "GET /img/parallax/02.jpg HTTP/1.1" 200 651412 "http://www.linkservices.com.au/" "Mozilla/5.0 (Windows NT 6.1; WOW64) AppleWebKit/537.36 (KHTML, like Gecko) Chrome/51.0.2704.84 Safari/537.36"
122.149.96.4 - - [18/Jun/2016:11:46:54 +1000] "GET /img/masterslider/02.jpg HTTP/1.1" 200 589463 "http://www.linkservices.com.au/" "Mozilla/5.0 (Windows NT 6.1; WOW64) AppleWebKit/537.36 (KHTML, like Gecko) Chrome/51.0.2704.84 Safari/537.36"
203.214.121.189 - - [18/Jun/2016:12:28:46 +1000] "GET /css/bootstrap.css HTTP/1.1" 200 16472 "http://www.linkservices.com.au/" "Mozilla/5.0 (Windows NT 10.0) AppleWebKit/537.36 (KHTML, like Gecko) Chrome/51.0.2704.84 Safari/537.36"
203.214.121.189 - - [18/Jun/2016:12:28:47 +1000] "GET /rs-plugin/js/jquery.themepunch.plugins.min.js HTTP/1.1" 200 28770 "http://www.linkservices.com.au/" "Mozilla/5.0 (Windows NT 10.0) AppleWebKit/537.36 (KHTML, like Gecko) Chrome/51.0.2704.84 Safari/537.36"
203.214.121.189 - - [18/Jun/2016:12:28:48 +1000] "GET /masterslider/style/grab.png HTTP/1.1" 200 2893 "http://www.linkservices.com.au/masterslider/style/masterslider.css" "Mozilla/5.0 (Windows NT 10.0) AppleWebKit/537.36 (KHTML, like Gecko) Chrome/51.0.2704.84 Safari/537.36"
180.200.129.134 - - [18/Jun/2016:20:42:45 +1000] "GET /js/jquery.sticky.js HTTP/1.1" 200 1463 "http://www.linkservices.com.au/tips.html" "Mozilla/5.0 (Linux; U; Android 4.4.2; en-au; GT-P5210 Build/KOT49H) AppleWebKit/534.30 (KHTML, like Gecko) Version/4.0 Safari/534.30"
180.200.129.134 - - [18/Jun/2016:20:42:45 +1000] "GET /js/scale.fix.js HTTP/1.1" 200 279 "http://www.linkservices.com.au/tips.html" "Mozilla/5.0 (Linux; U; Android 4.4.2; en-au; GT-P5210 Build/KOT49H) AppleWebKit/534.30 (KHTML, like Gecko) Version/4.0 Safari/534.30"
180.200.129.134 - - [18/Jun/2016:20:43:14 +1000] "GET /js/jquery-1.10.2.js HTTP/1.1" 200 32811 "http://www.linkservices.com.au/tips.html" "Mozilla/5.0 (Linux; U; Android 4.4.2; en-au; GT-P5210 Build/KOT49H) AppleWebKit/534.30 (KHTML, like Gecko) Version/4.0 Safari/534.30"
180.200.129.134 - - [18/Jun/2016:20:43:25 +1000] "GET /js/scale.fix.js HTTP/1.1" 200 279 "http://www.linkservices.com.au/tips.html" "Mozilla/5.0 (Linux; U; Android 4.4.2; en-au; GT-P5210 Build/KOT49H) AppleWebKit/534.30 (KHTML, like Gecko) Version/4.0 Safari/534.30"
180.200.129.134 - - [18/Jun/2016:20:43:25 +1000] "GET /js/jquery.countdown.js HTTP/1.1" 200 1155 "http://www.linkservices.com.au/tips.html" "Mozilla/5.0 (Linux; U; Android 4.4.2; en-au; GT-P5210 Build/KOT49H) AppleWebKit/534.30 (KHTML, like Gecko) Version/4.0 Safari/534.30"
180.200.129.134 - - [18/Jun/2016:20:43:27 +1000] "GET /js/jquery.flexslider-min.js HTTP/1.1" 200 5268 "http://www.linkservices.com.au/tips.html" "Mozilla/5.0 (Linux; U; Android 4.4.2; en-au; GT-P5210 Build/KOT49H) AppleWebKit/534.30 (KHTML, like Gecko) Version/4.0 Safari/534.30"
180.200.129.134 - - [18/Jun/2016:20:43:27 +1000] "GET /js/jquery.refineslide.js HTTP/1.1" 200 7184 "http://www.linkservices.com.au/tips.html" "Mozilla/5.0 (Linux; U; Android 4.4.2; en-au; GT-P5210 Build/KOT49H) AppleWebKit/534.30 (KHTML, like Gecko) Version/4.0 Safari/534.30"
180.200.129.134 - - [18/Jun/2016:20:43:28 +1000] "GET /layerslider/js/greensock.js HTTP/1.1" 200 24583 "http://www.linkservices.com.au/tips.html" "Mozilla/5.0 (Linux; U; Android 4.4.2; en-au; GT-P5210 Build/KOT49H) AppleWebKit/534.30 (KHTML, like Gecko) Version/4.0 Safari/534.30"
140.168.135.1 - - [18/Jun/2016:15:06:37 +1000] "GET /css/flexslider.css HTTP/1.1" 304 - "-" "Mozilla/4.0 (compatible;)"
180.200.129.134 - - [18/Jun/2016:20:42:45 +1000] "GET /js/bootstrap.js HTTP/1.1" 200 11112 "http://www.linkservices.com.au/tips.html" "Mozilla/5.0 (Linux; U; Android 4.4.2; en-au; GT-P5210 Build/KOT49H) AppleWebKit/534.30 (KHTML, like Gecko) Version/4.0 Safari/534.30"
180.200.129.134 - - [18/Jun/2016:20:42:45 +1000] "GET /rs-plugin/js/jquery.themepunch.revolution.min.js HTTP/1.1" 200 24288 "http://www.linkservices.com.au/tips.html" "Mozilla/5.0 (Linux; U; Android 4.4.2; en-au; GT-P5210 Build/KOT49H) AppleWebKit/534.30 (KHTML, like Gecko) Version/4.0 Safari/534.30"
180.200.129.134 - - [18/Jun/2016:20:42:46 +1000] "GET /img/logo_white.png HTTP/1.1" 200 9781 "http://www.linkservices.com.au/tips.html" "Mozilla/5.0 (Linux; U; Android 4.4.2; en-au; GT-P5210 Build/KOT49H) AppleWebKit/534.30 (KHTML, like Gecko) Version/4.0 Safari/534.30"
66.249.79.137 - - [18/Jun/2016:18:01:40 +1000] "GET / HTTP/1.1" 200 6133 "-" "Mozilla/5.0 (compatible; Googlebot/2.1; +http://www.google.com/bot.html)"
180.76.15.15 - - [18/Jun/2016:19:42:43 +1000] "GET /js/jquery.countdown.js HTTP/1.1" 200 1155 "-" "Mozilla/5.0 (compatible; Baiduspider/2.0; +http://www.baidu.com/search/spider.html)"
122.149.96.4 - - [18/Jun/2016:11:46:33 +1000] "GET /css/styles.css HTTP/1.1" 200 11528 "http://www.linkservices.com.au/" "Mozilla/5.0 (Windows NT 6.1; WOW64) AppleWebKit/537.36 (KHTML, like Gecko) Chrome/51.0.2704.84 Safari/537.36"
122.149.96.4 - - [18/Jun/2016:11:46:34 +1000] "GET /css/animate.css HTTP/1.1" 200 5119 "http://www.linkservices.com.au/" "Mozilla/5.0 (Windows NT 6.1; WOW64) AppleWebKit/537.36 (KHTML, like Gecko) Chrome/51.0.2704.84 Safari/537.36"
122.149.96.4 - - [18/Jun/2016:11:46:35 +1000] "GET /js/jquery-1.10.2.js HTTP/1.1" 200 32811 "http://www.linkservices.com.au/" "Mozilla/5.0 (Windows NT 6.1; WOW64) AppleWebKit/537.36 (KHTML, like Gecko) Chrome/51.0.2704.84 Safari/537.36"
122.149.96.4 - - [18/Jun/2016:11:46:36 +1000] "GET /layerslider/js/layerslider.transitions.js HTTP/1.1" 200 3195 "http://www.linkservices.com.au/" "Mozilla/5.0 (Windows NT 6.1; WOW64) AppleWebKit/537.36 (KHTML, like Gecko) Chrome/51.0.2704.84 Safari/537.36"
122.149.96.4 - - [18/Jun/2016:11:46:37 +1000] "GET /masterslider/masterslider.js HTTP/1.1" 200 36146 "http://www.linkservices.com.au/" "Mozilla/5.0 (Windows NT 6.1; WOW64) AppleWebKit/537.36 (KHTML, like Gecko) Chrome/51.0.2704.84 Safari/537.36"
122.149.96.4 - - [18/Jun/2016:11:46:41 +1000] "GET /img/masterslider/04.jpg HTTP/1.1" 200 748158 "http://www.linkservices.com.au/" "Mozilla/5.0 (Windows NT 6.1; WOW64) AppleWebKit/537.36 (KHTML, like Gecko) Chrome/51.0.2704.84 Safari/537.36"
122.149.96.4 - - [18/Jun/2016:11:46:33 +1000] "GET /css/magnific-popup.css HTTP/1.1" 200 1896 "http://www.linkservices.com.au/" "Mozilla/5.0 (Windows NT 6.1; WOW64) AppleWebKit/537.36 (KHTML, like Gecko) Chrome/51.0.2704.84 Safari/537.36"
122.149.96.4 - - [18/Jun/2016:11:46:34 +1000] "GET /masterslider/style/masterslider.css HTTP/1.1" 200 1960 "http://www.linkservices.com.au/" "Mozilla/5.0 (Windows NT 6.1; WOW64) AppleWebKit/537.36 (KHTML, like Gecko) Chrome/51.0.2704.84 Safari/537.36"
122.149.96.4 - - [18/Jun/2016:11:46:34 +1000] "GET /js/modernizr.js HTTP/1.1" 200 6139 "http://www.linkservices.com.au/" "Mozilla/5.0 (Windows NT 6.1; WOW64) AppleWebKit/537.36 (KHTML, like Gecko) Chrome/51.0.2704.84 Safari/537.36"
122.149.96.4 - - [18/Jun/2016:11:46:35 +1000] "GET /js/jquery.parallax-1.1.3.js HTTP/1.1" 200 822 "http://www.linkservices.com.au/" "Mozilla/5.0 (Windows NT 6.1; WOW64) AppleWebKit/537.36 (KHTML, like Gecko) Chrome/51.0.2704.84 Safari/537.36"
122.149.96.4 - - [18/Jun/2016:11:46:36 +1000] "GET /js/jquery.countdown.js HTTP/1.1" 200 1155 "http://www.linkservices.com.au/" "Mozilla/5.0 (Windows NT 6.1; WOW64) AppleWebKit/537.36 (KHTML, like Gecko) Chrome/51.0.2704.84 Safari/537.36"
122.149.96.4 - - [18/Jun/2016:11:46:36 +1000] "GET /layerslider/js/layerslider.kreaturamedia.jquery.js HTTP/1.1" 200 19760 "http://www.linkservices.com.au/" "Mozilla/5.0 (Windows NT 6.1; WOW64) AppleWebKit/537.36 (KHTML, like Gecko) Chrome/51.0.2704.84 Safari/537.36"
122.149.96.4 - - [18/Jun/2016:11:46:38 +1000] "GET /fonts/typicons.woff HTTP/1.1" 200 60464 "http://www.linkservices.com.au/css/typicons.min.css" "Mozilla/5.0 (Windows NT 6.1; WOW64) AppleWebKit/537.36 (KHTML, like Gecko) Chrome/51.0.2704.84 Safari/537.36"
122.149.96.4 - - [18/Jun/2016:11:46:41 +1000] "GET /masterslider/skins/default/light-skin-1.png HTTP/1.1" 200 4267 "http://www.linkservices.com.au/masterslider/skins/default/style.css" "Mozilla/5.0 (Windows NT 6.1; WOW64) AppleWebKit/537.36 (KHTML, like Gecko) Chrome/51.0.2704.84 Safari/537.36"
180.200.129.134 - - [18/Jun/2016:20:42:45 +1000] "GET /css/styles.css HTTP/1.1" 200 11528 "http://www.linkservices.com.au/tips.html" "Mozilla/5.0 (Linux; U; Android 4.4.2; en-au; GT-P5210 Build/KOT49H) AppleWebKit/534.30 (KHTML, like Gecko) Version/4.0 Safari/534.30"
180.200.129.134 - - [18/Jun/2016:20:42:45 +1000] "GET /layerslider/js/layerslider.kreaturamedia.jquery.js HTTP/1.1" 200 19760 "http://www.linkservices.com.au/tips.html" "Mozilla/5.0 (Linux; U; Android 4.4.2; en-au; GT-P5210 Build/KOT49H) AppleWebKit/534.30 (KHTML, like Gecko) Version/4.0 Safari/534.30"
54.183.97.11 - - [18/Jun/2016:14:35:39 +1000] "GET /contact.html HTTP/1.1" 200 20884 "-" "Mozilla/5.0 (compatible; DomainAppender /1.0; +http://www.profound.net/domainappender)"
54.183.97.11 - - [18/Jun/2016:14:35:42 +1000] "GET /faq.html HTTP/1.1" 200 38382 "-" "Mozilla/5.0 (compatible; DomainAppender /1.0; +http://www.profound.net/domainappender)"
180.200.129.134 - - [18/Jun/2016:20:42:45 +1000] "GET /css/magnific-popup.css HTTP/1.1" 200 1896 "http://www.linkservices.com.au/tips.html" "Mozilla/5.0 (Linux; U; Android 4.4.2; en-au; GT-P5210 Build/KOT49H) AppleWebKit/534.30 (KHTML, like Gecko) Version/4.0 Safari/534.30"
180.200.129.134 - - [18/Jun/2016:20:42:45 +1000] "GET /js/jquery.fitvids.js HTTP/1.1" 200 1200 "http://www.linkservices.com.au/tips.html" "Mozilla/5.0 (Linux; U; Android 4.4.2; en-au; GT-P5210 Build/KOT49H) AppleWebKit/534.30 (KHTML, like Gecko) Version/4.0 Safari/534.30"
66.249.79.242 - - [18/Jun/2016:02:38:09 +1000] "GET / HTTP/1.1" 200 6133 "-" "Mozilla/5.0 (compatible; Googlebot/2.1; +http://www.google.com/bot.html)"
195.154.211.183 - - [18/Jun/2016:07:05:44 +1000] "GET /wp-login.php HTTP/1.0" 404 285 "-" "Mozilla/5.0 (Windows NT 6.1) AppleWebKit/537.36 (KHTML, like Gecko) Chrome/41.0.2228.0 Safari/537.36"
180.200.129.134 - - [18/Jun/2016:20:43:30 +1000] "GET /rs-plugin/js/jquery.themepunch.revolution.min.js HTTP/1.1" 200 24288 "http://www.linkservices.com.au/tips.html" "Mozilla/5.0 (Linux; U; Android 4.4.2; en-au; GT-P5210 Build/KOT49H) AppleWebKit/534.30 (KHTML, like Gecko) Version/4.0 Safari/534.30"
180.200.129.134 - - [18/Jun/2016:20:43:31 +1000] "GET /masterslider/masterslider.js HTTP/1.1" 200 36146 "http://www.linkservices.com.au/tips.html" "Mozilla/5.0 (Linux; U; Android 4.4.2; en-au; GT-P5210 Build/KOT49H) AppleWebKit/534.30 (KHTML, like Gecko) Version/4.0 Safari/534.30"
180.200.129.134 - - [18/Jun/2016:20:43:32 +1000] "GET /js/functions.js HTTP/1.1" 200 4398 "http://www.linkservices.com.au/tips.html" "Mozilla/5.0 (Linux; U; Android 4.4.2; en-au; GT-P5210 Build/KOT49H) AppleWebKit/534.30 (KHTML, like Gecko) Version/4.0 Safari/534.30"
180.200.129.134 - - [18/Jun/2016:20:43:33 +1000] "GET /fonts/fontawesome-webfont.woff?v=4.1.0 HTTP/1.1" 200 83760 "http://www.linkservices.com.au/tips.html" "Mozilla/5.0 (Linux; U; Android 4.4.2; en-au; GT-P5210 Build/KOT49H) AppleWebKit/534.30 (KHTML, like Gecko) Version/4.0 Safari/534.30"
180.200.129.134 - - [18/Jun/2016:20:43:34 +1000] "GET /img/favicon.png HTTP/1.1" 200 463 "http://www.linkservices.com.au/tips.html" "Mozilla/5.0 (Linux; U; Android 4.4.2; en-au; GT-P5210 Build/KOT49H) AppleWebKit/534.30 (KHTML, like Gecko) Version/4.0 Safari/534.30"
203.214.121.189 - - [18/Jun/2016:12:28:46 +1000] "GET /css/magnific-popup.css HTTP/1.1" 200 1896 "http://www.linkservices.com.au/" "Mozilla/5.0 (Windows NT 10.0) AppleWebKit/537.36 (KHTML, like Gecko) Chrome/51.0.2704.84 Safari/537.36"
203.214.121.189 - - [18/Jun/2016:12:28:46 +1000] "GET /css/font-awesome.min.css HTTP/1.1" 200 4698 "http://www.linkservices.com.au/" "Mozilla/5.0 (Windows NT 10.0) AppleWebKit/537.36 (KHTML, like Gecko) Chrome/51.0.2704.84 Safari/537.36"
203.214.121.189 - - [18/Jun/2016:12:28:47 +1000] "GET /masterslider/style/masterslider.css HTTP/1.1" 200 1960 "http://www.linkservices.com.au/" "Mozilla/5.0 (Windows NT 10.0) AppleWebKit/537.36 (KHTML, like Gecko) Chrome/51.0.2704.84 Safari/537.36"
203.214.121.189 - - [18/Jun/2016:12:28:47 +1000] "GET /css/flexslider.css HTTP/1.1" 200 1097 "http://www.linkservices.com.au/" "Mozilla/5.0 (Windows NT 10.0) AppleWebKit/537.36 (KHTML, like Gecko) Chrome/51.0.2704.84 Safari/537.36"
203.214.121.189 - - [18/Jun/2016:12:28:47 +1000] "GET /js/modernizr.js HTTP/1.1" 200 6139 "http://www.linkservices.com.au/" "Mozilla/5.0 (Windows NT 10.0) AppleWebKit/537.36 (KHTML, like Gecko) Chrome/51.0.2704.84 Safari/537.36"
203.214.121.189 - - [18/Jun/2016:12:28:47 +1000] "GET /js/bootstrap.js HTTP/1.1" 200 11112 "http://www.linkservices.com.au/" "Mozilla/5.0 (Windows NT 10.0) AppleWebKit/537.36 (KHTML, like Gecko) Chrome/51.0.2704.84 Safari/537.36"
203.214.121.189 - - [18/Jun/2016:12:28:47 +1000] "GET /masterslider/masterslider.js HTTP/1.1" 200 36146 "http://www.linkservices.com.au/" "Mozilla/5.0 (Windows NT 10.0) AppleWebKit/537.36 (KHTML, like Gecko) Chrome/51.0.2704.84 Safari/537.36"
203.214.121.189 - - [18/Jun/2016:12:28:48 +1000] "GET /masterslider/style/loading-2.gif HTTP/1.1" 200 2707 "http://www.linkservices.com.au/masterslider/style/masterslider.css" "Mozilla/5.0 (Windows NT 10.0) AppleWebKit/537.36 (KHTML, like Gecko) Chrome/51.0.2704.84 Safari/537.36"
203.214.121.189 - - [18/Jun/2016:12:28:48 +1000] "GET /masterslider/skins/default/light-skin-1.png HTTP/1.1" 200 4267 "http://www.linkservices.com.au/masterslider/skins/default/style.css" "Mozilla/5.0 (Windows NT 10.0) AppleWebKit/537.36 (KHTML, like Gecko) Chrome/51.0.2704.84 Safari/537.36"
54.183.251.180 - - [18/Jun/2016:12:53:00 +1000] "GET /robots.txt HTTP/1.1" 404 283 "-" "Mozilla/5.0 (compatible; DomainAppender /1.0; +http://www.profound.net/domainappender)"
49.195.20.161 - - [18/Jun/2016:09:50:15 +1000] "GET /css/entypo.css HTTP/1.1" 200 2639 "http://www.linkservices.com.au/" "Mozilla/5.0 (Windows NT 6.1; WOW64) AppleWebKit/537.36 (KHTML, like Gecko) Chrome/51.0.2704.84 Safari/537.36"
49.195.20.161 - - [18/Jun/2016:09:50:15 +1000] "GET /masterslider/style/masterslider.css HTTP/1.1" 200 1960 "http://www.linkservices.com.au/" "Mozilla/5.0 (Windows NT 6.1; WOW64) AppleWebKit/537.36 (KHTML, like Gecko) Chrome/51.0.2704.84 Safari/537.36"
49.195.20.161 - - [18/Jun/2016:09:50:15 +1000] "GET /js/modernizr.js HTTP/1.1" 200 6139 "http://www.linkservices.com.au/" "Mozilla/5.0 (Windows NT 6.1; WOW64) AppleWebKit/537.36 (KHTML, like Gecko) Chrome/51.0.2704.84 Safari/537.36"
49.195.20.161 - - [18/Jun/2016:09:50:16 +1000] "GET /js/jquery.easing.js HTTP/1.1" 200 1984 "http://www.linkservices.com.au/" "Mozilla/5.0 (Windows NT 6.1; WOW64) AppleWebKit/537.36 (KHTML, like Gecko) Chrome/51.0.2704.84 Safari/537.36"
49.195.20.161 - - [18/Jun/2016:09:50:16 +1000] "GET /js/jquery.parallax-1.1.3.js HTTP/1.1" 200 822 "http://www.linkservices.com.au/" "Mozilla/5.0 (Windows NT 6.1; WOW64) AppleWebKit/537.36 (KHTML, like Gecko) Chrome/51.0.2704.84 Safari/537.36"
49.195.20.161 - - [18/Jun/2016:09:50:17 +1000] "GET /img/logo.png HTTP/1.1" 200 5688 "http://www.linkservices.com.au/" "Mozilla/5.0 (Windows NT 6.1; WOW64) AppleWebKit/537.36 (KHTML, like Gecko) Chrome/51.0.2704.84 Safari/537.36"
49.195.20.161 - - [18/Jun/2016:09:50:17 +1000] "GET /js/jquery.flexslider-min.js HTTP/1.1" 200 5268 "http://www.linkservices.com.au/" "Mozilla/5.0 (Windows NT 6.1; WOW64) AppleWebKit/537.36 (KHTML, like Gecko) Chrome/51.0.2704.84 Safari/537.36"
49.195.20.161 - - [18/Jun/2016:09:50:22 +1000] "GET /img/masterslider/01.jpg HTTP/1.1" 200 766148 "http://www.linkservices.com.au/" "Mozilla/5.0 (Windows NT 6.1; WOW64) AppleWebKit/537.36 (KHTML, like Gecko) Chrome/51.0.2704.84 Safari/537.36"
49.195.20.161 - - [18/Jun/2016:09:50:26 +1000] "GET /img/masterslider/03.jpg HTTP/1.1" 200 1187289 "http://www.linkservices.com.au/" "Mozilla/5.0 (Windows NT 6.1; WOW64) AppleWebKit/537.36 (KHTML, like Gecko) Chrome/51.0.2704.84 Safari/537.36"
49.195.20.161 - - [18/Jun/2016:09:50:32 +1000] "GET /img/masterslider/02.jpg HTTP/1.1" 200 589463 "http://www.linkservices.com.au/" "Mozilla/5.0 (Windows NT 6.1; WOW64) AppleWebKit/537.36 (KHTML, like Gecko) Chrome/51.0.2704.84 Safari/537.36"
49.195.20.161 - - [18/Jun/2016:09:50:34 +1000] "HEAD /img/logo@2x.png HTTP/1.1" 404 - "http://www.linkservices.com.au/" "Mozilla/5.0 (Windows NT 6.1; WOW64) AppleWebKit/537.36 (KHTML, like Gecko) Chrome/51.0.2704.84 Safari/537.36"
49.195.20.161 - - [18/Jun/2016:09:50:34 +1000] "GET /img/favicon.png HTTP/1.1" 200 463 "http://www.linkservices.com.au/" "Mozilla/5.0 (Windows NT 6.1; WOW64) AppleWebKit/537.36 (KHTML, like Gecko) Chrome/51.0.2704.84 Safari/537.36"
180.200.129.134 - - [18/Jun/2016:20:42:45 +1000] "GET /css/refineslide.css HTTP/1.1" 200 806 "http://www.linkservices.com.au/tips.html" "Mozilla/5.0 (Linux; U; Android 4.4.2; en-au; GT-P5210 Build/KOT49H) AppleWebKit/534.30 (KHTML, like Gecko) Version/4.0 Safari/534.30"
180.200.129.134 - - [18/Jun/2016:20:42:45 +1000] "GET /js/jquery.countdown.js HTTP/1.1" 200 1155 "http://www.linkservices.com.au/tips.html" "Mozilla/5.0 (Linux; U; Android 4.4.2; en-au; GT-P5210 Build/KOT49H) AppleWebKit/534.30 (KHTML, like Gecko) Version/4.0 Safari/534.30"
122.149.96.4 - - [18/Jun/2016:11:46:33 +1000] "GET /css/bootstrap.css HTTP/1.1" 200 16472 "http://www.linkservices.com.au/" "Mozilla/5.0 (Windows NT 6.1; WOW64) AppleWebKit/537.36 (KHTML, like Gecko) Chrome/51.0.2704.84 Safari/537.36"
122.149.96.4 - - [18/Jun/2016:11:46:34 +1000] "GET /rs-plugin/css/settings.css HTTP/1.1" 200 7988 "http://www.linkservices.com.au/" "Mozilla/5.0 (Windows NT 6.1; WOW64) AppleWebKit/537.36 (KHTML, like Gecko) Chrome/51.0.2704.84 Safari/537.36"
122.149.96.4 - - [18/Jun/2016:11:46:35 +1000] "GET /js/tinynav.min.js HTTP/1.1" 200 482 "http://www.linkservices.com.au/" "Mozilla/5.0 (Windows NT 6.1; WOW64) AppleWebKit/537.36 (KHTML, like Gecko) Chrome/51.0.2704.84 Safari/537.36"
122.149.96.4 - - [18/Jun/2016:11:46:35 +1000] "GET /js/jquery.isotope.min.js HTTP/1.1" 200 5000 "http://www.linkservices.com.au/" "Mozilla/5.0 (Windows NT 6.1; WOW64) AppleWebKit/537.36 (KHTML, like Gecko) Chrome/51.0.2704.84 Safari/537.36"
122.149.96.4 - - [18/Jun/2016:11:46:36 +1000] "GET /js/scale.fix.js HTTP/1.1" 200 279 "http://www.linkservices.com.au/" "Mozilla/5.0 (Windows NT 6.1; WOW64) AppleWebKit/537.36 (KHTML, like Gecko) Chrome/51.0.2704.84 Safari/537.36"
122.149.96.4 - - [18/Jun/2016:11:46:36 +1000] "GET /layerslider/js/greensock.js HTTP/1.1" 200 24583 "http://www.linkservices.com.au/" "Mozilla/5.0 (Windows NT 6.1; WOW64) AppleWebKit/537.36 (KHTML, like Gecko) Chrome/51.0.2704.84 Safari/537.36"
122.149.96.4 - - [18/Jun/2016:11:46:37 +1000] "GET /fonts/fontawesome-webfont.woff?v=4.1.0 HTTP/1.1" 200 83760 "http://www.linkservices.com.au/css/font-awesome.min.css" "Mozilla/5.0 (Windows NT 6.1; WOW64) AppleWebKit/537.36 (KHTML, like Gecko) Chrome/51.0.2704.84 Safari/537.36"
122.149.96.4 - - [18/Jun/2016:11:46:41 +1000] "GET /masterslider/style/loading-2.gif HTTP/1.1" 200 2707 "http://www.linkservices.com.au/masterslider/style/masterslider.css" "Mozilla/5.0 (Windows NT 6.1; WOW64) AppleWebKit/537.36 (KHTML, like Gecko) Chrome/51.0.2704.84 Safari/537.36"
180.200.129.134 - - [18/Jun/2016:20:42:45 +1000] "GET /css/typicons.min.css HTTP/1.1" 200 2634 "http://www.linkservices.com.au/tips.html" "Mozilla/5.0 (Linux; U; Android 4.4.2; en-au; GT-P5210 Build/KOT49H) AppleWebKit/534.30 (KHTML, like Gecko) Version/4.0 Safari/534.30"
180.200.129.134 - - [18/Jun/2016:20:42:45 +1000] "GET /js/jquery.isotope.min.js HTTP/1.1" 200 5000 "http://www.linkservices.com.au/tips.html" "Mozilla/5.0 (Linux; U; Android 4.4.2; en-au; GT-P5210 Build/KOT49H) AppleWebKit/534.30 (KHTML, like Gecko) Version/4.0 Safari/534.30"
52.41.111.219 - - [18/Jun/2016:21:59:57 +1000] "GET / HTTP/1.1" 200 22509 "-" "Mozilla/5.0 (compatible; DomainAppender /1.0; +http://www.profound.net/domainappender)"
66.249.79.151 - - [18/Jun/2016:04:22:00 +1000] "GET / HTTP/1.1" 200 6133 "-" "Mozilla/5.0 (compatible; Googlebot/2.1; +http://www.google.com/bot.html)"
192.99.9.164 - - [18/Jun/2016:08:08:39 +1000] "GET / HTTP/1.1" 200 6133 "-" "Mozilla/5.0 (Macintosh; Intel Mac OS X 10_8_4) AppleWebKit/537.36 (KHTML, like Gecko) Chrome/27.0.1453.110 Safari/537.36"
52.11.177.53 - - [18/Jun/2016:10:40:40 +1000] "GET / HTTP/1.1" 200 22509 "-" "Mozilla/5.0 (compatible; DomainAppender /1.0; +http://www.profound.net/domainappender)"
180.76.15.157 - - [18/Jun/2016:13:42:43 +1000] "GET /rs-plugin/js/'+i+' HTTP/1.1" 404 242 "-" "Mozilla/5.0 (compatible; Baiduspider/2.0; +http://www.baidu.com/search/spider.html)"
180.200.129.134 - - [18/Jun/2016:20:42:45 +1000] "GET /css/entypo.css HTTP/1.1" 200 2639 "http://www.linkservices.com.au/tips.html" "Mozilla/5.0 (Linux; U; Android 4.4.2; en-au; GT-P5210 Build/KOT49H) AppleWebKit/534.30 (KHTML, like Gecko) Version/4.0 Safari/534.30"
180.200.129.134 - - [18/Jun/2016:20:42:45 +1000] "GET /js/jquery.parallax-1.1.3.js HTTP/1.1" 200 822 "http://www.linkservices.com.au/tips.html" "Mozilla/5.0 (Linux; U; Android 4.4.2; en-au; GT-P5210 Build/KOT49H) AppleWebKit/534.30 (KHTML, like Gecko) Version/4.0 Safari/534.30"
52.37.27.41 - - [19/Jun/2016:00:45:14 +1000] "GET / HTTP/1.1" 200 22509 "-" "Mozilla/5.0 (compatible; DomainAppender /1.0; +http://www.profound.net/domainappender)"
52.27.39.3 - - [19/Jun/2016:00:34:05 +1000] "GET / HTTP/1.1" 200 22509 "-" "Mozilla/5.0 (compatible; DomainAppender /1.0; +http://www.profound.net/domainappender)"
66.249.79.242 - - [19/Jun/2016:00:18:48 +1000] "GET / HTTP/1.1" 200 6133 "-" "Mozilla/5.0 (compatible; Googlebot/2.1; +http://www.google.com/bot.html)"
52.37.27.41 - - [19/Jun/2016:00:45:50 +1000] "GET /contact.html HTTP/1.1" 200 20884 "-" "Mozilla/5.0 (compatible; DomainAppender /1.0; +http://www.profound.net/domainappender)"
52.37.27.41 - - [19/Jun/2016:00:45:54 +1000] "GET /faq.html HTTP/1.1" 200 38382 "-" "Mozilla/5.0 (compatible; DomainAppender /1.0; +http://www.profound.net/domainappender)"
52.27.39.3 - - [19/Jun/2016:00:35:05 +1000] "GET /faq.html HTTP/1.1" 200 38382 "-" "Mozilla/5.0 (compatible; DomainAppender /1.0; +http://www.profound.net/domainappender)"
52.27.39.3 - - [19/Jun/2016:00:34:48 +1000] "GET /contact.html HTTP/1.1" 200 20884 "-" "Mozilla/5.0 (compatible; DomainAppender /1.0; +http://www.profound.net/domainappender)"
52.27.39.3 - - [19/Jun/2016:00:33:56 +1000] "GET /robots.txt HTTP/1.1" 404 283 "-" "Mozilla/5.0 (compatible; DomainAppender /1.0; +http://www.profound.net/domainappender)"
140.168.135.1 - - [19/Jun/2016:00:53:29 +1000] "GET /js/tinynav.min.js HTTP/1.1" 304 - "-" "Mozilla/4.0 (compatible;)"
52.37.27.41 - - [19/Jun/2016:00:44:57 +1000] "GET /robots.txt HTTP/1.1" 404 283 "-" "Mozilla/5.0 (compatible; DomainAppender /1.0; +http://www.profound.net/domainappender)"
67.192.51.30 - - [19/Jun/2016:06:08:27 +1000] "GET /contact.html HTTP/1.1" 200 20884 "-" "Mozilla/5.0 (Windows NT 6.2; Win64; x64) AppleWebKit/537.36 (KHTML, like Gecko) Chrome/32.0.1667.0 Safari/537.36"
220.181.108.105 - - [19/Jun/2016:05:39:43 +1000] "GET / HTTP/1.1" 304 - "-" "Mozilla/5.0 (compatible; Baiduspider/2.0; +http://www.baidu.com/search/spider.html)"
157.55.39.98 - - [19/Jun/2016:05:21:51 +1000] "GET /contact.html HTTP/1.1" 200 5005 "-" "Mozilla/5.0 (compatible; bingbot/2.0; +http://www.bing.com/bingbot.htm)"
157.55.39.98 - - [19/Jun/2016:05:21:51 +1000] "GET /portal.html HTTP/1.1" 200 4721 "-" "Mozilla/5.0 (compatible; bingbot/2.0; +http://www.bing.com/bingbot.htm)"
157.55.39.98 - - [19/Jun/2016:05:21:52 +1000] "GET /tips.html HTTP/1.1" 200 6353 "-" "Mozilla/5.0 (compatible; bingbot/2.0; +http://www.bing.com/bingbot.htm)"
111.206.36.9 - - [19/Jun/2016:02:09:22 +1000] "GET /robots.txt HTTP/1.1" 404 232 "-" "Mozilla/5.0 (Windows NT 10.0; WOW64) AppleWebKit/537.36 (KHTML, like Gecko) Chrome/45.0.2454.93 Safari/537.36"
54.159.135.48 - - [19/Jun/2016:04:50:46 +1000] "GET / HTTP/1.1" 200 22509 "-" "Mozilla/5.0 (compatible; DomainAppender /1.0; +http://www.profound.net/domainappender)"
140.168.135.1 - - [19/Jun/2016:05:32:06 +1000] "GET /js/animate.js HTTP/1.1" 304 - "-" "Mozilla/4.0 (compatible;)"
54.159.135.48 - - [19/Jun/2016:04:50:34 +1000] "GET /robots.txt HTTP/1.1" 404 283 "-" "Mozilla/5.0 (compatible; DomainAppender /1.0; +http://www.profound.net/domainappender)"
157.55.39.238 - - [19/Jun/2016:05:22:20 +1000] "GET /faq.html HTTP/1.1" 200 9037 "-" "Mozilla/5.0 (compatible; bingbot/2.0; +http://www.bing.com/bingbot.htm)"
157.55.39.238 - - [19/Jun/2016:05:22:20 +1000] "GET / HTTP/1.1" 200 6133 "-" "Mozilla/5.0 (compatible; bingbot/2.0; +http://www.bing.com/bingbot.htm)"
54.159.135.48 - - [19/Jun/2016:04:51:05 +1000] "GET /contact.html HTTP/1.1" 200 20884 "-" "Mozilla/5.0 (compatible; DomainAppender /1.0; +http://www.profound.net/domainappender)"
54.159.135.48 - - [19/Jun/2016:04:51:20 +1000] "GET /faq.html HTTP/1.1" 200 38382 "-" "Mozilla/5.0 (compatible; DomainAppender /1.0; +http://www.profound.net/domainappender)"
66.249.79.137 - - [19/Jun/2016:02:35:57 +1000] "GET / HTTP/1.1" 200 6133 "-" "Mozilla/5.0 (compatible; Googlebot/2.1; +http://www.google.com/bot.html)"
207.46.13.20 - - [19/Jun/2016:05:21:47 +1000] "GET /quote.html HTTP/1.1" 200 6086 "-" "Mozilla/5.0 (compatible; bingbot/2.0; +http://www.bing.com/bingbot.htm)"
207.46.13.20 - - [19/Jun/2016:05:21:47 +1000] "GET /index.html HTTP/1.1" 200 6133 "-" "Mozilla/5.0 (compatible; bingbot/2.0; +http://www.bing.com/bingbot.htm)"
54.193.21.136 - - [19/Jun/2016:11:37:22 +1000] "GET /robots.txt HTTP/1.1" 404 283 "-" "Mozilla/5.0 (compatible; DomainAppender /1.0; +http://www.profound.net/domainappender)"
61.135.216.45 - - [19/Jun/2016:09:32:17 +1000] "GET /robots.txt HTTP/1.0" 404 232 "-" "viz/Nutch-1.7"
107.21.1.8 - - [19/Jun/2016:11:02:06 +1000] "GET / HTTP/1.1" 200 6133 "http://www.linkservices.com.au/" "Mozilla/5.0 (compatible; DuckDuckGo-Favicons-Bot/1.0; +http://duckduckgo.com)"
107.21.1.8 - - [19/Jun/2016:11:02:06 +1000] "GET /img/favicon.png HTTP/1.1" 200 463 "http://www.linkservices.com.au/img/favicon.png" "Mozilla/5.0 (compatible; DuckDuckGo-Favicons-Bot/1.0; +http://duckduckgo.com)"
124.179.215.239 - - [19/Jun/2016:12:27:48 +1000] "GET /css/styles.css HTTP/1.1" 200 11528 "http://www.linkservices.com.au/" "Mozilla/5.0 (Windows NT 6.1; WOW64; rv:45.0) Gecko/20100101 Firefox/45.0"
124.179.215.239 - - [19/Jun/2016:12:27:48 +1000] "GET /masterslider/style/masterslider.css HTTP/1.1" 200 1960 "http://www.linkservices.com.au/" "Mozilla/5.0 (Windows NT 6.1; WOW64; rv:45.0) Gecko/20100101 Firefox/45.0"
124.179.215.239 - - [19/Jun/2016:12:27:48 +1000] "GET /js/modernizr.js HTTP/1.1" 200 6139 "http://www.linkservices.com.au/" "Mozilla/5.0 (Windows NT 6.1; WOW64; rv:45.0) Gecko/20100101 Firefox/45.0"
124.179.215.239 - - [19/Jun/2016:12:27:48 +1000] "GET /js/jquery.isotope.min.js HTTP/1.1" 200 5000 "http://www.linkservices.com.au/" "Mozilla/5.0 (Windows NT 6.1; WOW64; rv:45.0) Gecko/20100101 Firefox/45.0"
124.179.215.239 - - [19/Jun/2016:12:27:48 +1000] "GET /js/jquery.countdown.js HTTP/1.1" 200 1155 "http://www.linkservices.com.au/" "Mozilla/5.0 (Windows NT 6.1; WOW64; rv:45.0) Gecko/20100101 Firefox/45.0"
124.179.215.239 - - [19/Jun/2016:12:27:48 +1000] "GET /layerslider/js/layerslider.kreaturamedia.jquery.js HTTP/1.1" 200 19760 "http://www.linkservices.com.au/" "Mozilla/5.0 (Windows NT 6.1; WOW64; rv:45.0) Gecko/20100101 Firefox/45.0"
124.179.215.239 - - [19/Jun/2016:12:27:49 +1000] "GET /img/divider.png HTTP/1.1" 200 2801 "http://www.linkservices.com.au/css/styles.css" "Mozilla/5.0 (Windows NT 6.1; WOW64; rv:45.0) Gecko/20100101 Firefox/45.0"
124.179.215.239 - - [19/Jun/2016:12:27:49 +1000] "GET /masterslider/blank.gif HTTP/1.1" 200 43 "http://www.linkservices.com.au/" "Mozilla/5.0 (Windows NT 6.1; WOW64; rv:45.0) Gecko/20100101 Firefox/45.0"
66.249.79.242 - - [19/Jun/2016:10:38:52 +1000] "GET / HTTP/1.1" 200 6133 "-" "DoCoMo/2.0 N905i(c100;TB;W24H16) (compatible; Googlebot-Mobile/2.1; +http://www.google.com/bot.html)"
124.179.215.239 - - [19/Jun/2016:12:27:48 +1000] "GET /css/magnific-popup.css HTTP/1.1" 200 1896 "http://www.linkservices.com.au/" "Mozilla/5.0 (Windows NT 6.1; WOW64; rv:45.0) Gecko/20100101 Firefox/45.0"
124.179.215.239 - - [19/Jun/2016:12:27:48 +1000] "GET /css/flexslider.css HTTP/1.1" 200 1097 "http://www.linkservices.com.au/" "Mozilla/5.0 (Windows NT 6.1; WOW64; rv:45.0) Gecko/20100101 Firefox/45.0"
124.179.215.239 - - [19/Jun/2016:12:27:48 +1000] "GET /js/bootstrap.js HTTP/1.1" 200 11112 "http://www.linkservices.com.au/" "Mozilla/5.0 (Windows NT 6.1; WOW64; rv:45.0) Gecko/20100101 Firefox/45.0"
124.179.215.239 - - [19/Jun/2016:12:27:48 +1000] "GET /js/jquery.fitvids.js HTTP/1.1" 200 1200 "http://www.linkservices.com.au/" "Mozilla/5.0 (Windows NT 6.1; WOW64; rv:45.0) Gecko/20100101 Firefox/45.0"
124.179.215.239 - - [19/Jun/2016:12:27:48 +1000] "GET /js/retina.js HTTP/1.1" 200 695 "http://www.linkservices.com.au/" "Mozilla/5.0 (Windows NT 6.1; WOW64; rv:45.0) Gecko/20100101 Firefox/45.0"
124.179.215.239 - - [19/Jun/2016:12:27:48 +1000] "GET /js/jquery.refineslide.js HTTP/1.1" 200 7184 "http://www.linkservices.com.au/" "Mozilla/5.0 (Windows NT 6.1; WOW64; rv:45.0) Gecko/20100101 Firefox/45.0"
124.179.215.239 - - [19/Jun/2016:12:27:48 +1000] "GET /masterslider/masterslider.js HTTP/1.1" 200 36146 "http://www.linkservices.com.au/" "Mozilla/5.0 (Windows NT 6.1; WOW64; rv:45.0) Gecko/20100101 Firefox/45.0"
124.179.215.239 - - [19/Jun/2016:12:27:49 +1000] "GET /img/parallax/02.jpg HTTP/1.1" 200 651412 "http://www.linkservices.com.au/" "Mozilla/5.0 (Windows NT 6.1; WOW64; rv:45.0) Gecko/20100101 Firefox/45.0"
124.179.215.239 - - [19/Jun/2016:12:27:52 +1000] "GET /masterslider/style/loading-2.gif HTTP/1.1" 200 2707 "http://www.linkservices.com.au/masterslider/style/masterslider.css" "Mozilla/5.0 (Windows NT 6.1; WOW64; rv:45.0) Gecko/20100101 Firefox/45.0"
180.76.15.16 - - [19/Jun/2016:07:42:43 +1000] "GET /contact.html HTTP/1.1" 200 5005 "-" "Mozilla/5.0 (compatible; Baiduspider/2.0; +http://www.baidu.com/search/spider.html)"
67.192.51.30 - - [19/Jun/2016:13:01:09 +1000] "GET /contact.html HTTP/1.1" 200 20884 "-" "Mozilla/5.0 (Windows NT 6.2; Win64; x64) AppleWebKit/537.36 (KHTML, like Gecko) Chrome/32.0.1667.0 Safari/537.36"
52.40.113.225 - - [19/Jun/2016:10:36:47 +1000] "GET /faq.html HTTP/1.1" 200 38382 "-" "Mozilla/5.0 (compatible; DomainAppender /1.0; +http://www.profound.net/domainappender)"
66.249.79.137 - - [19/Jun/2016:07:27:23 +1000] "GET /robots.txt HTTP/1.1" 404 232 "-" "Mozilla/5.0 (compatible; Googlebot/2.1; +http://www.google.com/bot.html)"
66.249.79.137 - - [19/Jun/2016:07:27:24 +1000] "GET / HTTP/1.1" 200 6133 "-" "Mozilla/5.0 (compatible; Googlebot/2.1; +http://www.google.com/bot.html)"
52.40.113.225 - - [19/Jun/2016:10:35:59 +1000] "GET /robots.txt HTTP/1.1" 404 283 "-" "Mozilla/5.0 (compatible; DomainAppender /1.0; +http://www.profound.net/domainappender)"
66.249.82.252 - - [19/Jun/2016:08:11:21 +1000] "GET /img/logo.png HTTP/1.1" 200 5688 "-" "Mozilla/5.0 (Windows NT 5.1; rv:11.0) Gecko Firefox/11.0 (via ggpht.com GoogleImageProxy)"
66.249.79.242 - - [19/Jun/2016:09:56:52 +1000] "GET / HTTP/1.1" 200 6133 "-" "Mozilla/5.0 (Linux; Android 6.0.1; Nexus 5X Build/MMB29P) AppleWebKit/537.36 (KHTML, like Gecko) Chrome/41.0.2272.96 Mobile Safari/537.36 (compatible; Googlebot/2.1; +http://www.google.com/bot.html)"
52.40.113.225 - - [19/Jun/2016:10:36:12 +1000] "GET / HTTP/1.1" 200 22509 "-" "Mozilla/5.0 (compatible; DomainAppender /1.0; +http://www.profound.net/domainappender)"
52.40.113.225 - - [19/Jun/2016:10:36:27 +1000] "GET /contact.html HTTP/1.1" 200 20884 "-" "Mozilla/5.0 (compatible; DomainAppender /1.0; +http://www.profound.net/domainappender)"
124.179.215.239 - - [19/Jun/2016:12:27:48 +1000] "GET /css/font-awesome.min.css HTTP/1.1" 200 4698 "http://www.linkservices.com.au/" "Mozilla/5.0 (Windows NT 6.1; WOW64; rv:45.0) Gecko/20100101 Firefox/45.0"
124.179.215.239 - - [19/Jun/2016:12:27:48 +1000] "GET /rs-plugin/css/settings.css HTTP/1.1" 200 7988 "http://www.linkservices.com.au/" "Mozilla/5.0 (Windows NT 6.1; WOW64; rv:45.0) Gecko/20100101 Firefox/45.0"
124.179.215.239 - - [19/Jun/2016:12:27:48 +1000] "GET /js/jquery.sticky.js HTTP/1.1" 200 1463 "http://www.linkservices.com.au/" "Mozilla/5.0 (Windows NT 6.1; WOW64; rv:45.0) Gecko/20100101 Firefox/45.0"
124.179.215.239 - - [19/Jun/2016:12:27:48 +1000] "GET /js/scale.fix.js HTTP/1.1" 200 279 "http://www.linkservices.com.au/" "Mozilla/5.0 (Windows NT 6.1; WOW64; rv:45.0) Gecko/20100101 Firefox/45.0"
124.179.215.239 - - [19/Jun/2016:12:27:48 +1000] "GET /layerslider/js/layerslider.transitions.js HTTP/1.1" 200 3195 "http://www.linkservices.com.au/" "Mozilla/5.0 (Windows NT 6.1; WOW64; rv:45.0) Gecko/20100101 Firefox/45.0"
124.179.215.239 - - [19/Jun/2016:12:27:49 +1000] "GET /fonts/typicons.woff HTTP/1.1" 200 60464 "http://www.linkservices.com.au/css/typicons.min.css" "Mozilla/5.0 (Windows NT 6.1; WOW64; rv:45.0) Gecko/20100101 Firefox/45.0"
124.179.215.239 - - [19/Jun/2016:12:27:49 +1000] "GET /img/logo_white.png HTTP/1.1" 200 9781 "http://www.linkservices.com.au/" "Mozilla/5.0 (Windows NT 6.1; WOW64; rv:45.0) Gecko/20100101 Firefox/45.0"
124.179.215.239 - - [19/Jun/2016:12:27:52 +1000] "GET /img/masterslider/01.jpg HTTP/1.1" 200 766148 "http://www.linkservices.com.au/" "Mozilla/5.0 (Windows NT 6.1; WOW64; rv:45.0) Gecko/20100101 Firefox/45.0"
124.179.215.239 - - [19/Jun/2016:12:27:54 +1000] "GET /img/masterslider/03.jpg HTTP/1.1" 200 1187289 "http://www.linkservices.com.au/" "Mozilla/5.0 (Windows NT 6.1; WOW64; rv:45.0) Gecko/20100101 Firefox/45.0"
124.179.215.239 - - [19/Jun/2016:12:27:56 +1000] "GET /img/masterslider/02.jpg HTTP/1.1" 200 589463 "http://www.linkservices.com.au/" "Mozilla/5.0 (Windows NT 6.1; WOW64; rv:45.0) Gecko/20100101 Firefox/45.0"
124.179.215.239 - - [19/Jun/2016:12:27:57 +1000] "GET /portal.html HTTP/1.1" 200 4721 "http://www.linkservices.com.au/" "Mozilla/5.0 (Windows NT 6.1; WOW64; rv:45.0) Gecko/20100101 Firefox/45.0"
66.249.79.129 - - [19/Jun/2016:13:42:21 +1000] "GET /js/functions.js HTTP/1.1" 200 4398 "http://www.linkservices.com.au/" "Mozilla/5.0 (compatible; Googlebot/2.1; +http://www.google.com/bot.html)"
66.249.79.129 - - [19/Jun/2016:13:42:23 +1000] "GET /masterslider/masterslider.js HTTP/1.1" 200 36146 "http://www.linkservices.com.au/" "Mozilla/5.0 (compatible; Googlebot/2.1; +http://www.google.com/bot.html)"
66.249.79.129 - - [19/Jun/2016:13:42:24 +1000] "GET /js/modernizr.js HTTP/1.1" 200 6139 "http://www.linkservices.com.au/" "Mozilla/5.0 (compatible; Googlebot/2.1; +http://www.google.com/bot.html)"
66.249.79.129 - - [19/Jun/2016:13:42:25 +1000] "GET /js/tinynav.min.js HTTP/1.1" 200 482 "http://www.linkservices.com.au/" "Mozilla/5.0 (compatible; Googlebot/2.1; +http://www.google.com/bot.html)"
66.249.79.129 - - [19/Jun/2016:13:42:26 +1000] "GET /layerslider/js/greensock.js HTTP/1.1" 200 24583 "http://www.linkservices.com.au/" "Mozilla/5.0 (compatible; Googlebot/2.1; +http://www.google.com/bot.html)"
66.249.79.129 - - [19/Jun/2016:13:42:27 +1000] "GET /js/jquery.isotope.min.js HTTP/1.1" 200 5000 "http://www.linkservices.com.au/" "Mozilla/5.0 (compatible; Googlebot/2.1; +http://www.google.com/bot.html)"
61.135.216.45 - - [19/Jun/2016:09:32:18 +1000] "GET /quote.html HTTP/1.0" 200 6086 "-" "viz/Nutch-1.7"
124.179.215.239 - - [19/Jun/2016:12:27:48 +1000] "GET /css/animate.css HTTP/1.1" 200 5119 "http://www.linkservices.com.au/" "Mozilla/5.0 (Windows NT 6.1; WOW64; rv:45.0) Gecko/20100101 Firefox/45.0"
124.179.215.239 - - [19/Jun/2016:12:27:48 +1000] "GET /css/typicons.min.css HTTP/1.1" 200 2634 "http://www.linkservices.com.au/" "Mozilla/5.0 (Windows NT 6.1; WOW64; rv:45.0) Gecko/20100101 Firefox/45.0"
124.179.215.239 - - [19/Jun/2016:12:27:48 +1000] "GET /js/jquery.easing.js HTTP/1.1" 200 1984 "http://www.linkservices.com.au/" "Mozilla/5.0 (Windows NT 6.1; WOW64; rv:45.0) Gecko/20100101 Firefox/45.0"
124.179.215.239 - - [19/Jun/2016:12:27:48 +1000] "GET /js/animate.js HTTP/1.1" 200 311 "http://www.linkservices.com.au/" "Mozilla/5.0 (Windows NT 6.1; WOW64; rv:45.0) Gecko/20100101 Firefox/45.0"
124.179.215.239 - - [19/Jun/2016:12:27:48 +1000] "GET /js/respond.min.js HTTP/1.1" 200 2061 "http://www.linkservices.com.au/" "Mozilla/5.0 (Windows NT 6.1; WOW64; rv:45.0) Gecko/20100101 Firefox/45.0"
124.179.215.239 - - [19/Jun/2016:12:27:48 +1000] "GET /rs-plugin/js/jquery.themepunch.plugins.min.js HTTP/1.1" 200 28770 "http://www.linkservices.com.au/" "Mozilla/5.0 (Windows NT 6.1; WOW64; rv:45.0) Gecko/20100101 Firefox/45.0"
124.179.215.239 - - [19/Jun/2016:12:27:49 +1000] "GET /js/functions.js HTTP/1.1" 200 4398 "http://www.linkservices.com.au/" "Mozilla/5.0 (Windows NT 6.1; WOW64; rv:45.0) Gecko/20100101 Firefox/45.0"
124.179.215.239 - - [19/Jun/2016:12:27:49 +1000] "GET /img/logo.png HTTP/1.1" 200 5688 "http://www.linkservices.com.au/" "Mozilla/5.0 (Windows NT 6.1; WOW64; rv:45.0) Gecko/20100101 Firefox/45.0"
124.179.215.239 - - [19/Jun/2016:12:27:52 +1000] "GET /img/masterslider/04.jpg HTTP/1.1" 200 748158 "http://www.linkservices.com.au/" "Mozilla/5.0 (Windows NT 6.1; WOW64; rv:45.0) Gecko/20100101 Firefox/45.0"
124.171.66.46 - - [19/Jun/2016:17:50:57 +1000] "GET /layerslider/css/layerslider.css HTTP/1.1" 200 3040 "http://www.linkservices.com.au/" "Mozilla/5.0 (Windows NT 10.0; WOW64) AppleWebKit/537.36 (KHTML, like Gecko) Chrome/51.0.2704.103 Safari/537.36"
124.171.66.46 - - [19/Jun/2016:17:50:58 +1000] "GET /css/typicons.min.css HTTP/1.1" 200 2634 "http://www.linkservices.com.au/" "Mozilla/5.0 (Windows NT 10.0; WOW64) AppleWebKit/537.36 (KHTML, like Gecko) Chrome/51.0.2704.103 Safari/537.36"
124.171.66.46 - - [19/Jun/2016:17:50:58 +1000] "GET /img/divider.png HTTP/1.1" 200 2801 "http://www.linkservices.com.au/css/styles.css" "Mozilla/5.0 (Windows NT 10.0; WOW64) AppleWebKit/537.36 (KHTML, like Gecko) Chrome/51.0.2704.103 Safari/537.36"
124.171.66.46 - - [19/Jun/2016:17:51:01 +1000] "GET /masterslider/style/grab.png HTTP/1.1" 200 2893 "http://www.linkservices.com.au/masterslider/style/masterslider.css" "Mozilla/5.0 (Windows NT 10.0; WOW64) AppleWebKit/537.36 (KHTML, like Gecko) Chrome/51.0.2704.103 Safari/537.36"
203.214.39.142 - - [19/Jun/2016:18:19:10 +1000] "GET /css/bootstrap.css HTTP/1.0" 200 115659 "http://www.linkservices.com.au/" "Mozilla/5.0 (Windows NT 10.0; WOW64; Trident/7.0; rv:11.0) like Gecko"
203.214.39.142 - - [19/Jun/2016:18:19:10 +1000] "GET /js/jquery-1.10.2.js HTTP/1.0" 200 93111 "http://www.linkservices.com.au/" "Mozilla/5.0 (Windows NT 10.0; WOW64; Trident/7.0; rv:11.0) like Gecko"
203.214.39.142 - - [19/Jun/2016:18:19:10 +1000] "GET /js/jquery.isotope.min.js HTTP/1.0" 200 15977 "http://www.linkservices.com.au/" "Mozilla/5.0 (Windows NT 10.0; WOW64; Trident/7.0; rv:11.0) like Gecko"
140.168.135.1 - - [19/Jun/2016:11:26:06 +1000] "GET /js/respond.min.js HTTP/1.1" 304 - "-" "Mozilla/4.0 (compatible;)"
157.55.39.66 - - [19/Jun/2016:18:49:57 +1000] "GET /css/animate.css HTTP/1.1" 200 5119 "-" "Mozilla/5.0 (compatible; bingbot/2.0; +http://www.bing.com/bingbot.htm)"
157.55.39.66 - - [19/Jun/2016:18:49:57 +1000] "GET /js/jquery-1.10.2.js HTTP/1.1" 200 32811 "-" "Mozilla/5.0 (compatible; bingbot/2.0; +http://www.bing.com/bingbot.htm)"
157.55.39.66 - - [19/Jun/2016:18:49:58 +1000] "GET /js/jquery.easing.js HTTP/1.1" 200 1984 "-" "Mozilla/5.0 (compatible; bingbot/2.0; +http://www.bing.com/bingbot.htm)"
157.55.39.66 - - [19/Jun/2016:18:49:58 +1000] "GET /js/jquery.fitvids.js HTTP/1.1" 200 1200 "-" "Mozilla/5.0 (compatible; bingbot/2.0; +http://www.bing.com/bingbot.htm)"
157.55.39.66 - - [19/Jun/2016:18:49:58 +1000] "GET /js/modernizr.js HTTP/1.1" 200 6139 "-" "Mozilla/5.0 (compatible; bingbot/2.0; +http://www.bing.com/bingbot.htm)"
157.55.39.66 - - [19/Jun/2016:18:49:59 +1000] "GET /js/scale.fix.js HTTP/1.1" 200 279 "-" "Mozilla/5.0 (compatible; bingbot/2.0; +http://www.bing.com/bingbot.htm)"
157.55.39.66 - - [19/Jun/2016:18:49:59 +1000] "GET /layerslider/js/greensock.js HTTP/1.1" 200 24583 "-" "Mozilla/5.0 (compatible; bingbot/2.0; +http://www.bing.com/bingbot.htm)"
157.55.39.66 - - [19/Jun/2016:18:50:02 +1000] "GET /layerslider/js/layerslider.kreaturamedia.jquery.js HTTP/1.1" 200 19760 "-" "Mozilla/5.0 (compatible; bingbot/2.0; +http://www.bing.com/bingbot.htm)"
157.55.39.66 - - [19/Jun/2016:18:50:02 +1000] "GET /layerslider/js/layerslider.transitions.js HTTP/1.1" 200 3195 "-" "Mozilla/5.0 (compatible; bingbot/2.0; +http://www.bing.com/bingbot.htm)"
157.55.12.72 - - [19/Jun/2016:19:50:53 +1000] "GET /css/bootstrap.css HTTP/1.1" 200 16472 "http://www.linkservices.com.au/index.html" "Mozilla/5.0 (Windows NT 6.1; WOW64) AppleWebKit/534+ (KHTML, like Gecko) BingPreview/1.0b"
157.55.12.72 - - [19/Jun/2016:19:50:53 +1000] "GET /css/flexslider.css HTTP/1.1" 200 1097 "http://www.linkservices.com.au/index.html" "Mozilla/5.0 (Windows NT 6.1; WOW64) AppleWebKit/534+ (KHTML, like Gecko) BingPreview/1.0b"
157.55.12.72 - - [19/Jun/2016:19:50:54 +1000] "GET /img/logo.png HTTP/1.1" 200 5688 "http://www.linkservices.com.au/index.html" "Mozilla/5.0 (Windows NT 6.1; WOW64) AppleWebKit/534+ (KHTML, like Gecko) BingPreview/1.0b"
157.55.12.72 - - [19/Jun/2016:19:50:54 +1000] "GET /fonts/fontawesome-webfont.ttf?v=4.1.0 HTTP/1.1" 200 141564 "http://www.linkservices.com.au/index.html" "Mozilla/5.0 (Windows NT 6.1; WOW64) AppleWebKit/534+ (KHTML, like Gecko) BingPreview/1.0b"
157.55.12.72 - - [19/Jun/2016:19:50:55 +1000] "GET /js/jquery.parallax-1.1.3.js HTTP/1.1" 200 822 "http://www.linkservices.com.au/index.html" "Mozilla/5.0 (Windows NT 6.1; WOW64) AppleWebKit/534+ (KHTML, like Gecko) BingPreview/1.0b"
157.55.12.72 - - [19/Jun/2016:19:50:56 +1000] "GET /js/jquery.magnific-popup.min.js HTTP/1.1" 200 7493 "http://www.linkservices.com.au/index.html" "Mozilla/5.0 (Windows NT 6.1; WOW64) AppleWebKit/534+ (KHTML, like Gecko) BingPreview/1.0b"
157.55.12.72 - - [19/Jun/2016:19:50:56 +1000] "GET /js/retina.js HTTP/1.1" 200 695 "http://www.linkservices.com.au/index.html" "Mozilla/5.0 (Windows NT 6.1; WOW64) AppleWebKit/534+ (KHTML, like Gecko) BingPreview/1.0b"
157.55.12.72 - - [19/Jun/2016:19:50:56 +1000] "GET /js/respond.min.js HTTP/1.1" 200 2061 "http://www.linkservices.com.au/index.html" "Mozilla/5.0 (Windows NT 6.1; WOW64) AppleWebKit/534+ (KHTML, like Gecko) BingPreview/1.0b"
210.50.96.144 - - [19/Jun/2016:18:34:59 +1000] "GET /css/styles.css HTTP/1.1" 200 11528 "http://www.linkservices.com.au/" "Mozilla/5.0 (Windows NT 6.1) AppleWebKit/537.36 (KHTML, like Gecko) Chrome/51.0.2704.84 Safari/537.36"
210.50.96.144 - - [19/Jun/2016:18:34:59 +1000] "GET /css/entypo.css HTTP/1.1" 200 2639 "http://www.linkservices.com.au/" "Mozilla/5.0 (Windows NT 6.1) AppleWebKit/537.36 (KHTML, like Gecko) Chrome/51.0.2704.84 Safari/537.36"
210.50.96.144 - - [19/Jun/2016:18:34:59 +1000] "GET /css/typicons.min.css HTTP/1.1" 200 2634 "http://www.linkservices.com.au/" "Mozilla/5.0 (Windows NT 6.1) AppleWebKit/537.36 (KHTML, like Gecko) Chrome/51.0.2704.84 Safari/537.36"
210.50.96.144 - - [19/Jun/2016:18:34:59 +1000] "GET /masterslider/style/masterslider.css HTTP/1.1" 200 1960 "http://www.linkservices.com.au/" "Mozilla/5.0 (Windows NT 6.1) AppleWebKit/537.36 (KHTML, like Gecko) Chrome/51.0.2704.84 Safari/537.36"
