110.32.163.116 - - [20/Jun/2016:13:39:40 +1000] "GET /js/jquery.refineslide.js HTTP/1.1" 200 7184 "http://www.linkservices.com.au/" "Mozilla/5.0 (Macintosh; Intel Mac OS X 10_11_4) AppleWebKit/601.5.17 (KHTML, like Gecko) Version/9.1 Safari/601.5.17"
110.32.163.116 - - [20/Jun/2016:13:39:40 +1000] "GET /masterslider/masterslider.js HTTP/1.1" 200 36146 "http://www.linkservices.com.au/" "Mozilla/5.0 (Macintosh; Intel Mac OS X 10_11_4) AppleWebKit/601.5.17 (KHTML, like Gecko) Version/9.1 Safari/601.5.17"
110.32.163.116 - - [20/Jun/2016:13:39:42 +1000] "GET /img/divider.png HTTP/1.1" 200 2801 "http://www.linkservices.com.au/" "Mozilla/5.0 (Macintosh; Intel Mac OS X 10_11_4) AppleWebKit/601.5.17 (KHTML, like Gecko) Version/9.1 Safari/601.5.17"
110.32.163.116 - - [20/Jun/2016:13:39:44 +1000] "GET /img/masterslider/04.jpg HTTP/1.1" 200 748158 "http://www.linkservices.com.au/" "Mozilla/5.0 (Macintosh; Intel Mac OS X 10_11_4) AppleWebKit/601.5.17 (KHTML, like Gecko) Version/9.1 Safari/601.5.17"
1.144.96.208 - - [20/Jun/2016:11:40:21 +1000] "GET /css/font-awesome.min.css HTTP/1.1" 200 4698 "http://www.linkservices.com.au/" "Mozilla/5.0 (Linux; Android 5.0; SAMSUNG SM-G900I Build/LRX21T) AppleWebKit/537.36 (KHTML, like Gecko) SamsungBrowser/4.0 Chrome/44.0.2403.133 Mobile Safari/537.36"
1.144.96.208 - - [20/Jun/2016:11:40:21 +1000] "GET /js/jquery.fitvids.js HTTP/1.1" 200 1200 "http://www.linkservices.com.au/" "Mozilla/5.0 (Linux; Android 5.0; SAMSUNG SM-G900I Build/LRX21T) AppleWebKit/537.36 (KHTML, like Gecko) SamsungBrowser/4.0 Chrome/44.0.2403.133 Mobile Safari/537.36"
1.144.96.208 - - [20/Jun/2016:11:40:22 +1000] "GET /rs-plugin/js/jquery.themepunch.revolution.min.js HTTP/1.1" 200 24288 "http://www.linkservices.com.au/" "Mozilla/5.0 (Linux; Android 5.0; SAMSUNG SM-G900I Build/LRX21T) AppleWebKit/537.36 (KHTML, like Gecko) SamsungBrowser/4.0 Chrome/44.0.2403.133 Mobile Safari/537.36"
58.165.121.114 - - [20/Jun/2016:12:50:51 +1000] "GET /css/styles.css HTTP/1.1" 200 11528 "http://www.linkservices.com.au/" "Mozilla/5.0 (Windows NT 6.1; WOW64; rv:47.0) Gecko/20100101 Firefox/47.0"
58.165.121.114 - - [20/Jun/2016:12:50:51 +1000] "GET /css/entypo.css HTTP/1.1" 200 2639 "http://www.linkservices.com.au/" "Mozilla/5.0 (Windows NT 6.1; WOW64; rv:47.0) Gecko/20100101 Firefox/47.0"
58.165.121.114 - - [20/Jun/2016:12:50:51 +1000] "GET /css/refineslide.css HTTP/1.1" 200 806 "http://www.linkservices.com.au/" "Mozilla/5.0 (Windows NT 6.1; WOW64; rv:47.0) Gecko/20100101 Firefox/47.0"
58.165.121.114 - - [20/Jun/2016:12:50:51 +1000] "GET /js/tinynav.min.js HTTP/1.1" 200 482 "http://www.linkservices.com.au/" "Mozilla/5.0 (Windows NT 6.1; WOW64; rv:47.0) Gecko/20100101 Firefox/47.0"
58.165.121.114 - - [20/Jun/2016:12:50:52 +1000] "GET /js/jquery.magnific-popup.min.js HTTP/1.1" 200 7493 "http://www.linkservices.com.au/" "Mozilla/5.0 (Windows NT 6.1; WOW64; rv:47.0) Gecko/20100101 Firefox/47.0"
58.165.121.114 - - [20/Jun/2016:12:50:52 +1000] "GET /js/jquery.countdown.js HTTP/1.1" 200 1155 "http://www.linkservices.com.au/" "Mozilla/5.0 (Windows NT 6.1; WOW64; rv:47.0) Gecko/20100101 Firefox/47.0"
58.165.121.114 - - [20/Jun/2016:12:50:52 +1000] "GET /layerslider/js/layerslider.transitions.js HTTP/1.1" 200 3195 "http://www.linkservices.com.au/" "Mozilla/5.0 (Windows NT 6.1; WOW64; rv:47.0) Gecko/20100101 Firefox/47.0"
58.165.121.114 - - [20/Jun/2016:12:50:53 +1000] "GET /rs-plugin/js/jquery.themepunch.revolution.min.js HTTP/1.1" 200 24288 "http://www.linkservices.com.au/" "Mozilla/5.0 (Windows NT 6.1; WOW64; rv:47.0) Gecko/20100101 Firefox/47.0"
58.165.121.114 - - [20/Jun/2016:12:50:56 +1000] "GET /img/masterslider/04.jpg HTTP/1.1" 200 748158 "http://www.linkservices.com.au/" "Mozilla/5.0 (Windows NT 6.1; WOW64; rv:47.0) Gecko/20100101 Firefox/47.0"
110.32.163.116 - - [20/Jun/2016:13:39:40 +1000] "GET /css/animate.css HTTP/1.1" 200 5119 "http://www.linkservices.com.au/" "Mozilla/5.0 (Macintosh; Intel Mac OS X 10_11_4) AppleWebKit/601.5.17 (KHTML, like Gecko) Version/9.1 Safari/601.5.17"
110.32.163.116 - - [20/Jun/2016:13:39:40 +1000] "GET /masterslider/skins/default/style.css HTTP/1.1" 200 975 "http://www.linkservices.com.au/" "Mozilla/5.0 (Macintosh; Intel Mac OS X 10_11_4) AppleWebKit/601.5.17 (KHTML, like Gecko) Version/9.1 Safari/601.5.17"
110.32.163.116 - - [20/Jun/2016:13:39:40 +1000] "GET /js/jquery.easing.js HTTP/1.1" 200 1984 "http://www.linkservices.com.au/" "Mozilla/5.0 (Macintosh; Intel Mac OS X 10_11_4) AppleWebKit/601.5.17 (KHTML, like Gecko) Version/9.1 Safari/601.5.17"
110.32.163.116 - - [20/Jun/2016:13:39:40 +1000] "GET /js/jquery.isotope.min.js HTTP/1.1" 200 5000 "http://www.linkservices.com.au/" "Mozilla/5.0 (Macintosh; Intel Mac OS X 10_11_4) AppleWebKit/601.5.17 (KHTML, like Gecko) Version/9.1 Safari/601.5.17"
110.32.163.116 - - [20/Jun/2016:13:39:40 +1000] "GET /js/scale.fix.js HTTP/1.1" 200 279 "http://www.linkservices.com.au/" "Mozilla/5.0 (Macintosh; Intel Mac OS X 10_11_4) AppleWebKit/601.5.17 (KHTML, like Gecko) Version/9.1 Safari/601.5.17"
110.32.163.116 - - [20/Jun/2016:13:39:40 +1000] "GET /layerslider/js/layerslider.kreaturamedia.jquery.js HTTP/1.1" 200 19760 "http://www.linkservices.com.au/" "Mozilla/5.0 (Macintosh; Intel Mac OS X 10_11_4) AppleWebKit/601.5.17 (KHTML, like Gecko) Version/9.1 Safari/601.5.17"
110.32.163.116 - - [20/Jun/2016:13:39:42 +1000] "GET /img/parallax/02.jpg HTTP/1.1" 200 651412 "http://www.linkservices.com.au/" "Mozilla/5.0 (Macintosh; Intel Mac OS X 10_11_4) AppleWebKit/601.5.17 (KHTML, like Gecko) Version/9.1 Safari/601.5.17"
1.144.96.208 - - [20/Jun/2016:11:40:21 +1000] "GET /masterslider/style/masterslider.css HTTP/1.1" 200 1960 "http://www.linkservices.com.au/" "Mozilla/5.0 (Linux; Android 5.0; SAMSUNG SM-G900I Build/LRX21T) AppleWebKit/537.36 (KHTML, like Gecko) SamsungBrowser/4.0 Chrome/44.0.2403.133 Mobile Safari/537.36"
1.144.96.208 - - [20/Jun/2016:11:40:21 +1000] "GET /js/retina.js HTTP/1.1" 200 695 "http://www.linkservices.com.au/" "Mozilla/5.0 (Linux; Android 5.0; SAMSUNG SM-G900I Build/LRX21T) AppleWebKit/537.36 (KHTML, like Gecko) SamsungBrowser/4.0 Chrome/44.0.2403.133 Mobile Safari/537.36"
52.37.141.15 - - [20/Jun/2016:12:11:32 +1000] "GET /contact.html HTTP/1.1" 200 20884 "-" "Mozilla/5.0 (compatible; DomainAppender /1.0; +http://www.profound.net/domainappender)"
52.37.141.15 - - [20/Jun/2016:12:11:34 +1000] "GET /faq.html HTTP/1.1" 200 38382 "-" "Mozilla/5.0 (compatible; DomainAppender /1.0; +http://www.profound.net/domainappender)"
203.144.130.176 - - [20/Jun/2016:13:52:51 +1000] "GET /js/jquery-1.10.2.js HTTP/1.1" 200 32811 "http://www.linkservices.com.au/" "Mozilla/5.0 (Windows NT 5.1) AppleWebKit/537.36 (KHTML, like Gecko) Chrome/49.0.2623.112 Safari/537.36"
203.144.130.176 - - [20/Jun/2016:13:52:51 +1000] "GET /js/scale.fix.js HTTP/1.1" 200 279 "http://www.linkservices.com.au/" "Mozilla/5.0 (Windows NT 5.1) AppleWebKit/537.36 (KHTML, like Gecko) Chrome/49.0.2623.112 Safari/537.36"
203.144.130.176 - - [20/Jun/2016:13:52:51 +1000] "GET /layerslider/js/layerslider.kreaturamedia.jquery.js HTTP/1.1" 200 19760 "http://www.linkservices.com.au/" "Mozilla/5.0 (Windows NT 5.1) AppleWebKit/537.36 (KHTML, like Gecko) Chrome/49.0.2623.112 Safari/537.36"
203.144.130.176 - - [20/Jun/2016:13:52:52 +1000] "GET /fonts/fontawesome-webfont.woff?v=4.1.0 HTTP/1.1" 200 83760 "http://www.linkservices.com.au/css/font-awesome.min.css" "Mozilla/5.0 (Windows NT 5.1) AppleWebKit/537.36 (KHTML, like Gecko) Chrome/49.0.2623.112 Safari/537.36"
203.144.130.176 - - [20/Jun/2016:13:52:53 +1000] "GET /masterslider/skins/default/light-skin-1.png HTTP/1.1" 200 4267 "http://www.linkservices.com.au/masterslider/skins/default/style.css" "Mozilla/5.0 (Windows NT 5.1) AppleWebKit/537.36 (KHTML, like Gecko) Chrome/49.0.2623.112 Safari/537.36"
103.225.142.154 - - [20/Jun/2016:15:17:17 +1000] "GET / HTTP/1.1" 200 6133 "https://www.google.com.au/" "Mozilla/5.0 (Windows NT 10.0; WOW64) AppleWebKit/537.36 (KHTML, like Gecko) Chrome/51.0.2704.103 Safari/537.36"
103.225.142.154 - - [20/Jun/2016:15:17:17 +1000] "GET /css/bootstrap.css HTTP/1.1" 200 16472 "http://www.linkservices.com.au/" "Mozilla/5.0 (Windows NT 10.0; WOW64) AppleWebKit/537.36 (KHTML, like Gecko) Chrome/51.0.2704.103 Safari/537.36"
103.225.142.154 - - [20/Jun/2016:15:17:17 +1000] "GET /css/entypo.css HTTP/1.1" 200 2639 "http://www.linkservices.com.au/" "Mozilla/5.0 (Windows NT 10.0; WOW64) AppleWebKit/537.36 (KHTML, like Gecko) Chrome/51.0.2704.103 Safari/537.36"
103.225.142.154 - - [20/Jun/2016:15:17:17 +1000] "GET /css/refineslide.css HTTP/1.1" 200 806 "http://www.linkservices.com.au/" "Mozilla/5.0 (Windows NT 10.0; WOW64) AppleWebKit/537.36 (KHTML, like Gecko) Chrome/51.0.2704.103 Safari/537.36"
103.225.142.154 - - [20/Jun/2016:15:17:17 +1000] "GET /js/bootstrap.js HTTP/1.1" 200 11112 "http://www.linkservices.com.au/" "Mozilla/5.0 (Windows NT 10.0; WOW64) AppleWebKit/537.36 (KHTML, like Gecko) Chrome/51.0.2704.103 Safari/537.36"
103.225.142.154 - - [20/Jun/2016:15:17:17 +1000] "GET /js/respond.min.js HTTP/1.1" 200 2061 "http://www.linkservices.com.au/" "Mozilla/5.0 (Windows NT 10.0; WOW64) AppleWebKit/537.36 (KHTML, like Gecko) Chrome/51.0.2704.103 Safari/537.36"
203.144.130.176 - - [20/Jun/2016:13:52:51 +1000] "GET /js/jquery.sticky.js HTTP/1.1" 200 1463 "http://www.linkservices.com.au/" "Mozilla/5.0 (Windows NT 5.1) AppleWebKit/537.36 (KHTML, like Gecko) Chrome/49.0.2623.112 Safari/537.36"
203.144.130.176 - - [20/Jun/2016:13:52:51 +1000] "GET /js/animate.js HTTP/1.1" 200 311 "http://www.linkservices.com.au/" "Mozilla/5.0 (Windows NT 5.1) AppleWebKit/537.36 (KHTML, like Gecko) Chrome/49.0.2623.112 Safari/537.36"
203.144.130.176 - - [20/Jun/2016:13:52:51 +1000] "GET /js/jquery.isotope.min.js HTTP/1.1" 200 5000 "http://www.linkservices.com.au/" "Mozilla/5.0 (Windows NT 5.1) AppleWebKit/537.36 (KHTML, like Gecko) Chrome/49.0.2623.112 Safari/537.36"
203.144.130.176 - - [20/Jun/2016:13:52:51 +1000] "GET /js/jquery.countdown.js HTTP/1.1" 200 1155 "http://www.linkservices.com.au/" "Mozilla/5.0 (Windows NT 5.1) AppleWebKit/537.36 (KHTML, like Gecko) Chrome/49.0.2623.112 Safari/537.36"
203.144.130.176 - - [20/Jun/2016:13:52:51 +1000] "GET /rs-plugin/js/jquery.themepunch.revolution.min.js HTTP/1.1" 200 24288 "http://www.linkservices.com.au/" "Mozilla/5.0 (Windows NT 5.1) AppleWebKit/537.36 (KHTML, like Gecko) Chrome/49.0.2623.112 Safari/537.36"
203.144.130.176 - - [20/Jun/2016:13:52:53 +1000] "GET /img/masterslider/04.jpg HTTP/1.1" 200 748158 "http://www.linkservices.com.au/" "Mozilla/5.0 (Windows NT 5.1) AppleWebKit/537.36 (KHTML, like Gecko) Chrome/49.0.2623.112 Safari/537.36"
103.225.142.154 - - [20/Jun/2016:15:17:17 +1000] "GET /layerslider/css/layerslider.css HTTP/1.1" 200 3040 "http://www.linkservices.com.au/" "Mozilla/5.0 (Windows NT 10.0; WOW64) AppleWebKit/537.36 (KHTML, like Gecko) Chrome/51.0.2704.103 Safari/537.36"
103.225.142.154 - - [20/Jun/2016:15:17:17 +1000] "GET /masterslider/skins/default/style.css HTTP/1.1" 200 975 "http://www.linkservices.com.au/" "Mozilla/5.0 (Windows NT 10.0; WOW64) AppleWebKit/537.36 (KHTML, like Gecko) Chrome/51.0.2704.103 Safari/537.36"
103.225.142.154 - - [20/Jun/2016:15:17:17 +1000] "GET /js/jquery.easing.js HTTP/1.1" 200 1984 "http://www.linkservices.com.au/" "Mozilla/5.0 (Windows NT 10.0; WOW64) AppleWebKit/537.36 (KHTML, like Gecko) Chrome/51.0.2704.103 Safari/537.36"
103.225.142.154 - - [20/Jun/2016:15:17:17 +1000] "GET /js/jquery.isotope.min.js HTTP/1.1" 200 5000 "http://www.linkservices.com.au/" "Mozilla/5.0 (Windows NT 10.0; WOW64) AppleWebKit/537.36 (KHTML, like Gecko) Chrome/51.0.2704.103 Safari/537.36"
103.225.142.154 - - [20/Jun/2016:15:17:17 +1000] "GET /js/jquery.countdown.js HTTP/1.1" 200 1155 "http://www.linkservices.com.au/" "Mozilla/5.0 (Windows NT 10.0; WOW64) AppleWebKit/537.36 (KHTML, like Gecko) Chrome/51.0.2704.103 Safari/537.36"
103.225.142.154 - - [20/Jun/2016:15:17:17 +1000] "GET /rs-plugin/js/jquery.themepunch.plugins.min.js HTTP/1.1" 200 28770 "http://www.linkservices.com.au/" "Mozilla/5.0 (Windows NT 10.0; WOW64) AppleWebKit/537.36 (KHTML, like Gecko) Chrome/51.0.2704.103 Safari/537.36"
103.225.142.154 - - [20/Jun/2016:15:17:18 +1000] "GET /fonts/typicons.woff HTTP/1.1" 200 60464 "http://www.linkservices.com.au/css/typicons.min.css" "Mozilla/5.0 (Windows NT 10.0; WOW64) AppleWebKit/537.36 (KHTML, like Gecko) Chrome/51.0.2704.103 Safari/537.36"
103.225.142.154 - - [20/Jun/2016:15:17:19 +1000] "GET /img/masterslider/04.jpg HTTP/1.1" 200 748158 "http://www.linkservices.com.au/" "Mozilla/5.0 (Windows NT 10.0; WOW64) AppleWebKit/537.36 (KHTML, like Gecko) Chrome/51.0.2704.103 Safari/537.36"
103.225.142.154 - - [20/Jun/2016:15:17:20 +1000] "GET /img/favicon.png HTTP/1.1" 200 463 "http://www.linkservices.com.au/" "Mozilla/5.0 (Windows NT 10.0; WOW64) AppleWebKit/537.36 (KHTML, like Gecko) Chrome/51.0.2704.103 Safari/537.36"
117.120.16.134 - - [20/Jun/2016:13:40:49 +1000] "GET /layerslider/js/layerslider.kreaturamedia.jquery.js HTTP/1.1" 200 19760 "http://www.linkservices.com.au/" "Mozilla/5.0 (Windows NT 6.3; WOW64; Trident/7.0; rv:11.0) like Gecko"
121.127.197.55 - - [20/Jun/2016:11:56:23 +1000] "HEAD /masterslider/blank@2x.gif HTTP/1.1" 404 - "http://www.linkservices.com.au/" "Mozilla/5.0 (Windows NT 6.1; WOW64; Trident/7.0; rv:11.0) like Gecko"
121.127.197.55 - - [20/Jun/2016:11:56:25 +1000] "GET /contact.html HTTP/1.1" 200 5005 "http://www.linkservices.com.au/" "Mozilla/5.0 (Windows NT 6.1; WOW64; Trident/7.0; rv:11.0) like Gecko"
121.127.197.55 - - [20/Jun/2016:11:56:27 +1000] "HEAD /img/logo@2x.png HTTP/1.1" 404 - "http://www.linkservices.com.au/contact.html" "Mozilla/5.0 (Windows NT 6.1; WOW64; Trident/7.0; rv:11.0) like Gecko"
54.163.187.252 - - [20/Jun/2016:12:25:50 +1000] "GET /robots.txt HTTP/1.1" 404 283 "-" "Mozilla/5.0 (compatible; DomainAppender /1.0; +http://www.profound.net/domainappender)"
58.165.121.114 - - [20/Jun/2016:12:50:54 +1000] "GET /js/functions.js HTTP/1.1" 200 4398 "http://www.linkservices.com.au/" "Mozilla/5.0 (Windows NT 6.1; WOW64; rv:47.0) Gecko/20100101 Firefox/47.0"
58.165.121.114 - - [20/Jun/2016:12:50:54 +1000] "GET /img/logo.png HTTP/1.1" 200 5688 "http://www.linkservices.com.au/" "Mozilla/5.0 (Windows NT 6.1; WOW64; rv:47.0) Gecko/20100101 Firefox/47.0"
58.165.121.114 - - [20/Jun/2016:12:50:56 +1000] "GET /masterslider/style/grab.png HTTP/1.1" 200 2893 "http://www.linkservices.com.au/masterslider/style/masterslider.css" "Mozilla/5.0 (Windows NT 6.1; WOW64; rv:47.0) Gecko/20100101 Firefox/47.0"
1.144.96.208 - - [20/Jun/2016:11:40:21 +1000] "GET /js/jquery-1.10.2.js HTTP/1.1" 200 32811 "http://www.linkservices.com.au/" "Mozilla/5.0 (Linux; Android 5.0; SAMSUNG SM-G900I Build/LRX21T) AppleWebKit/537.36 (KHTML, like Gecko) SamsungBrowser/4.0 Chrome/44.0.2403.133 Mobile Safari/537.36"
1.144.96.208 - - [20/Jun/2016:11:40:33 +1000] "HEAD /img/logo_white@2x.png HTTP/1.1" 404 - "http://www.linkservices.com.au/" "Mozilla/5.0 (Linux; Android 5.0; SAMSUNG SM-G900I Build/LRX21T) AppleWebKit/537.36 (KHTML, like Gecko) SamsungBrowser/4.0 Chrome/44.0.2403.133 Mobile Safari/537.36"
1.144.96.208 - - [20/Jun/2016:11:40:34 +1000] "GET /img/favicon.png HTTP/1.1" 200 463 "http://www.linkservices.com.au/" "Mozilla/5.0 (Linux; Android 5.0; SAMSUNG SM-G900I Build/LRX21T) AppleWebKit/537.36 (KHTML, like Gecko) SamsungBrowser/4.0 Chrome/44.0.2403.133 Mobile Safari/537.36"
117.120.16.134 - - [20/Jun/2016:13:40:49 +1000] "GET /css/typicons.min.css HTTP/1.1" 200 2634 "http://www.linkservices.com.au/" "Mozilla/5.0 (Windows NT 6.3; WOW64; Trident/7.0; rv:11.0) like Gecko"
117.120.16.134 - - [20/Jun/2016:13:40:49 +1000] "GET /js/respond.min.js HTTP/1.1" 200 2061 "http://www.linkservices.com.au/" "Mozilla/5.0 (Windows NT 6.3; WOW64; Trident/7.0; rv:11.0) like Gecko"
117.120.16.134 - - [20/Jun/2016:13:40:50 +1000] "GET /css/refineslide.css HTTP/1.1" 200 806 "http://www.linkservices.com.au/" "Mozilla/5.0 (Windows NT 6.3; WOW64; Trident/7.0; rv:11.0) like Gecko"
117.120.16.134 - - [20/Jun/2016:13:40:50 +1000] "GET /rs-plugin/css/settings.css HTTP/1.1" 200 7988 "http://www.linkservices.com.au/" "Mozilla/5.0 (Windows NT 6.3; WOW64; Trident/7.0; rv:11.0) like Gecko"
117.120.16.134 - - [20/Jun/2016:13:40:50 +1000] "GET /fonts/typicons.eot? HTTP/1.1" 200 102576 "http://www.linkservices.com.au/" "Mozilla/5.0 (Windows NT 6.3; WOW64; Trident/7.0; rv:11.0) like Gecko"
203.144.130.176 - - [20/Jun/2016:13:52:51 +1000] "GET /img/logo_white.png HTTP/1.1" 200 9781 "http://www.linkservices.com.au/" "Mozilla/5.0 (Windows NT 5.1) AppleWebKit/537.36 (KHTML, like Gecko) Chrome/49.0.2623.112 Safari/537.36"
203.144.130.176 - - [20/Jun/2016:13:52:51 +1000] "GET /js/jquery.magnific-popup.min.js HTTP/1.1" 200 7493 "http://www.linkservices.com.au/" "Mozilla/5.0 (Windows NT 5.1) AppleWebKit/537.36 (KHTML, like Gecko) Chrome/49.0.2623.112 Safari/537.36"
203.144.130.176 - - [20/Jun/2016:13:52:51 +1000] "GET /js/jquery.refineslide.js HTTP/1.1" 200 7184 "http://www.linkservices.com.au/" "Mozilla/5.0 (Windows NT 5.1) AppleWebKit/537.36 (KHTML, like Gecko) Chrome/49.0.2623.112 Safari/537.36"
203.144.130.176 - - [20/Jun/2016:13:52:51 +1000] "GET /img/divider.png HTTP/1.1" 200 2801 "http://www.linkservices.com.au/css/styles.css" "Mozilla/5.0 (Windows NT 5.1) AppleWebKit/537.36 (KHTML, like Gecko) Chrome/49.0.2623.112 Safari/537.36"
203.144.130.176 - - [20/Jun/2016:13:52:51 +1000] "GET /js/functions.js HTTP/1.1" 200 4398 "http://www.linkservices.com.au/" "Mozilla/5.0 (Windows NT 5.1) AppleWebKit/537.36 (KHTML, like Gecko) Chrome/49.0.2623.112 Safari/537.36"
203.144.130.176 - - [20/Jun/2016:13:52:52 +1000] "GET /img/parallax/02.jpg HTTP/1.1" 200 651412 "http://www.linkservices.com.au/" "Mozilla/5.0 (Windows NT 5.1) AppleWebKit/537.36 (KHTML, like Gecko) Chrome/49.0.2623.112 Safari/537.36"
203.214.121.189 - - [20/Jun/2016:13:54:37 +1000] "GET / HTTP/1.1" 200 6133 "-" "Mozilla/5.0 (X11; Linux x86_64; rv:10.0) Gecko/20100101 Firefox/10.0 (Chrome)"
117.120.16.134 - - [20/Jun/2016:13:40:49 +1000] "GET /js/jquery.refineslide.js HTTP/1.1" 200 7184 "http://www.linkservices.com.au/" "Mozilla/5.0 (Windows NT 6.3; WOW64; Trident/7.0; rv:11.0) like Gecko"
117.120.16.134 - - [20/Jun/2016:13:40:49 +1000] "GET /rs-plugin/js/jquery.themepunch.plugins.min.js HTTP/1.1" 200 28770 "http://www.linkservices.com.au/" "Mozilla/5.0 (Windows NT 6.3; WOW64; Trident/7.0; rv:11.0) like Gecko"
138.201.59.34 - - [20/Jun/2016:14:14:44 +1000] "GET /css/bootstrap.css HTTP/1.0" 200 115659 "http://www.linkservices.com.au/" "Mozilla/5.0 (compatible; SEOkicks-Robot; +http://www.seokicks.de/robot.html)"
66.249.79.137 - - [20/Jun/2016:11:11:30 +1000] "GET / HTTP/1.1" 200 6133 "-" "Mozilla/5.0 (compatible; Googlebot/2.1; +http://www.google.com/bot.html)"
1.144.96.208 - - [20/Jun/2016:11:40:21 +1000] "GET /css/flexslider.css HTTP/1.1" 200 1097 "http://www.linkservices.com.au/" "Mozilla/5.0 (Linux; Android 5.0; SAMSUNG SM-G900I Build/LRX21T) AppleWebKit/537.36 (KHTML, like Gecko) SamsungBrowser/4.0 Chrome/44.0.2403.133 Mobile Safari/537.36"
1.144.96.208 - - [20/Jun/2016:11:40:21 +1000] "GET /js/scale.fix.js HTTP/1.1" 200 279 "http://www.linkservices.com.au/" "Mozilla/5.0 (Linux; Android 5.0; SAMSUNG SM-G900I Build/LRX21T) AppleWebKit/537.36 (KHTML, like Gecko) SamsungBrowser/4.0 Chrome/44.0.2403.133 Mobile Safari/537.36"
117.120.16.134 - - [20/Jun/2016:13:40:50 +1000] "GET /fonts/fontawesome-webfont.eot? HTTP/1.1" 200 72449 "http://www.linkservices.com.au/" "Mozilla/5.0 (Windows NT 6.3; WOW64; Trident/7.0; rv:11.0) like Gecko"
117.120.16.134 - - [20/Jun/2016:13:40:53 +1000] "GET /img/masterslider/01.jpg HTTP/1.1" 200 766148 "http://www.linkservices.com.au/" "Mozilla/5.0 (Windows NT 6.3; WOW64; Trident/7.0; rv:11.0) like Gecko"
117.120.16.134 - - [20/Jun/2016:13:40:55 +1000] "GET /img/masterslider/03.jpg HTTP/1.1" 200 1187289 "http://www.linkservices.com.au/" "Mozilla/5.0 (Windows NT 6.3; WOW64; Trident/7.0; rv:11.0) like Gecko"
117.120.16.134 - - [20/Jun/2016:13:40:55 +1000] "GET /img/masterslider/02.jpg HTTP/1.1" 200 589463 "http://www.linkservices.com.au/" "Mozilla/5.0 (Windows NT 6.3; WOW64; Trident/7.0; rv:11.0) like Gecko"
1.144.96.208 - - [20/Jun/2016:11:40:21 +1000] "GET /css/styles.css HTTP/1.1" 200 11528 "http://www.linkservices.com.au/" "Mozilla/5.0 (Linux; Android 5.0; SAMSUNG SM-G900I Build/LRX21T) AppleWebKit/537.36 (KHTML, like Gecko) SamsungBrowser/4.0 Chrome/44.0.2403.133 Mobile Safari/537.36"
1.144.96.208 - - [20/Jun/2016:11:40:21 +1000] "GET /js/animate.js HTTP/1.1" 200 311 "http://www.linkservices.com.au/" "Mozilla/5.0 (Linux; Android 5.0; SAMSUNG SM-G900I Build/LRX21T) AppleWebKit/537.36 (KHTML, like Gecko) SamsungBrowser/4.0 Chrome/44.0.2403.133 Mobile Safari/537.36"
1.144.96.208 - - [20/Jun/2016:11:40:22 +1000] "GET /rs-plugin/js/jquery.themepunch.plugins.min.js HTTP/1.1" 200 28770 "http://www.linkservices.com.au/" "Mozilla/5.0 (Linux; Android 5.0; SAMSUNG SM-G900I Build/LRX21T) AppleWebKit/537.36 (KHTML, like Gecko) SamsungBrowser/4.0 Chrome/44.0.2403.133 Mobile Safari/537.36"
1.144.96.208 - - [20/Jun/2016:11:40:22 +1000] "GET /fonts/fontawesome-webfont.woff?v=4.1.0 HTTP/1.1" 200 83760 "http://www.linkservices.com.au/css/font-awesome.min.css" "Mozilla/5.0 (Linux; Android 5.0; SAMSUNG SM-G900I Build/LRX21T) AppleWebKit/537.36 (KHTML, like Gecko) SamsungBrowser/4.0 Chrome/44.0.2403.133 Mobile Safari/537.36"
1.144.96.208 - - [20/Jun/2016:11:40:33 +1000] "HEAD /img/masterslider/01@2x.jpg HTTP/1.1" 404 - "http://www.linkservices.com.au/" "Mozilla/5.0 (Linux; Android 5.0; SAMSUNG SM-G900I Build/LRX21T) AppleWebKit/537.36 (KHTML, like Gecko) SamsungBrowser/4.0 Chrome/44.0.2403.133 Mobile Safari/537.36"
1.144.96.208 - - [20/Jun/2016:11:40:33 +1000] "GET /img/masterslider/03.jpg HTTP/1.1" 200 1187289 "http://www.linkservices.com.au/" "Mozilla/5.0 (Linux; Android 5.0; SAMSUNG SM-G900I Build/LRX21T) AppleWebKit/537.36 (KHTML, like Gecko) SamsungBrowser/4.0 Chrome/44.0.2403.133 Mobile Safari/537.36"
1.144.96.208 - - [20/Jun/2016:11:40:41 +1000] "GET /img/masterslider/02.jpg HTTP/1.1" 200 589463 "http://www.linkservices.com.au/" "Mozilla/5.0 (Linux; Android 5.0; SAMSUNG SM-G900I Build/LRX21T) AppleWebKit/537.36 (KHTML, like Gecko) SamsungBrowser/4.0 Chrome/44.0.2403.133 Mobile Safari/537.36"
58.165.121.114 - - [20/Jun/2016:12:50:51 +1000] "GET /css/font-awesome.min.css HTTP/1.1" 200 4698 "http://www.linkservices.com.au/" "Mozilla/5.0 (Windows NT 6.1; WOW64; rv:47.0) Gecko/20100101 Firefox/47.0"
58.165.121.114 - - [20/Jun/2016:12:50:51 +1000] "GET /css/flexslider.css HTTP/1.1" 200 1097 "http://www.linkservices.com.au/" "Mozilla/5.0 (Windows NT 6.1; WOW64; rv:47.0) Gecko/20100101 Firefox/47.0"
58.165.121.114 - - [20/Jun/2016:12:50:51 +1000] "GET /js/jquery.sticky.js HTTP/1.1" 200 1463 "http://www.linkservices.com.au/" "Mozilla/5.0 (Windows NT 6.1; WOW64; rv:47.0) Gecko/20100101 Firefox/47.0"
58.165.121.114 - - [20/Jun/2016:12:50:52 +1000] "GET /js/jquery.parallax-1.1.3.js HTTP/1.1" 200 822 "http://www.linkservices.com.au/" "Mozilla/5.0 (Windows NT 6.1; WOW64; rv:47.0) Gecko/20100101 Firefox/47.0"
58.165.121.114 - - [20/Jun/2016:12:50:52 +1000] "GET /fonts/typicons.woff HTTP/1.1" 200 60464 "http://www.linkservices.com.au/css/typicons.min.css" "Mozilla/5.0 (Windows NT 6.1; WOW64; rv:47.0) Gecko/20100101 Firefox/47.0"
58.165.121.114 - - [20/Jun/2016:12:50:54 +1000] "GET /img/parallax/02.jpg HTTP/1.1" 200 651412 "http://www.linkservices.com.au/" "Mozilla/5.0 (Windows NT 6.1; WOW64; rv:47.0) Gecko/20100101 Firefox/47.0"
52.40.83.195 - - [20/Jun/2016:13:22:45 +1000] "GET /robots.txt HTTP/1.1" 404 283 "-" "Mozilla/5.0 (compatible; DomainAppender /1.0; +http://www.profound.net/domainappender)"
117.120.16.134 - - [20/Jun/2016:13:40:49 +1000] "GET /rs-plugin/js/jquery.themepunch.revolution.min.js HTTP/1.1" 200 24288 "http://www.linkservices.com.au/" "Mozilla/5.0 (Windows NT 6.3; WOW64; Trident/7.0; rv:11.0) like Gecko"
103.225.142.154 - - [20/Jun/2016:15:17:17 +1000] "GET /css/font-awesome.min.css HTTP/1.1" 200 4698 "http://www.linkservices.com.au/" "Mozilla/5.0 (Windows NT 10.0; WOW64) AppleWebKit/537.36 (KHTML, like Gecko) Chrome/51.0.2704.103 Safari/537.36"
103.225.142.154 - - [20/Jun/2016:15:17:17 +1000] "GET /masterslider/style/masterslider.css HTTP/1.1" 200 1960 "http://www.linkservices.com.au/" "Mozilla/5.0 (Windows NT 10.0; WOW64) AppleWebKit/537.36 (KHTML, like Gecko) Chrome/51.0.2704.103 Safari/537.36"
103.225.142.154 - - [20/Jun/2016:15:17:17 +1000] "GET /js/modernizr.js HTTP/1.1" 200 6139 "http://www.linkservices.com.au/" "Mozilla/5.0 (Windows NT 10.0; WOW64) AppleWebKit/537.36 (KHTML, like Gecko) Chrome/51.0.2704.103 Safari/537.36"
103.225.142.154 - - [20/Jun/2016:15:17:17 +1000] "GET /js/jquery-1.10.2.js HTTP/1.1" 200 32811 "http://www.linkservices.com.au/" "Mozilla/5.0 (Windows NT 10.0; WOW64) AppleWebKit/537.36 (KHTML, like Gecko) Chrome/51.0.2704.103 Safari/537.36"
103.225.142.154 - - [20/Jun/2016:15:17:17 +1000] "GET /js/jquery.fitvids.js HTTP/1.1" 200 1200 "http://www.linkservices.com.au/" "Mozilla/5.0 (Windows NT 10.0; WOW64) AppleWebKit/537.36 (KHTML, like Gecko) Chrome/51.0.2704.103 Safari/537.36"
103.225.142.154 - - [20/Jun/2016:15:17:17 +1000] "GET /js/scale.fix.js HTTP/1.1" 200 279 "http://www.linkservices.com.au/" "Mozilla/5.0 (Windows NT 10.0; WOW64) AppleWebKit/537.36 (KHTML, like Gecko) Chrome/51.0.2704.103 Safari/537.36"
103.225.142.154 - - [20/Jun/2016:15:17:17 +1000] "GET /layerslider/js/layerslider.kreaturamedia.jquery.js HTTP/1.1" 200 19760 "http://www.linkservices.com.au/" "Mozilla/5.0 (Windows NT 10.0; WOW64) AppleWebKit/537.36 (KHTML, like Gecko) Chrome/51.0.2704.103 Safari/537.36"
103.225.142.154 - - [20/Jun/2016:15:17:18 +1000] "GET /img/parallax/02.jpg HTTP/1.1" 200 651412 "http://www.linkservices.com.au/" "Mozilla/5.0 (Windows NT 10.0; WOW64) AppleWebKit/537.36 (KHTML, like Gecko) Chrome/51.0.2704.103 Safari/537.36"
103.225.142.154 - - [20/Jun/2016:15:17:19 +1000] "GET /masterslider/style/loading-2.gif HTTP/1.1" 200 2707 "http://www.linkservices.com.au/masterslider/style/masterslider.css" "Mozilla/5.0 (Windows NT 10.0; WOW64) AppleWebKit/537.36 (KHTML, like Gecko) Chrome/51.0.2704.103 Safari/537.36"
103.225.142.154 - - [20/Jun/2016:15:17:19 +1000] "GET /masterslider/skins/default/light-skin-1.png HTTP/1.1" 200 4267 "http://www.linkservices.com.au/masterslider/skins/default/style.css" "Mozilla/5.0 (Windows NT 10.0; WOW64) AppleWebKit/537.36 (KHTML, like Gecko) Chrome/51.0.2704.103 Safari/537.36"
103.225.142.154 - - [20/Jun/2016:15:17:19 +1000] "GET /img/masterslider/01.jpg HTTP/1.1" 200 766148 "http://www.linkservices.com.au/" "Mozilla/5.0 (Windows NT 10.0; WOW64) AppleWebKit/537.36 (KHTML, like Gecko) Chrome/51.0.2704.103 Safari/537.36"
1.144.96.208 - - [20/Jun/2016:11:40:21 +1000] "GET / HTTP/1.1" 200 6133 "http://www.skyplaza.com.au/styled-27/styled-17/index.html" "Mozilla/5.0 (Linux; Android 5.0; SAMSUNG SM-G900I Build/LRX21T) AppleWebKit/537.36 (KHTML, like Gecko) SamsungBrowser/4.0 Chrome/44.0.2403.133 Mobile Safari/537.36"
1.144.96.208 - - [20/Jun/2016:11:40:21 +1000] "GET /css/bootstrap.css HTTP/1.1" 200 16472 "http://www.linkservices.com.au/" "Mozilla/5.0 (Linux; Android 5.0; SAMSUNG SM-G900I Build/LRX21T) AppleWebKit/537.36 (KHTML, like Gecko) SamsungBrowser/4.0 Chrome/44.0.2403.133 Mobile Safari/537.36"
1.144.96.208 - - [20/Jun/2016:11:40:21 +1000] "GET /js/bootstrap.js HTTP/1.1" 200 11112 "http://www.linkservices.com.au/" "Mozilla/5.0 (Linux; Android 5.0; SAMSUNG SM-G900I Build/LRX21T) AppleWebKit/537.36 (KHTML, like Gecko) SamsungBrowser/4.0 Chrome/44.0.2403.133 Mobile Safari/537.36"
1.144.96.208 - - [20/Jun/2016:11:40:22 +1000] "GET /layerslider/js/layerslider.transitions.js HTTP/1.1" 200 3195 "http://www.linkservices.com.au/" "Mozilla/5.0 (Linux; Android 5.0; SAMSUNG SM-G900I Build/LRX21T) AppleWebKit/537.36 (KHTML, like Gecko) SamsungBrowser/4.0 Chrome/44.0.2403.133 Mobile Safari/537.36"
52.37.141.15 - - [20/Jun/2016:12:10:34 +1000] "GET /robots.txt HTTP/1.1" 404 283 "-" "Mozilla/5.0 (compatible; DomainAppender /1.0; +http://www.profound.net/domainappender)"
138.201.59.34 - - [20/Jun/2016:14:14:48 +1000] "GET /css/styles.css HTTP/1.0" 200 75936 "http://www.linkservices.com.au/" "Mozilla/5.0 (compatible; SEOkicks-Robot; +http://www.seokicks.de/robot.html)"
121.127.197.55 - - [20/Jun/2016:11:56:23 +1000] "GET /img/masterslider/01.jpg HTTP/1.1" 200 766148 "http://www.linkservices.com.au/" "Mozilla/5.0 (Windows NT 6.1; WOW64; Trident/7.0; rv:11.0) like Gecko"
121.127.197.55 - - [20/Jun/2016:11:56:23 +1000] "GET /img/masterslider/03.jpg HTTP/1.1" 200 1187289 "http://www.linkservices.com.au/" "Mozilla/5.0 (Windows NT 6.1; WOW64; Trident/7.0; rv:11.0) like Gecko"
121.127.197.55 - - [20/Jun/2016:11:56:24 +1000] "GET /img/masterslider/02.jpg HTTP/1.1" 200 589463 "http://www.linkservices.com.au/" "Mozilla/5.0 (Windows NT 6.1; WOW64; Trident/7.0; rv:11.0) like Gecko"
121.127.197.55 - - [20/Jun/2016:11:56:27 +1000] "HEAD /img/logo_white@2x.png HTTP/1.1" 404 - "http://www.linkservices.com.au/contact.html" "Mozilla/5.0 (Windows NT 6.1; WOW64; Trident/7.0; rv:11.0) like Gecko"
138.201.59.34 - - [20/Jun/2016:14:15:01 +1000] "GET /css/font-awesome.min.css HTTP/1.0" 200 20769 "http://www.linkservices.com.au/" "Mozilla/5.0 (compatible; SEOkicks-Robot; +http://www.seokicks.de/robot.html)"
121.127.217.141 - - [20/Jun/2016:11:28:57 +1000] "GET /js/bootstrap.js HTTP/1.1" 200 11112 "http://www.linkservices.com.au/" "Mozilla/5.0 (Windows NT 6.1; Win64; x64) AppleWebKit/537.36 (KHTML, like Gecko) Chrome/51.0.2704.84 Safari/537.36"
121.127.217.141 - - [20/Jun/2016:11:28:57 +1000] "GET /js/retina.js HTTP/1.1" 200 695 "http://www.linkservices.com.au/" "Mozilla/5.0 (Windows NT 6.1; Win64; x64) AppleWebKit/537.36 (KHTML, like Gecko) Chrome/51.0.2704.84 Safari/537.36"
121.127.217.141 - - [20/Jun/2016:11:28:57 +1000] "GET /layerslider/js/layerslider.transitions.js HTTP/1.1" 200 3195 "http://www.linkservices.com.au/" "Mozilla/5.0 (Windows NT 6.1; Win64; x64) AppleWebKit/537.36 (KHTML, like Gecko) Chrome/51.0.2704.84 Safari/537.36"
121.127.217.141 - - [20/Jun/2016:11:28:57 +1000] "GET /js/functions.js HTTP/1.1" 200 4398 "http://www.linkservices.com.au/" "Mozilla/5.0 (Windows NT 6.1; Win64; x64) AppleWebKit/537.36 (KHTML, like Gecko) Chrome/51.0.2704.84 Safari/537.36"
1.144.96.208 - - [20/Jun/2016:11:40:21 +1000] "GET /layerslider/css/layerslider.css HTTP/1.1" 200 3040 "http://www.linkservices.com.au/" "Mozilla/5.0 (Linux; Android 5.0; SAMSUNG SM-G900I Build/LRX21T) AppleWebKit/537.36 (KHTML, like Gecko) SamsungBrowser/4.0 Chrome/44.0.2403.133 Mobile Safari/537.36"
1.144.96.208 - - [20/Jun/2016:11:40:21 +1000] "GET /js/jquery.sticky.js HTTP/1.1" 200 1463 "http://www.linkservices.com.au/" "Mozilla/5.0 (Linux; Android 5.0; SAMSUNG SM-G900I Build/LRX21T) AppleWebKit/537.36 (KHTML, like Gecko) SamsungBrowser/4.0 Chrome/44.0.2403.133 Mobile Safari/537.36"
1.144.96.208 - - [20/Jun/2016:11:40:22 +1000] "GET /layerslider/js/greensock.js HTTP/1.1" 200 24583 "http://www.linkservices.com.au/" "Mozilla/5.0 (Linux; Android 5.0; SAMSUNG SM-G900I Build/LRX21T) AppleWebKit/537.36 (KHTML, like Gecko) SamsungBrowser/4.0 Chrome/44.0.2403.133 Mobile Safari/537.36"
1.144.96.208 - - [20/Jun/2016:11:40:22 +1000] "GET /img/parallax/02.jpg HTTP/1.1" 200 651412 "http://www.linkservices.com.au/" "Mozilla/5.0 (Linux; Android 5.0; SAMSUNG SM-G900I Build/LRX21T) AppleWebKit/537.36 (KHTML, like Gecko) SamsungBrowser/4.0 Chrome/44.0.2403.133 Mobile Safari/537.36"
1.144.96.208 - - [20/Jun/2016:11:40:26 +1000] "GET /masterslider/style/loading-2.gif HTTP/1.1" 200 2707 "http://www.linkservices.com.au/masterslider/style/masterslider.css" "Mozilla/5.0 (Linux; Android 5.0; SAMSUNG SM-G900I Build/LRX21T) AppleWebKit/537.36 (KHTML, like Gecko) SamsungBrowser/4.0 Chrome/44.0.2403.133 Mobile Safari/537.36"
1.144.96.208 - - [20/Jun/2016:11:40:26 +1000] "GET /masterslider/skins/default/light-skin-1-retina.png HTTP/1.1" 200 4422 "http://www.linkservices.com.au/masterslider/skins/default/style.css" "Mozilla/5.0 (Linux; Android 5.0; SAMSUNG SM-G900I Build/LRX21T) AppleWebKit/537.36 (KHTML, like Gecko) SamsungBrowser/4.0 Chrome/44.0.2403.133 Mobile Safari/537.36"
1.144.96.208 - - [20/Jun/2016:11:40:26 +1000] "GET /img/masterslider/01.jpg HTTP/1.1" 200 766148 "http://www.linkservices.com.au/" "Mozilla/5.0 (Linux; Android 5.0; SAMSUNG SM-G900I Build/LRX21T) AppleWebKit/537.36 (KHTML, like Gecko) SamsungBrowser/4.0 Chrome/44.0.2403.133 Mobile Safari/537.36"
1.144.96.208 - - [20/Jun/2016:11:40:33 +1000] "HEAD /img/logo@2x.png HTTP/1.1" 404 - "http://www.linkservices.com.au/" "Mozilla/5.0 (Linux; Android 5.0; SAMSUNG SM-G900I Build/LRX21T) AppleWebKit/537.36 (KHTML, like Gecko) SamsungBrowser/4.0 Chrome/44.0.2403.133 Mobile Safari/537.36"
66.249.79.137 - - [20/Jun/2016:13:06:46 +1000] "GET / HTTP/1.1" 200 6133 "-" "SAMSUNG-SGH-E250/1.0 Profile/MIDP-2.0 Configuration/CLDC-1.1 UP.Browser/6.2.3.3.c.1.101 (GUI) MMP/2.0 (compatible; Googlebot-Mobile/2.1; +http://www.google.com/bot.html)"
117.120.16.134 - - [20/Jun/2016:13:40:49 +1000] "GET /css/bootstrap.css HTTP/1.1" 200 16472 "http://www.linkservices.com.au/" "Mozilla/5.0 (Windows NT 6.3; WOW64; Trident/7.0; rv:11.0) like Gecko"
117.120.16.134 - - [20/Jun/2016:13:40:49 +1000] "GET /css/animate.css HTTP/1.1" 200 5119 "http://www.linkservices.com.au/" "Mozilla/5.0 (Windows NT 6.3; WOW64; Trident/7.0; rv:11.0) like Gecko"
117.120.16.134 - - [20/Jun/2016:13:40:49 +1000] "GET /css/entypo.css HTTP/1.1" 200 2639 "http://www.linkservices.com.au/" "Mozilla/5.0 (Windows NT 6.3; WOW64; Trident/7.0; rv:11.0) like Gecko"
117.120.16.134 - - [20/Jun/2016:13:40:49 +1000] "GET /css/font-awesome.min.css HTTP/1.1" 200 4698 "http://www.linkservices.com.au/" "Mozilla/5.0 (Windows NT 6.3; WOW64; Trident/7.0; rv:11.0) like Gecko"
117.120.16.134 - - [20/Jun/2016:13:40:49 +1000] "GET /js/bootstrap.js HTTP/1.1" 200 11112 "http://www.linkservices.com.au/" "Mozilla/5.0 (Windows NT 6.3; WOW64; Trident/7.0; rv:11.0) like Gecko"
117.120.16.134 - - [20/Jun/2016:13:40:49 +1000] "GET /js/animate.js HTTP/1.1" 200 311 "http://www.linkservices.com.au/" "Mozilla/5.0 (Windows NT 6.3; WOW64; Trident/7.0; rv:11.0) like Gecko"
117.120.16.134 - - [20/Jun/2016:13:40:49 +1000] "GET /js/functions.js HTTP/1.1" 200 4398 "http://www.linkservices.com.au/" "Mozilla/5.0 (Windows NT 6.3; WOW64; Trident/7.0; rv:11.0) like Gecko"
117.120.16.134 - - [20/Jun/2016:13:40:50 +1000] "GET /css/flexslider.css HTTP/1.1" 200 1097 "http://www.linkservices.com.au/" "Mozilla/5.0 (Windows NT 6.3; WOW64; Trident/7.0; rv:11.0) like Gecko"
117.120.16.134 - - [20/Jun/2016:13:40:50 +1000] "GET /masterslider/blank.gif HTTP/1.1" 200 43 "http://www.linkservices.com.au/" "Mozilla/5.0 (Windows NT 6.3; WOW64; Trident/7.0; rv:11.0) like Gecko"
117.120.16.134 - - [20/Jun/2016:13:40:50 +1000] "GET /layerslider/js/greensock.js HTTP/1.1" 200 24583 "http://www.linkservices.com.au/" "Mozilla/5.0 (Windows NT 6.3; WOW64; Trident/7.0; rv:11.0) like Gecko"
117.120.16.134 - - [20/Jun/2016:13:40:50 +1000] "GET /img/parallax/02.jpg HTTP/1.1" 200 651412 "http://www.linkservices.com.au/" "Mozilla/5.0 (Windows NT 6.3; WOW64; Trident/7.0; rv:11.0) like Gecko"
117.120.16.134 - - [20/Jun/2016:13:40:50 +1000] "GET /img/divider.png HTTP/1.1" 200 2801 "http://www.linkservices.com.au/" "Mozilla/5.0 (Windows NT 6.3; WOW64; Trident/7.0; rv:11.0) like Gecko"
117.120.16.134 - - [20/Jun/2016:13:40:53 +1000] "GET /img/masterslider/04.jpg HTTP/1.1" 200 748158 "http://www.linkservices.com.au/" "Mozilla/5.0 (Windows NT 6.3; WOW64; Trident/7.0; rv:11.0) like Gecko"
1.144.96.208 - - [20/Jun/2016:11:40:21 +1000] "GET /masterslider/skins/default/style.css HTTP/1.1" 200 975 "http://www.linkservices.com.au/" "Mozilla/5.0 (Linux; Android 5.0; SAMSUNG SM-G900I Build/LRX21T) AppleWebKit/537.36 (KHTML, like Gecko) SamsungBrowser/4.0 Chrome/44.0.2403.133 Mobile Safari/537.36"
1.144.96.208 - - [20/Jun/2016:11:40:21 +1000] "GET /js/respond.min.js HTTP/1.1" 200 2061 "http://www.linkservices.com.au/" "Mozilla/5.0 (Linux; Android 5.0; SAMSUNG SM-G900I Build/LRX21T) AppleWebKit/537.36 (KHTML, like Gecko) SamsungBrowser/4.0 Chrome/44.0.2403.133 Mobile Safari/537.36"
121.127.197.55 - - [20/Jun/2016:11:56:21 +1000] "GET /css/animate.css HTTP/1.1" 200 5119 "http://www.linkservices.com.au/" "Mozilla/5.0 (Windows NT 6.1; WOW64; Trident/7.0; rv:11.0) like Gecko"
121.127.197.55 - - [20/Jun/2016:11:56:21 +1000] "GET /css/flexslider.css HTTP/1.1" 200 1097 "http://www.linkservices.com.au/" "Mozilla/5.0 (Windows NT 6.1; WOW64; Trident/7.0; rv:11.0) like Gecko"
121.127.197.55 - - [20/Jun/2016:11:56:21 +1000] "GET /js/tinynav.min.js HTTP/1.1" 200 482 "http://www.linkservices.com.au/" "Mozilla/5.0 (Windows NT 6.1; WOW64; Trident/7.0; rv:11.0) like Gecko"
121.127.197.55 - - [20/Jun/2016:11:56:21 +1000] "GET /js/jquery.isotope.min.js HTTP/1.1" 200 5000 "http://www.linkservices.com.au/" "Mozilla/5.0 (Windows NT 6.1; WOW64; Trident/7.0; rv:11.0) like Gecko"
121.127.197.55 - - [20/Jun/2016:11:56:21 +1000] "GET /js/scale.fix.js HTTP/1.1" 200 279 "http://www.linkservices.com.au/" "Mozilla/5.0 (Windows NT 6.1; WOW64; Trident/7.0; rv:11.0) like Gecko"
121.127.197.55 - - [20/Jun/2016:11:56:21 +1000] "GET /layerslider/js/layerslider.kreaturamedia.jquery.js HTTP/1.1" 200 19760 "http://www.linkservices.com.au/" "Mozilla/5.0 (Windows NT 6.1; WOW64; Trident/7.0; rv:11.0) like Gecko"
121.127.197.55 - - [20/Jun/2016:11:56:23 +1000] "HEAD /masterslider/blank@2x.gif HTTP/1.1" 404 - "http://www.linkservices.com.au/" "Mozilla/5.0 (Windows NT 6.1; WOW64; Trident/7.0; rv:11.0) like Gecko"
52.40.83.195 - - [20/Jun/2016:13:22:58 +1000] "GET / HTTP/1.1" 200 22509 "-" "Mozilla/5.0 (compatible; DomainAppender /1.0; +http://www.profound.net/domainappender)"
138.201.59.34 - - [20/Jun/2016:14:14:38 +1000] "GET /robots.txt HTTP/1.0" 404 283 "-" "Mozilla/5.0 (compatible; SEOkicks-Robot; +http://www.seokicks.de/robot.html)"
103.225.142.154 - - [20/Jun/2016:15:17:17 +1000] "GET /layerslider/js/layerslider.transitions.js HTTP/1.1" 200 3195 "http://www.linkservices.com.au/" "Mozilla/5.0 (Windows NT 10.0; WOW64) AppleWebKit/537.36 (KHTML, like Gecko) Chrome/51.0.2704.103 Safari/537.36"
54.163.187.252 - - [20/Jun/2016:12:26:19 +1000] "GET /contact.html HTTP/1.1" 200 20884 "-" "Mozilla/5.0 (compatible; DomainAppender /1.0; +http://www.profound.net/domainappender)"
54.163.187.252 - - [20/Jun/2016:12:26:33 +1000] "GET /faq.html HTTP/1.1" 200 38382 "-" "Mozilla/5.0 (compatible; DomainAppender /1.0; +http://www.profound.net/domainappender)"
117.120.16.134 - - [20/Jun/2016:13:40:53 +1000] "GET /masterslider/style/grab.cur HTTP/1.1" 200 326 "http://www.linkservices.com.au/" "Mozilla/5.0 (Windows NT 6.3; WOW64; Trident/7.0; rv:11.0) like Gecko"
140.168.135.1 - - [20/Jun/2016:14:06:29 +1000] "GET /js/respond.min.js HTTP/1.1" 304 - "-" "Mozilla/4.0 (compatible;)"
173.252.115.91 - - [20/Jun/2016:14:36:03 +1000] "GET / HTTP/1.1" 200 6133 "-" "-"
52.37.141.15 - - [20/Jun/2016:12:10:49 +1000] "GET / HTTP/1.1" 200 22509 "-" "Mozilla/5.0 (compatible; DomainAppender /1.0; +http://www.profound.net/domainappender)"
121.127.197.55 - - [20/Jun/2016:11:56:21 +1000] "GET / HTTP/1.1" 200 6133 "http://www.google.com.au/url?sa=t&rct=j&q=&esrc=s&source=web&cd=1&ved=0ahUKEwiWpZ-VwLXNAhXGjZQKHbJOAQIQFggbMAA&url=http%3A%2F%2Fwww.linkservices.com.au%2F&usg=AFQjCNFBfwJx2h3t5bKxaZpPK_50P81Aow&bvm=bv.124817099,d.dGo" "Mozilla/5.0 (Windows NT 6.1; WOW64; Trident/7.0; rv:11.0) like Gecko"
121.127.197.55 - - [20/Jun/2016:11:56:21 +1000] "GET /css/bootstrap.css HTTP/1.1" 200 16472 "http://www.linkservices.com.au/" "Mozilla/5.0 (Windows NT 6.1; WOW64; Trident/7.0; rv:11.0) like Gecko"
121.127.197.55 - - [20/Jun/2016:11:56:21 +1000] "GET /rs-plugin/css/settings.css HTTP/1.1" 200 7988 "http://www.linkservices.com.au/" "Mozilla/5.0 (Windows NT 6.1; WOW64; Trident/7.0; rv:11.0) like Gecko"
121.127.197.55 - - [20/Jun/2016:11:56:21 +1000] "GET /js/jquery-1.10.2.js HTTP/1.1" 200 32811 "http://www.linkservices.com.au/" "Mozilla/5.0 (Windows NT 6.1; WOW64; Trident/7.0; rv:11.0) like Gecko"
121.127.197.55 - - [20/Jun/2016:11:56:21 +1000] "GET /js/jquery.flexslider-min.js HTTP/1.1" 200 5268 "http://www.linkservices.com.au/" "Mozilla/5.0 (Windows NT 6.1; WOW64; Trident/7.0; rv:11.0) like Gecko"
121.127.197.55 - - [20/Jun/2016:11:56:21 +1000] "GET /masterslider/masterslider.js HTTP/1.1" 200 36146 "http://www.linkservices.com.au/" "Mozilla/5.0 (Windows NT 6.1; WOW64; Trident/7.0; rv:11.0) like Gecko"
121.127.197.55 - - [20/Jun/2016:11:56:21 +1000] "GET /fonts/typicons.eot? HTTP/1.1" 200 102576 "http://www.linkservices.com.au/" "Mozilla/5.0 (Windows NT 6.1; WOW64; Trident/7.0; rv:11.0) like Gecko"
121.127.197.55 - - [20/Jun/2016:11:56:23 +1000] "GET /masterslider/style/loading-2.gif HTTP/1.1" 200 2707 "http://www.linkservices.com.au/" "Mozilla/5.0 (Windows NT 6.1; WOW64; Trident/7.0; rv:11.0) like Gecko"
121.127.197.55 - - [20/Jun/2016:11:56:23 +1000] "HEAD /masterslider/blank@2x.gif HTTP/1.1" 404 - "http://www.linkservices.com.au/" "Mozilla/5.0 (Windows NT 6.1; WOW64; Trident/7.0; rv:11.0) like Gecko"
121.127.197.55 - - [20/Jun/2016:11:56:23 +1000] "HEAD /img/logo_white@2x.png HTTP/1.1" 404 - "http://www.linkservices.com.au/" "Mozilla/5.0 (Windows NT 6.1; WOW64; Trident/7.0; rv:11.0) like Gecko"
103.225.142.154 - - [20/Jun/2016:15:17:17 +1000] "GET /css/animate.css HTTP/1.1" 200 5119 "http://www.linkservices.com.au/" "Mozilla/5.0 (Windows NT 10.0; WOW64) AppleWebKit/537.36 (KHTML, like Gecko) Chrome/51.0.2704.103 Safari/537.36"
103.225.142.154 - - [20/Jun/2016:15:17:17 +1000] "GET /rs-plugin/css/settings.css HTTP/1.1" 200 7988 "http://www.linkservices.com.au/" "Mozilla/5.0 (Windows NT 10.0; WOW64) AppleWebKit/537.36 (KHTML, like Gecko) Chrome/51.0.2704.103 Safari/537.36"
103.225.142.154 - - [20/Jun/2016:15:17:17 +1000] "GET /js/jquery.sticky.js HTTP/1.1" 200 1463 "http://www.linkservices.com.au/" "Mozilla/5.0 (Windows NT 10.0; WOW64) AppleWebKit/537.36 (KHTML, like Gecko) Chrome/51.0.2704.103 Safari/537.36"
103.225.142.154 - - [20/Jun/2016:15:17:17 +1000] "GET /js/retina.js HTTP/1.1" 200 695 "http://www.linkservices.com.au/" "Mozilla/5.0 (Windows NT 10.0; WOW64) AppleWebKit/537.36 (KHTML, like Gecko) Chrome/51.0.2704.103 Safari/537.36"
103.225.142.154 - - [20/Jun/2016:15:17:17 +1000] "GET /layerslider/js/greensock.js HTTP/1.1" 200 24583 "http://www.linkservices.com.au/" "Mozilla/5.0 (Windows NT 10.0; WOW64) AppleWebKit/537.36 (KHTML, like Gecko) Chrome/51.0.2704.103 Safari/537.36"
1.144.96.208 - - [20/Jun/2016:11:40:21 +1000] "GET /js/modernizr.js HTTP/1.1" 200 6139 "http://www.linkservices.com.au/" "Mozilla/5.0 (Linux; Android 5.0; SAMSUNG SM-G900I Build/LRX21T) AppleWebKit/537.36 (KHTML, like Gecko) SamsungBrowser/4.0 Chrome/44.0.2403.133 Mobile Safari/537.36"
1.144.96.208 - - [20/Jun/2016:11:40:22 +1000] "GET /js/jquery.flexslider-min.js HTTP/1.1" 200 5268 "http://www.linkservices.com.au/" "Mozilla/5.0 (Linux; Android 5.0; SAMSUNG SM-G900I Build/LRX21T) AppleWebKit/537.36 (KHTML, like Gecko) SamsungBrowser/4.0 Chrome/44.0.2403.133 Mobile Safari/537.36"
138.201.59.34 - - [20/Jun/2016:14:14:58 +1000] "GET /css/animate.css HTTP/1.0" 200 62464 "http://www.linkservices.com.au/" "Mozilla/5.0 (compatible; SEOkicks-Robot; +http://www.seokicks.de/robot.html)"
103.225.142.154 - - [20/Jun/2016:15:17:17 +1000] "GET /css/styles.css HTTP/1.1" 200 11528 "http://www.linkservices.com.au/" "Mozilla/5.0 (Windows NT 10.0; WOW64) AppleWebKit/537.36 (KHTML, like Gecko) Chrome/51.0.2704.103 Safari/537.36"
103.225.142.154 - - [20/Jun/2016:15:17:17 +1000] "GET /css/typicons.min.css HTTP/1.1" 200 2634 "http://www.linkservices.com.au/" "Mozilla/5.0 (Windows NT 10.0; WOW64) AppleWebKit/537.36 (KHTML, like Gecko) Chrome/51.0.2704.103 Safari/537.36"
103.225.142.154 - - [20/Jun/2016:15:17:17 +1000] "GET /masterslider/blank.gif HTTP/1.1" 200 43 "http://www.linkservices.com.au/" "Mozilla/5.0 (Windows NT 10.0; WOW64) AppleWebKit/537.36 (KHTML, like Gecko) Chrome/51.0.2704.103 Safari/537.36"
103.225.142.154 - - [20/Jun/2016:15:17:17 +1000] "GET /js/animate.js HTTP/1.1" 200 311 "http://www.linkservices.com.au/" "Mozilla/5.0 (Windows NT 10.0; WOW64) AppleWebKit/537.36 (KHTML, like Gecko) Chrome/51.0.2704.103 Safari/537.36"
103.225.142.154 - - [20/Jun/2016:15:17:17 +1000] "GET /js/jquery.magnific-popup.min.js HTTP/1.1" 200 7493 "http://www.linkservices.com.au/" "Mozilla/5.0 (Windows NT 10.0; WOW64) AppleWebKit/537.36 (KHTML, like Gecko) Chrome/51.0.2704.103 Safari/537.36"
103.225.142.154 - - [20/Jun/2016:15:17:17 +1000] "GET /js/jquery.refineslide.js HTTP/1.1" 200 7184 "http://www.linkservices.com.au/" "Mozilla/5.0 (Windows NT 10.0; WOW64) AppleWebKit/537.36 (KHTML, like Gecko) Chrome/51.0.2704.103 Safari/537.36"
103.225.142.154 - - [20/Jun/2016:15:17:17 +1000] "GET /masterslider/masterslider.js HTTP/1.1" 200 36146 "http://www.linkservices.com.au/" "Mozilla/5.0 (Windows NT 10.0; WOW64) AppleWebKit/537.36 (KHTML, like Gecko) Chrome/51.0.2704.103 Safari/537.36"
103.225.142.154 - - [20/Jun/2016:15:17:18 +1000] "GET /fonts/fontawesome-webfont.woff?v=4.1.0 HTTP/1.1" 200 83760 "http://www.linkservices.com.au/css/font-awesome.min.css" "Mozilla/5.0 (Windows NT 10.0; WOW64) AppleWebKit/537.36 (KHTML, like Gecko) Chrome/51.0.2704.103 Safari/537.36"
103.225.142.154 - - [20/Jun/2016:15:17:19 +1000] "GET /masterslider/style/grab.png HTTP/1.1" 200 2893 "http://www.linkservices.com.au/masterslider/style/masterslider.css" "Mozilla/5.0 (Windows NT 10.0; WOW64) AppleWebKit/537.36 (KHTML, like Gecko) Chrome/51.0.2704.103 Safari/537.36"
1.144.96.208 - - [20/Jun/2016:11:40:21 +1000] "GET /css/refineslide.css HTTP/1.1" 200 806 "http://www.linkservices.com.au/" "Mozilla/5.0 (Linux; Android 5.0; SAMSUNG SM-G900I Build/LRX21T) AppleWebKit/537.36 (KHTML, like Gecko) SamsungBrowser/4.0 Chrome/44.0.2403.133 Mobile Safari/537.36"
1.144.96.208 - - [20/Jun/2016:11:40:21 +1000] "GET /js/jquery.countdown.js HTTP/1.1" 200 1155 "http://www.linkservices.com.au/" "Mozilla/5.0 (Linux; Android 5.0; SAMSUNG SM-G900I Build/LRX21T) AppleWebKit/537.36 (KHTML, like Gecko) SamsungBrowser/4.0 Chrome/44.0.2403.133 Mobile Safari/537.36"
203.144.130.176 - - [20/Jun/2016:13:52:51 +1000] "GET /js/jquery.easing.js HTTP/1.1" 200 1984 "http://www.linkservices.com.au/" "Mozilla/5.0 (Windows NT 5.1) AppleWebKit/537.36 (KHTML, like Gecko) Chrome/49.0.2623.112 Safari/537.36"
203.144.130.176 - - [20/Jun/2016:13:52:51 +1000] "GET /js/retina.js HTTP/1.1" 200 695 "http://www.linkservices.com.au/" "Mozilla/5.0 (Windows NT 5.1) AppleWebKit/537.36 (KHTML, like Gecko) Chrome/49.0.2623.112 Safari/537.36"
203.144.130.176 - - [20/Jun/2016:13:52:51 +1000] "GET /layerslider/js/layerslider.transitions.js HTTP/1.1" 200 3195 "http://www.linkservices.com.au/" "Mozilla/5.0 (Windows NT 5.1) AppleWebKit/537.36 (KHTML, like Gecko) Chrome/49.0.2623.112 Safari/537.36"
203.144.130.176 - - [20/Jun/2016:13:52:51 +1000] "GET /rs-plugin/js/jquery.themepunch.plugins.min.js HTTP/1.1" 200 28770 "http://www.linkservices.com.au/" "Mozilla/5.0 (Windows NT 5.1) AppleWebKit/537.36 (KHTML, like Gecko) Chrome/49.0.2623.112 Safari/537.36"
203.144.130.176 - - [20/Jun/2016:13:52:52 +1000] "GET /fonts/typicons.woff HTTP/1.1" 200 60464 "http://www.linkservices.com.au/css/typicons.min.css" "Mozilla/5.0 (Windows NT 5.1) AppleWebKit/537.36 (KHTML, like Gecko) Chrome/49.0.2623.112 Safari/537.36"
203.144.130.176 - - [20/Jun/2016:13:52:53 +1000] "GET /img/masterslider/01.jpg HTTP/1.1" 200 766148 "http://www.linkservices.com.au/" "Mozilla/5.0 (Windows NT 5.1) AppleWebKit/537.36 (KHTML, like Gecko) Chrome/49.0.2623.112 Safari/537.36"
203.144.130.176 - - [20/Jun/2016:13:52:56 +1000] "GET /img/favicon.png HTTP/1.1" 200 463 "http://www.linkservices.com.au/" "Mozilla/5.0 (Windows NT 5.1) AppleWebKit/537.36 (KHTML, like Gecko) Chrome/49.0.2623.112 Safari/537.36"
203.144.130.176 - - [20/Jun/2016:13:52:57 +1000] "GET /img/masterslider/03.jpg HTTP/1.1" 200 1187289 "http://www.linkservices.com.au/" "Mozilla/5.0 (Windows NT 5.1) AppleWebKit/537.36 (KHTML, like Gecko) Chrome/49.0.2623.112 Safari/537.36"
203.144.130.176 - - [20/Jun/2016:13:53:02 +1000] "GET /img/masterslider/02.jpg HTTP/1.1" 200 589463 "http://www.linkservices.com.au/" "Mozilla/5.0 (Windows NT 5.1) AppleWebKit/537.36 (KHTML, like Gecko) Chrome/49.0.2623.112 Safari/537.36"
203.144.130.176 - - [20/Jun/2016:13:52:51 +1000] "GET /js/bootstrap.js HTTP/1.1" 200 11112 "http://www.linkservices.com.au/" "Mozilla/5.0 (Windows NT 5.1) AppleWebKit/537.36 (KHTML, like Gecko) Chrome/49.0.2623.112 Safari/537.36"
203.144.130.176 - - [20/Jun/2016:13:52:51 +1000] "GET /js/jquery.parallax-1.1.3.js HTTP/1.1" 200 822 "http://www.linkservices.com.au/" "Mozilla/5.0 (Windows NT 5.1) AppleWebKit/537.36 (KHTML, like Gecko) Chrome/49.0.2623.112 Safari/537.36"
203.144.130.176 - - [20/Jun/2016:13:52:51 +1000] "GET /layerslider/js/greensock.js HTTP/1.1" 200 24583 "http://www.linkservices.com.au/" "Mozilla/5.0 (Windows NT 5.1) AppleWebKit/537.36 (KHTML, like Gecko) Chrome/49.0.2623.112 Safari/537.36"
203.144.130.176 - - [20/Jun/2016:13:52:53 +1000] "GET /masterslider/style/loading-2.gif HTTP/1.1" 200 2707 "http://www.linkservices.com.au/masterslider/style/masterslider.css" "Mozilla/5.0 (Windows NT 5.1) AppleWebKit/537.36 (KHTML, like Gecko) Chrome/49.0.2623.112 Safari/537.36"
138.201.59.34 - - [20/Jun/2016:14:14:52 +1000] "GET /layerslider/css/layerslider.css HTTP/1.0" 200 16480 "http://www.linkservices.com.au/" "Mozilla/5.0 (compatible; SEOkicks-Robot; +http://www.seokicks.de/robot.html)"
138.201.59.34 - - [20/Jun/2016:14:15:04 +1000] "GET /css/entypo.css HTTP/1.0" 200 14171 "http://www.linkservices.com.au/" "Mozilla/5.0 (compatible; SEOkicks-Robot; +http://www.seokicks.de/robot.html)"
66.249.79.137 - - [20/Jun/2016:14:28:38 +1000] "GET / HTTP/1.1" 200 6133 "-" "Mozilla/5.0 (compatible; Googlebot/2.1; +http://www.google.com/bot.html)"
