66.249.82.90 - - [03/Jul/2018:14:11:03 +1000] "GET /css/bootstrap.css HTTP/1.1" 200 16472 "http://www.linkservices.com.au/" "Mozilla/5.0 (Linux; Android 8.1.0; Pixel 2 XL Build/OPM2.171026.006.C1) AppleWebKit/537.36 (KHTML, like Gecko) Chrome/67.0.3396.87 Mobile Safari/537.36"
66.249.82.90 - - [03/Jul/2018:14:11:05 +1000] "GET /js/functions.js HTTP/1.1" 200 4398 "http://www.linkservices.com.au/" "Mozilla/5.0 (Linux; Android 8.1.0; Pixel 2 XL Build/OPM2.171026.006.C1) AppleWebKit/537.36 (KHTML, like Gecko) Chrome/67.0.3396.87 Mobile Safari/537.36"
1.129.111.80 - - [03/Jul/2018:15:31:51 +1000] "GET /css/typicons.min.css HTTP/1.1" 200 2634 "http://www.linkservices.com.au/portal.html" "Mozilla/5.0 (Windows NT 10.0; Win64; x64) AppleWebKit/537.36 (KHTML, like Gecko) Chrome/64.0.3282.140 Safari/537.36 Edge/17.17134"
1.129.111.80 - - [03/Jul/2018:15:31:51 +1000] "GET /css/bootstrap.css HTTP/1.1" 200 16472 "http://www.linkservices.com.au/portal.html" "Mozilla/5.0 (Windows NT 10.0; Win64; x64) AppleWebKit/537.36 (KHTML, like Gecko) Chrome/64.0.3282.140 Safari/537.36 Edge/17.17134"
1.129.111.80 - - [03/Jul/2018:15:31:52 +1000] "GET /js/jquery-1.10.2.js HTTP/1.1" 200 32811 "http://www.linkservices.com.au/portal.html" "Mozilla/5.0 (Windows NT 10.0; Win64; x64) AppleWebKit/537.36 (KHTML, like Gecko) Chrome/64.0.3282.140 Safari/537.36 Edge/17.17134"
1.129.111.80 - - [03/Jul/2018:15:31:54 +1000] "GET /js/retina.js HTTP/1.1" 200 695 "http://www.linkservices.com.au/portal.html" "Mozilla/5.0 (Windows NT 10.0; Win64; x64) AppleWebKit/537.36 (KHTML, like Gecko) Chrome/64.0.3282.140 Safari/537.36 Edge/17.17134"
1.129.111.80 - - [03/Jul/2018:15:31:57 +1000] "GET /js/jquery.countdown.js HTTP/1.1" 200 1155 "http://www.linkservices.com.au/portal.html" "Mozilla/5.0 (Windows NT 10.0; Win64; x64) AppleWebKit/537.36 (KHTML, like Gecko) Chrome/64.0.3282.140 Safari/537.36 Edge/17.17134"
178.159.43.212 - - [03/Jul/2018:14:29:10 +1000] "HEAD / HTTP/1.1" 200 - "https://cityreys.ru/avtopark/mercedes-benz-vito-ii/" "Mozilla/4.0 (compatible; MSIE3.00; Windows 2007)"
185.5.249.185 - - [03/Jul/2018:15:31:47 +1000] "HEAD / HTTP/1.1" 200 - "http://unibus.su/mezhdugorodnie-perevozki/arenda-mikroavtobusa/" "Mozilla/6.0 (compatible; MSIE6.00; Windows 2009)"
103.249.233.174 - - [03/Jul/2018:16:57:07 +1000] "GET /wp-login.php HTTP/1.1" 404 285 "-" "Mozilla/5.0 (Windows NT 6.1; WOW64; rv:40.0) Gecko/20100101 Firefox/40.1"
103.249.233.174 - - [03/Jul/2018:16:57:07 +1000] "GET / HTTP/1.1" 200 22760 "-" "Mozilla/5.0 (Windows NT 6.1; WOW64; rv:40.0) Gecko/20100101 Firefox/40.1"
192.195.49.241 - - [03/Jul/2018:10:18:09 +1000] "GET /css/magnific-popup.css HTTP/1.1" 200 1896 "http://www.linkservices.com.au/portal.html" "Mozilla/5.0 (Windows NT 6.1; WOW64; Trident/7.0; rv:11.0) like Gecko"
192.195.49.241 - - [03/Jul/2018:10:18:09 +1000] "GET /js/jquery.sticky.js HTTP/1.1" 200 1463 "http://www.linkservices.com.au/portal.html" "Mozilla/5.0 (Windows NT 6.1; WOW64; Trident/7.0; rv:11.0) like Gecko"
192.195.49.241 - - [03/Jul/2018:10:18:10 +1000] "GET /js/scale.fix.js HTTP/1.1" 200 279 "http://www.linkservices.com.au/portal.html" "Mozilla/5.0 (Windows NT 6.1; WOW64; Trident/7.0; rv:11.0) like Gecko"
5.255.250.137 - - [03/Jul/2018:10:53:55 +1000] "GET / HTTP/1.1" 200 6301 "-" "Mozilla/5.0 (compatible; YandexBot/3.0; +http://yandex.com/bots)"
210.84.5.202 - - [03/Jul/2018:11:23:15 +1000] "GET /css/animate.css HTTP/1.1" 200 5119 "http://www.linkservices.com.au/" "Mozilla/5.0 (Windows NT 10.0; Win64; x64) AppleWebKit/537.36 (KHTML, like Gecko) Chrome/67.0.3396.99 Safari/537.36"
210.84.5.202 - - [03/Jul/2018:11:23:15 +1000] "GET /masterslider/style/masterslider.css HTTP/1.1" 200 1960 "http://www.linkservices.com.au/" "Mozilla/5.0 (Windows NT 10.0; Win64; x64) AppleWebKit/537.36 (KHTML, like Gecko) Chrome/67.0.3396.99 Safari/537.36"
210.84.5.202 - - [03/Jul/2018:11:23:16 +1000] "GET /js/jquery.easing.js HTTP/1.1" 200 1984 "http://www.linkservices.com.au/" "Mozilla/5.0 (Windows NT 10.0; Win64; x64) AppleWebKit/537.36 (KHTML, like Gecko) Chrome/67.0.3396.99 Safari/537.36"
210.84.5.202 - - [03/Jul/2018:11:23:16 +1000] "GET /js/jquery.fitvids.js HTTP/1.1" 200 1200 "http://www.linkservices.com.au/" "Mozilla/5.0 (Windows NT 10.0; Win64; x64) AppleWebKit/537.36 (KHTML, like Gecko) Chrome/67.0.3396.99 Safari/537.36"
210.84.5.202 - - [03/Jul/2018:11:23:16 +1000] "GET /js/retina.js HTTP/1.1" 200 695 "http://www.linkservices.com.au/" "Mozilla/5.0 (Windows NT 10.0; Win64; x64) AppleWebKit/537.36 (KHTML, like Gecko) Chrome/67.0.3396.99 Safari/537.36"
210.84.5.202 - - [03/Jul/2018:11:23:16 +1000] "GET /layerslider/js/greensock.js HTTP/1.1" 200 24583 "http://www.linkservices.com.au/" "Mozilla/5.0 (Windows NT 10.0; Win64; x64) AppleWebKit/537.36 (KHTML, like Gecko) Chrome/67.0.3396.99 Safari/537.36"
210.84.5.202 - - [03/Jul/2018:11:23:16 +1000] "GET /img/logo_white.png HTTP/1.1" 200 9781 "http://www.linkservices.com.au/" "Mozilla/5.0 (Windows NT 10.0; Win64; x64) AppleWebKit/537.36 (KHTML, like Gecko) Chrome/67.0.3396.99 Safari/537.36"
165.12.252.211 - - [03/Jul/2018:12:18:17 +1000] "GET /css/entypo.css HTTP/1.1" 200 2639 "http://www.linkservices.com.au/quote.html" "Mozilla/5.0 CK={tiPpw0h4g7mAdTLbtp9388tsg8pKpPLabiY+vpB3uBh66HL4CLYOrloUgvZrrhV03SkHWKo48NaQSLkEN5gt0jn/jVFMJAzYF0ymVXCULHkXcPHGYfH7SA==} (Windows NT 6.1; WOW64; Trident/7.0; rv:11.0) like Gecko"
165.12.252.211 - - [03/Jul/2018:12:18:19 +1000] "GET /layerslider/js/greensock.js HTTP/1.1" 200 24583 "http://www.linkservices.com.au/quote.html" "Mozilla/5.0 CK={tiPpw0h4g7mAdTLbtp9388tsg8pKpPLabiY+vpB3uBh66HL4CLYOrloUgvZrrhV03SkHWKo48NaQSLkEN5gt0jn/jVFMJAzYF0ymVXCULHkXcPHGYfH7SA==} (Windows NT 6.1; WOW64; Trident/7.0; rv:11.0) like Gecko"
66.249.82.91 - - [03/Jul/2018:14:11:05 +1000] "GET /img/divider.png HTTP/1.1" 200 2801 "http://www.linkservices.com.au/css/styles.css" "Mozilla/5.0 (Linux; Android 8.1.0; Pixel 2 XL Build/OPM2.171026.006.C1) AppleWebKit/537.36 (KHTML, like Gecko) Chrome/67.0.3396.87 Mobile Safari/537.36"
58.179.29.172 - - [03/Jul/2018:17:13:35 +1000] "GET /css/magnific-popup.css HTTP/1.1" 200 1896 "http://www.linkservices.com.au/" "Mozilla/5.0 (Windows NT 6.1) AppleWebKit/537.36 (KHTML, like Gecko) Chrome/67.0.3396.99 Safari/537.36"
165.12.252.211 - - [03/Jul/2018:12:18:17 +1000] "GET /css/styles.css HTTP/1.1" 200 11528 "http://www.linkservices.com.au/quote.html" "Mozilla/5.0 CK={tiPpw0h4g7mAdTLbtp9388tsg8pKpPLabiY+vpB3uBh66HL4CLYOrloUgvZrrhV03SkHWKo48NaQSLkEN5gt0jn/jVFMJAzYF0ymVXCULHkXcPHGYfH7SA==} (Windows NT 6.1; WOW64; Trident/7.0; rv:11.0) like Gecko"
165.12.252.211 - - [03/Jul/2018:12:18:19 +1000] "GET /js/jquery.flexslider-min.js HTTP/1.1" 200 5268 "http://www.linkservices.com.au/quote.html" "Mozilla/5.0 CK={tiPpw0h4g7mAdTLbtp9388tsg8pKpPLabiY+vpB3uBh66HL4CLYOrloUgvZrrhV03SkHWKo48NaQSLkEN5gt0jn/jVFMJAzYF0ymVXCULHkXcPHGYfH7SA==} (Windows NT 6.1; WOW64; Trident/7.0; rv:11.0) like Gecko"
165.12.252.211 - - [03/Jul/2018:12:19:44 +1000] "GET /img/divider.png HTTP/1.1" 200 2801 "http://www.linkservices.com.au/index.html" "Mozilla/5.0 CK={tiPpw0h4g7mAdTLbtp9388tsg8pKpPLabiY+vpB3uBh66HL4CLYOrloUgvZrrhV03SkHWKo48NaQSLkEN5gt0jn/jVFMJAzYF0ymVXCULHkXcPHGYfH7SA==} (Windows NT 6.1; WOW64; Trident/7.0; rv:11.0) like Gecko"
66.249.82.90 - - [03/Jul/2018:14:11:03 +1000] "GET /css/entypo.css HTTP/1.1" 200 2639 "http://www.linkservices.com.au/" "Mozilla/5.0 (Linux; Android 8.1.0; Pixel 2 XL Build/OPM2.171026.006.C1) AppleWebKit/537.36 (KHTML, like Gecko) Chrome/67.0.3396.87 Mobile Safari/537.36"
66.249.82.90 - - [03/Jul/2018:14:11:05 +1000] "GET /js/tinynav.min.js HTTP/1.1" 200 482 "http://www.linkservices.com.au/" "Mozilla/5.0 (Linux; Android 8.1.0; Pixel 2 XL Build/OPM2.171026.006.C1) AppleWebKit/537.36 (KHTML, like Gecko) Chrome/67.0.3396.87 Mobile Safari/537.36"
66.249.82.90 - - [03/Jul/2018:14:11:13 +1000] "HEAD /img/masterslider/04@2x.jpg HTTP/1.1" 404 - "http://www.linkservices.com.au/" "Mozilla/5.0 (Linux; Android 8.1.0; Pixel 2 XL Build/OPM2.171026.006.C1) AppleWebKit/537.36 (KHTML, like Gecko) Chrome/67.0.3396.87 Mobile Safari/537.36"
1.129.111.80 - - [03/Jul/2018:15:31:57 +1000] "GET /rs-plugin/js/jquery.themepunch.plugins.min.js HTTP/1.1" 200 28770 "http://www.linkservices.com.au/portal.html" "Mozilla/5.0 (Windows NT 10.0; Win64; x64) AppleWebKit/537.36 (KHTML, like Gecko) Chrome/64.0.3282.140 Safari/537.36 Edge/17.17134"
58.179.29.172 - - [03/Jul/2018:17:13:35 +1000] "GET /css/font-awesome.min.css HTTP/1.1" 200 4698 "http://www.linkservices.com.au/" "Mozilla/5.0 (Windows NT 6.1) AppleWebKit/537.36 (KHTML, like Gecko) Chrome/67.0.3396.99 Safari/537.36"
58.179.29.172 - - [03/Jul/2018:17:13:35 +1000] "GET /css/flexslider.css HTTP/1.1" 200 1097 "http://www.linkservices.com.au/" "Mozilla/5.0 (Windows NT 6.1) AppleWebKit/537.36 (KHTML, like Gecko) Chrome/67.0.3396.99 Safari/537.36"
58.179.29.172 - - [03/Jul/2018:17:13:41 +1000] "GET /js/tinynav.min.js HTTP/1.1" 200 482 "http://www.linkservices.com.au/" "Mozilla/5.0 (Windows NT 6.1) AppleWebKit/537.36 (KHTML, like Gecko) Chrome/67.0.3396.99 Safari/537.36"
58.179.29.172 - - [03/Jul/2018:17:13:41 +1000] "GET /fonts/typicons.woff HTTP/1.1" 200 60464 "http://www.linkservices.com.au/css/typicons.min.css" "Mozilla/5.0 (Windows NT 6.1) AppleWebKit/537.36 (KHTML, like Gecko) Chrome/67.0.3396.99 Safari/537.36"
58.179.29.172 - - [03/Jul/2018:17:13:41 +1000] "GET /js/scale.fix.js HTTP/1.1" 200 279 "http://www.linkservices.com.au/" "Mozilla/5.0 (Windows NT 6.1) AppleWebKit/537.36 (KHTML, like Gecko) Chrome/67.0.3396.99 Safari/537.36"
58.179.29.172 - - [03/Jul/2018:17:13:41 +1000] "GET /js/jquery.refineslide.js HTTP/1.1" 200 7184 "http://www.linkservices.com.au/" "Mozilla/5.0 (Windows NT 6.1) AppleWebKit/537.36 (KHTML, like Gecko) Chrome/67.0.3396.99 Safari/537.36"
124.179.165.95 - - [03/Jul/2018:14:31:11 +1000] "GET /masterslider/masterslider.js HTTP/1.1" 200 36146 "http://www.linkservices.com.au/" "Mozilla/5.0 (Macintosh; Intel Mac OS X 10_12_6) AppleWebKit/605.1.15 (KHTML, like Gecko) Version/11.1.1 Safari/605.1.15"
124.179.165.95 - - [03/Jul/2018:14:31:12 +1000] "GET /fonts/typicons.woff HTTP/1.1" 200 60464 "http://www.linkservices.com.au/" "Mozilla/5.0 (Macintosh; Intel Mac OS X 10_12_6) AppleWebKit/605.1.15 (KHTML, like Gecko) Version/11.1.1 Safari/605.1.15"
193.124.176.156 - - [03/Jul/2018:15:31:47 +1000] "HEAD / HTTP/1.1" 200 - "http://citybur.ru/category/rukavodstvo/" "Mozilla/8.0 (compatible; MSIE4.00; Windows 2006)"
152.91.7.144 - - [03/Jul/2018:15:44:19 +1000] "GET /css/magnific-popup.css HTTP/1.1" 200 1896 "http://www.linkservices.com.au/" "Mozilla/5.0 (Macintosh; Intel Mac OS X 10_12_3) AppleWebKit/537.36 (KHTML, like Gecko) Chrome/67.0.3396.99 Safari/537.36"
152.91.7.144 - - [03/Jul/2018:15:44:19 +1000] "GET /css/entypo.css HTTP/1.1" 200 2639 "http://www.linkservices.com.au/" "Mozilla/5.0 (Macintosh; Intel Mac OS X 10_12_3) AppleWebKit/537.36 (KHTML, like Gecko) Chrome/67.0.3396.99 Safari/537.36"
152.91.7.144 - - [03/Jul/2018:15:44:19 +1000] "GET /css/refineslide.css HTTP/1.1" 200 806 "http://www.linkservices.com.au/" "Mozilla/5.0 (Macintosh; Intel Mac OS X 10_12_3) AppleWebKit/537.36 (KHTML, like Gecko) Chrome/67.0.3396.99 Safari/537.36"
152.91.7.144 - - [03/Jul/2018:15:44:31 +1000] "GET /masterslider/blank.gif HTTP/1.1" 200 43 "http://www.linkservices.com.au/" "Mozilla/5.0 (Macintosh; Intel Mac OS X 10_12_3) AppleWebKit/537.36 (KHTML, like Gecko) Chrome/67.0.3396.99 Safari/537.36"
152.91.7.144 - - [03/Jul/2018:15:44:31 +1000] "GET /js/jquery-1.10.2.js HTTP/1.1" 200 32811 "http://www.linkservices.com.au/" "Mozilla/5.0 (Macintosh; Intel Mac OS X 10_12_3) AppleWebKit/537.36 (KHTML, like Gecko) Chrome/67.0.3396.99 Safari/537.36"
152.91.7.144 - - [03/Jul/2018:15:44:31 +1000] "GET /js/jquery.easing.js HTTP/1.1" 200 1984 "http://www.linkservices.com.au/" "Mozilla/5.0 (Macintosh; Intel Mac OS X 10_12_3) AppleWebKit/537.36 (KHTML, like Gecko) Chrome/67.0.3396.99 Safari/537.36"
152.91.7.144 - - [03/Jul/2018:15:44:31 +1000] "GET /js/jquery.magnific-popup.min.js HTTP/1.1" 200 7493 "http://www.linkservices.com.au/" "Mozilla/5.0 (Macintosh; Intel Mac OS X 10_12_3) AppleWebKit/537.36 (KHTML, like Gecko) Chrome/67.0.3396.99 Safari/537.36"
152.91.7.144 - - [03/Jul/2018:15:44:31 +1000] "GET /js/scale.fix.js HTTP/1.1" 200 279 "http://www.linkservices.com.au/" "Mozilla/5.0 (Macintosh; Intel Mac OS X 10_12_3) AppleWebKit/537.36 (KHTML, like Gecko) Chrome/67.0.3396.99 Safari/537.36"
152.91.7.144 - - [03/Jul/2018:15:44:31 +1000] "GET /layerslider/js/greensock.js HTTP/1.1" 200 24583 "http://www.linkservices.com.au/" "Mozilla/5.0 (Macintosh; Intel Mac OS X 10_12_3) AppleWebKit/537.36 (KHTML, like Gecko) Chrome/67.0.3396.99 Safari/537.36"
152.91.7.144 - - [03/Jul/2018:15:44:31 +1000] "GET /img/logo_white.png HTTP/1.1" 200 9781 "http://www.linkservices.com.au/" "Mozilla/5.0 (Macintosh; Intel Mac OS X 10_12_3) AppleWebKit/537.36 (KHTML, like Gecko) Chrome/67.0.3396.99 Safari/537.36"
58.179.29.172 - - [03/Jul/2018:17:13:35 +1000] "GET / HTTP/1.1" 200 6301 "https://www.google.com.au/" "Mozilla/5.0 (Windows NT 6.1) AppleWebKit/537.36 (KHTML, like Gecko) Chrome/67.0.3396.99 Safari/537.36"
58.179.29.172 - - [03/Jul/2018:17:13:35 +1000] "GET /css/bootstrap.css HTTP/1.1" 200 16472 "http://www.linkservices.com.au/" "Mozilla/5.0 (Windows NT 6.1) AppleWebKit/537.36 (KHTML, like Gecko) Chrome/67.0.3396.99 Safari/537.36"
58.179.29.172 - - [03/Jul/2018:17:13:35 +1000] "GET /rs-plugin/css/settings.css HTTP/1.1" 200 7988 "http://www.linkservices.com.au/" "Mozilla/5.0 (Windows NT 6.1) AppleWebKit/537.36 (KHTML, like Gecko) Chrome/67.0.3396.99 Safari/537.36"
58.179.29.172 - - [03/Jul/2018:17:13:41 +1000] "GET /js/jquery.easing.js HTTP/1.1" 200 1984 "http://www.linkservices.com.au/" "Mozilla/5.0 (Windows NT 6.1) AppleWebKit/537.36 (KHTML, like Gecko) Chrome/67.0.3396.99 Safari/537.36"
58.179.29.172 - - [03/Jul/2018:17:13:41 +1000] "GET /js/jquery.isotope.min.js HTTP/1.1" 200 5000 "http://www.linkservices.com.au/" "Mozilla/5.0 (Windows NT 6.1) AppleWebKit/537.36 (KHTML, like Gecko) Chrome/67.0.3396.99 Safari/537.36"
58.179.29.172 - - [03/Jul/2018:17:13:41 +1000] "GET /js/jquery.magnific-popup.min.js HTTP/1.1" 200 7493 "http://www.linkservices.com.au/" "Mozilla/5.0 (Windows NT 6.1) AppleWebKit/537.36 (KHTML, like Gecko) Chrome/67.0.3396.99 Safari/537.36"
58.179.29.172 - - [03/Jul/2018:17:13:41 +1000] "GET /layerslider/js/greensock.js HTTP/1.1" 200 24583 "http://www.linkservices.com.au/" "Mozilla/5.0 (Windows NT 6.1) AppleWebKit/537.36 (KHTML, like Gecko) Chrome/67.0.3396.99 Safari/537.36"
58.179.29.172 - - [03/Jul/2018:17:13:42 +1000] "GET /img/masterslider/04.jpg HTTP/1.1" 200 748158 "http://www.linkservices.com.au/" "Mozilla/5.0 (Windows NT 6.1) AppleWebKit/537.36 (KHTML, like Gecko) Chrome/67.0.3396.99 Safari/537.36"
165.12.252.211 - - [03/Jul/2018:12:19:15 +1000] "GET /img/masterslider/03.jpg HTTP/1.1" 200 1187289 "http://www.linkservices.com.au/index.html" "Mozilla/5.0 CK={tiPpw0h4g7mAdTLbtp9388tsg8pKpPLabiY+vpB3uBh66HL4CLYOrloUgvZrrhV03SkHWKo48NaQSLkEN5gt0jn/jVFMJAzYF0ymVXCULHkXcPHGYfH7SA==} (Windows NT 6.1; WOW64; Trident/7.0; rv:11.0) like Gecko"
165.12.252.211 - - [03/Jul/2018:12:19:18 +1000] "GET /img/parallax/02.jpg HTTP/1.1" 200 651412 "http://www.linkservices.com.au/index.html" "Mozilla/5.0 CK={tiPpw0h4g7mAdTLbtp9388tsg8pKpPLabiY+vpB3uBh66HL4CLYOrloUgvZrrhV03SkHWKo48NaQSLkEN5gt0jn/jVFMJAzYF0ymVXCULHkXcPHGYfH7SA==} (Windows NT 6.1; WOW64; Trident/7.0; rv:11.0) like Gecko"
91.134.17.243 - - [03/Jul/2018:12:25:56 +1000] "GET / HTTP/1.1" 200 6301 "-" "Mozilla/5.0 (Windows NT 6.1; Win64; x64) AppleWebKit/537.36 (KHTML, like Gecko) Chrome/63.0.3239.84 Safari/537.36"
112.198.36.8 - - [03/Jul/2018:12:31:04 +1000] "GET /css/bootstrap.css HTTP/1.1" 200 16472 "http://www.linkservices.com.au/" "Mozilla/5.0 (Macintosh; Intel Mac OS X 10_13_5) AppleWebKit/537.36 (KHTML, like Gecko) Chrome/67.0.3396.99 Safari/537.36"
112.198.36.8 - - [03/Jul/2018:12:31:05 +1000] "GET /masterslider/style/masterslider.css HTTP/1.1" 200 1960 "http://www.linkservices.com.au/" "Mozilla/5.0 (Macintosh; Intel Mac OS X 10_13_5) AppleWebKit/537.36 (KHTML, like Gecko) Chrome/67.0.3396.99 Safari/537.36"
121.127.217.28 - - [03/Jul/2018:10:17:46 +1000] "GET /img/masterslider/02.jpg HTTP/1.1" 200 589463 "http://www.linkservices.com.au/" "Mozilla/5.0 (Windows NT 6.1; Win64; x64) AppleWebKit/537.36 (KHTML, like Gecko) Chrome/67.0.3396.99 Safari/537.36"
121.127.217.28 - - [03/Jul/2018:10:17:50 +1000] "GET /contact.html HTTP/1.1" 200 5175 "http://www.linkservices.com.au/" "Mozilla/5.0 (Windows NT 6.1; Win64; x64) AppleWebKit/537.36 (KHTML, like Gecko) Chrome/67.0.3396.99 Safari/537.36"
121.127.217.28 - - [03/Jul/2018:10:17:54 +1000] "GET /img/favicon.png HTTP/1.1" 200 463 "http://www.linkservices.com.au/contact.html" "Mozilla/5.0 (Windows NT 6.1; Win64; x64) AppleWebKit/537.36 (KHTML, like Gecko) Chrome/67.0.3396.99 Safari/537.36"
203.217.61.116 - - [03/Jul/2018:11:11:34 +1000] "GET / HTTP/1.1" 200 6301 "https://www.google.com.au/" "Mozilla/5.0 (Windows NT 6.1) AppleWebKit/537.36 (KHTML, like Gecko) Chrome/67.0.3396.99 Safari/537.36"
203.217.61.116 - - [03/Jul/2018:11:11:34 +1000] "GET /css/bootstrap.css HTTP/1.1" 200 16472 "http://www.linkservices.com.au/" "Mozilla/5.0 (Windows NT 6.1) AppleWebKit/537.36 (KHTML, like Gecko) Chrome/67.0.3396.99 Safari/537.36"
203.29.87.96 - - [03/Jul/2018:11:47:03 +1000] "GET /img/masterslider/04.jpg HTTP/1.1" 304 - "-" "Mozilla/4.0 (compatible; MSIE 7.0; Windows NT 10.0; WOW64; Trident/7.0; .NET4.0C; .NET4.0E; .NET CLR 2.0.50727; .NET CLR 3.0.30729; .NET CLR 3.5.30729; Microsoft Outlook 16.0.9330; ms-office; MSOffice 16)"
165.12.252.211 - - [03/Jul/2018:12:18:17 +1000] "GET /css/magnific-popup.css HTTP/1.1" 200 1896 "http://www.linkservices.com.au/quote.html" "Mozilla/5.0 CK={tiPpw0h4g7mAdTLbtp9388tsg8pKpPLabiY+vpB3uBh66HL4CLYOrloUgvZrrhV03SkHWKo48NaQSLkEN5gt0jn/jVFMJAzYF0ymVXCULHkXcPHGYfH7SA==} (Windows NT 6.1; WOW64; Trident/7.0; rv:11.0) like Gecko"
165.12.252.211 - - [03/Jul/2018:12:18:19 +1000] "GET /rs-plugin/js/jquery.themepunch.revolution.min.js HTTP/1.1" 200 24288 "http://www.linkservices.com.au/quote.html" "Mozilla/5.0 CK={tiPpw0h4g7mAdTLbtp9388tsg8pKpPLabiY+vpB3uBh66HL4CLYOrloUgvZrrhV03SkHWKo48NaQSLkEN5gt0jn/jVFMJAzYF0ymVXCULHkXcPHGYfH7SA==} (Windows NT 6.1; WOW64; Trident/7.0; rv:11.0) like Gecko"
66.249.82.92 - - [03/Jul/2018:14:11:05 +1000] "GET /js/jquery.parallax-1.1.3.js HTTP/1.1" 200 822 "http://www.linkservices.com.au/" "Mozilla/5.0 (Linux; Android 8.1.0; Pixel 2 XL Build/OPM2.171026.006.C1) AppleWebKit/537.36 (KHTML, like Gecko) Chrome/67.0.3396.87 Mobile Safari/537.36"
66.249.82.90 - - [03/Jul/2018:14:11:37 +1000] "HEAD /img/masterslider/04@2x.jpg HTTP/1.1" 404 - "http://www.linkservices.com.au/" "Mozilla/5.0 (Linux; Android 8.1.0; Pixel 2 XL Build/OPM2.171026.006.C1) AppleWebKit/537.36 (KHTML, like Gecko) Chrome/67.0.3396.87 Mobile Safari/537.36"
1.129.111.80 - - [03/Jul/2018:15:31:56 +1000] "GET /js/scale.fix.js HTTP/1.1" 200 279 "http://www.linkservices.com.au/portal.html" "Mozilla/5.0 (Windows NT 10.0; Win64; x64) AppleWebKit/537.36 (KHTML, like Gecko) Chrome/64.0.3282.140 Safari/537.36 Edge/17.17134"
1.129.111.80 - - [03/Jul/2018:15:31:58 +1000] "GET /js/jquery.refineslide.js HTTP/1.1" 200 7184 "http://www.linkservices.com.au/portal.html" "Mozilla/5.0 (Windows NT 10.0; Win64; x64) AppleWebKit/537.36 (KHTML, like Gecko) Chrome/64.0.3282.140 Safari/537.36 Edge/17.17134"
60.227.194.88 - - [03/Jul/2018:14:32:30 +1000] "HEAD /img/masterslider/01@2x.jpg HTTP/1.1" 404 - "http://www.linkservices.com.au/" "Mozilla/5.0 (iPad; CPU OS 11_4 like Mac OS X) AppleWebKit/605.1.15 (KHTML, like Gecko) Version/11.0 Mobile/15E148 Safari/604.1"
60.227.194.88 - - [03/Jul/2018:14:32:31 +1000] "HEAD /img/logo_white@2x.png HTTP/1.1" 404 - "http://www.linkservices.com.au/" "Mozilla/5.0 (iPad; CPU OS 11_4 like Mac OS X) AppleWebKit/605.1.15 (KHTML, like Gecko) Version/11.0 Mobile/15E148 Safari/604.1"
1.129.111.80 - - [03/Jul/2018:15:31:51 +1000] "GET /css/entypo.css HTTP/1.1" 200 2639 "http://www.linkservices.com.au/portal.html" "Mozilla/5.0 (Windows NT 10.0; Win64; x64) AppleWebKit/537.36 (KHTML, like Gecko) Chrome/64.0.3282.140 Safari/537.36 Edge/17.17134"
1.129.111.80 - - [03/Jul/2018:15:31:51 +1000] "GET /masterslider/skins/default/style.css HTTP/1.1" 200 975 "http://www.linkservices.com.au/portal.html" "Mozilla/5.0 (Windows NT 10.0; Win64; x64) AppleWebKit/537.36 (KHTML, like Gecko) Chrome/64.0.3282.140 Safari/537.36 Edge/17.17134"
1.129.111.80 - - [03/Jul/2018:15:31:51 +1000] "GET /img/masterslider/04.jpg HTTP/1.1" 200 748158 "http://www.linkservices.com.au/portal.html" "Mozilla/5.0 (Windows NT 10.0; Win64; x64) AppleWebKit/537.36 (KHTML, like Gecko) Chrome/64.0.3282.140 Safari/537.36 Edge/17.17134"
1.129.111.80 - - [03/Jul/2018:15:31:58 +1000] "GET /rs-plugin/js/jquery.themepunch.revolution.min.js HTTP/1.1" 200 24288 "http://www.linkservices.com.au/portal.html" "Mozilla/5.0 (Windows NT 10.0; Win64; x64) AppleWebKit/537.36 (KHTML, like Gecko) Chrome/64.0.3282.140 Safari/537.36 Edge/17.17134"
137.92.10.67 - - [03/Jul/2018:15:33:39 +1000] "GET /css/magnific-popup.css HTTP/1.1" 200 1896 "http://www.linkservices.com.au/portal.html" "Mozilla/5.0 (Windows NT 10.0; Win64; x64) AppleWebKit/537.36 (KHTML, like Gecko) Chrome/67.0.3396.99 Safari/537.36"
137.92.10.67 - - [03/Jul/2018:15:33:39 +1000] "GET /css/entypo.css HTTP/1.1" 200 2639 "http://www.linkservices.com.au/portal.html" "Mozilla/5.0 (Windows NT 10.0; Win64; x64) AppleWebKit/537.36 (KHTML, like Gecko) Chrome/67.0.3396.99 Safari/537.36"
137.92.10.67 - - [03/Jul/2018:15:33:39 +1000] "GET /css/flexslider.css HTTP/1.1" 200 1097 "http://www.linkservices.com.au/portal.html" "Mozilla/5.0 (Windows NT 10.0; Win64; x64) AppleWebKit/537.36 (KHTML, like Gecko) Chrome/67.0.3396.99 Safari/537.36"
137.92.10.67 - - [03/Jul/2018:15:33:39 +1000] "GET /img/masterslider/04.jpg HTTP/1.1" 200 748158 "http://www.linkservices.com.au/portal.html" "Mozilla/5.0 (Windows NT 10.0; Win64; x64) AppleWebKit/537.36 (KHTML, like Gecko) Chrome/67.0.3396.99 Safari/537.36"
137.92.10.67 - - [03/Jul/2018:15:33:39 +1000] "GET /rs-plugin/js/jquery.themepunch.revolution.min.js HTTP/1.1" 200 24288 "http://www.linkservices.com.au/portal.html" "Mozilla/5.0 (Windows NT 10.0; Win64; x64) AppleWebKit/537.36 (KHTML, like Gecko) Chrome/67.0.3396.99 Safari/537.36"
91.134.17.236 - - [03/Jul/2018:16:31:28 +1000] "GET / HTTP/1.1" 200 6301 "-" "Mozilla/5.0 (Macintosh; Intel Mac OS X 10_13_2) AppleWebKit/537.36 (KHTML, like Gecko) Chrome/63.0.3239.84 Safari/537.36"
137.92.10.67 - - [03/Jul/2018:15:33:39 +1000] "GET /layerslider/js/greensock.js HTTP/1.1" 200 24583 "http://www.linkservices.com.au/portal.html" "Mozilla/5.0 (Windows NT 10.0; Win64; x64) AppleWebKit/537.36 (KHTML, like Gecko) Chrome/67.0.3396.99 Safari/537.36"
137.92.10.67 - - [03/Jul/2018:15:33:39 +1000] "GET /img/logo_white.png HTTP/1.1" 200 9781 "http://www.linkservices.com.au/portal.html" "Mozilla/5.0 (Windows NT 10.0; Win64; x64) AppleWebKit/537.36 (KHTML, like Gecko) Chrome/67.0.3396.99 Safari/537.36"
52.53.201.78 - - [03/Jul/2018:16:34:16 +1000] "GET / HTTP/1.1" 200 6301 "-" "Mozilla/5.0 (Macintosh; Intel Mac OS X 10_12_6) AppleWebKit/537.36 (KHTML, like Gecko) Chrome/61.0.3163.100 Safari/537.36"
192.195.49.241 - - [03/Jul/2018:10:18:09 +1000] "GET /css/font-awesome.min.css HTTP/1.1" 200 4698 "http://www.linkservices.com.au/portal.html" "Mozilla/5.0 (Windows NT 6.1; WOW64; Trident/7.0; rv:11.0) like Gecko"
192.195.49.241 - - [03/Jul/2018:10:18:09 +1000] "GET /masterslider/skins/default/style.css HTTP/1.1" 200 975 "http://www.linkservices.com.au/portal.html" "Mozilla/5.0 (Windows NT 6.1; WOW64; Trident/7.0; rv:11.0) like Gecko"
192.195.49.241 - - [03/Jul/2018:10:18:10 +1000] "GET /js/jquery.refineslide.js HTTP/1.1" 200 7184 "http://www.linkservices.com.au/portal.html" "Mozilla/5.0 (Windows NT 6.1; WOW64; Trident/7.0; rv:11.0) like Gecko"
40.114.110.198 - - [03/Jul/2018:11:52:42 +1000] "GET /robots.txt HTTP/1.1" 404 283 "-" "Mozilla/5.0 (Windows NT 10.0; WOW64) AppleWebKit/537.36 (KHTML, like Gecko) Chrome/49.0.2623.75 Safari/537.36 OPR/36.0.2130.32"
40.114.110.198 - - [03/Jul/2018:11:52:43 +1000] "GET / HTTP/1.1" 200 22760 "-" "Mozilla/5.0 (Windows NT 10.0; WOW64) AppleWebKit/537.36 (KHTML, like Gecko) Chrome/49.0.2623.75 Safari/537.36 OPR/36.0.2130.32"
40.114.110.198 - - [03/Jul/2018:11:52:43 +1000] "GET /xmlrpc.php?rsd HTTP/1.1" 404 283 "-" "Mozilla/5.0 (Windows NT 10.0; WOW64) AppleWebKit/537.36 (KHTML, like Gecko) Chrome/49.0.2623.75 Safari/537.36 OPR/36.0.2130.32"
40.114.110.198 - - [03/Jul/2018:11:52:43 +1000] "GET /blog/robots.txt HTTP/1.1" 404 288 "-" "Mozilla/5.0 (Windows NT 10.0; WOW64) AppleWebKit/537.36 (KHTML, like Gecko) Chrome/49.0.2623.75 Safari/537.36 OPR/36.0.2130.32"
40.114.110.198 - - [03/Jul/2018:11:52:44 +1000] "GET /blog/ HTTP/1.1" 404 278 "-" "Mozilla/5.0 (Windows NT 10.0; WOW64) AppleWebKit/537.36 (KHTML, like Gecko) Chrome/49.0.2623.75 Safari/537.36 OPR/36.0.2130.32"
40.114.110.198 - - [03/Jul/2018:11:52:44 +1000] "GET /wordpress/ HTTP/1.1" 404 283 "-" "Mozilla/5.0 (Windows NT 10.0; WOW64) AppleWebKit/537.36 (KHTML, like Gecko) Chrome/49.0.2623.75 Safari/537.36 OPR/36.0.2130.32"
40.114.110.198 - - [03/Jul/2018:11:52:44 +1000] "GET /wp/ HTTP/1.1" 404 276 "-" "Mozilla/5.0 (Windows NT 10.0; WOW64) AppleWebKit/537.36 (KHTML, like Gecko) Chrome/49.0.2623.75 Safari/537.36 OPR/36.0.2130.32"
165.12.252.211 - - [03/Jul/2018:12:18:17 +1000] "GET /js/modernizr.js HTTP/1.1" 200 6139 "http://www.linkservices.com.au/quote.html" "Mozilla/5.0 CK={tiPpw0h4g7mAdTLbtp9388tsg8pKpPLabiY+vpB3uBh66HL4CLYOrloUgvZrrhV03SkHWKo48NaQSLkEN5gt0jn/jVFMJAzYF0ymVXCULHkXcPHGYfH7SA==} (Windows NT 6.1; WOW64; Trident/7.0; rv:11.0) like Gecko"
112.198.36.8 - - [03/Jul/2018:12:31:05 +1000] "GET /layerslider/css/layerslider.css HTTP/1.1" 200 3040 "http://www.linkservices.com.au/" "Mozilla/5.0 (Macintosh; Intel Mac OS X 10_13_5) AppleWebKit/537.36 (KHTML, like Gecko) Chrome/67.0.3396.99 Safari/537.36"
112.198.36.8 - - [03/Jul/2018:12:31:05 +1000] "GET /css/entypo.css HTTP/1.1" 200 2639 "http://www.linkservices.com.au/" "Mozilla/5.0 (Macintosh; Intel Mac OS X 10_13_5) AppleWebKit/537.36 (KHTML, like Gecko) Chrome/67.0.3396.99 Safari/537.36"
112.198.36.8 - - [03/Jul/2018:12:31:05 +1000] "GET /css/flexslider.css HTTP/1.1" 200 1097 "http://www.linkservices.com.au/" "Mozilla/5.0 (Macintosh; Intel Mac OS X 10_13_5) AppleWebKit/537.36 (KHTML, like Gecko) Chrome/67.0.3396.99 Safari/537.36"
203.15.226.132 - - [03/Jul/2018:17:58:03 +1000] "GET /masterslider/style/masterslider.css HTTP/1.1" 200 1960 "http://www.linkservices.com.au/portal.html" "Mozilla/5.0 (Windows NT 6.3; Trident/7.0; Touch; rv:11.0) like Gecko"
203.15.226.132 - - [03/Jul/2018:17:58:03 +1000] "GET /js/modernizr.js HTTP/1.1" 200 6139 "http://www.linkservices.com.au/portal.html" "Mozilla/5.0 (Windows NT 6.3; Trident/7.0; Touch; rv:11.0) like Gecko"
58.179.29.172 - - [03/Jul/2018:17:13:35 +1000] "GET /css/typicons.min.css HTTP/1.1" 200 2634 "http://www.linkservices.com.au/" "Mozilla/5.0 (Windows NT 6.1) AppleWebKit/537.36 (KHTML, like Gecko) Chrome/67.0.3396.99 Safari/537.36"
58.179.29.172 - - [03/Jul/2018:17:13:35 +1000] "GET /css/refineslide.css HTTP/1.1" 200 806 "http://www.linkservices.com.au/" "Mozilla/5.0 (Windows NT 6.1) AppleWebKit/537.36 (KHTML, like Gecko) Chrome/67.0.3396.99 Safari/537.36"
58.179.29.172 - - [03/Jul/2018:17:13:41 +1000] "GET /masterslider/blank.gif HTTP/1.1" 200 43 "http://www.linkservices.com.au/" "Mozilla/5.0 (Windows NT 6.1) AppleWebKit/537.36 (KHTML, like Gecko) Chrome/67.0.3396.99 Safari/537.36"
58.179.29.172 - - [03/Jul/2018:17:13:41 +1000] "GET /js/bootstrap.js HTTP/1.1" 200 11112 "http://www.linkservices.com.au/" "Mozilla/5.0 (Windows NT 6.1) AppleWebKit/537.36 (KHTML, like Gecko) Chrome/67.0.3396.99 Safari/537.36"
58.179.29.172 - - [03/Jul/2018:17:13:41 +1000] "GET /js/retina.js HTTP/1.1" 200 695 "http://www.linkservices.com.au/" "Mozilla/5.0 (Windows NT 6.1) AppleWebKit/537.36 (KHTML, like Gecko) Chrome/67.0.3396.99 Safari/537.36"
58.179.29.172 - - [03/Jul/2018:17:13:41 +1000] "GET /js/jquery.countdown.js HTTP/1.1" 200 1155 "http://www.linkservices.com.au/" "Mozilla/5.0 (Windows NT 6.1) AppleWebKit/537.36 (KHTML, like Gecko) Chrome/67.0.3396.99 Safari/537.36"
58.179.29.172 - - [03/Jul/2018:17:13:41 +1000] "GET /layerslider/js/layerslider.transitions.js HTTP/1.1" 200 3195 "http://www.linkservices.com.au/" "Mozilla/5.0 (Windows NT 6.1) AppleWebKit/537.36 (KHTML, like Gecko) Chrome/67.0.3396.99 Safari/537.36"
58.179.29.172 - - [03/Jul/2018:17:13:42 +1000] "GET /masterslider/style/loading-2.gif HTTP/1.1" 200 2707 "http://www.linkservices.com.au/masterslider/style/masterslider.css" "Mozilla/5.0 (Windows NT 6.1) AppleWebKit/537.36 (KHTML, like Gecko) Chrome/67.0.3396.99 Safari/537.36"
58.179.29.172 - - [03/Jul/2018:17:13:42 +1000] "GET /masterslider/skins/default/light-skin-1.png HTTP/1.1" 200 4267 "http://www.linkservices.com.au/masterslider/skins/default/style.css" "Mozilla/5.0 (Windows NT 6.1) AppleWebKit/537.36 (KHTML, like Gecko) Chrome/67.0.3396.99 Safari/537.36"
58.179.29.172 - - [03/Jul/2018:17:13:42 +1000] "GET /img/masterslider/01.jpg HTTP/1.1" 200 766148 "http://www.linkservices.com.au/" "Mozilla/5.0 (Windows NT 6.1) AppleWebKit/537.36 (KHTML, like Gecko) Chrome/67.0.3396.99 Safari/537.36"
58.179.29.172 - - [03/Jul/2018:17:13:42 +1000] "GET /img/masterslider/03.jpg HTTP/1.1" 200 1187289 "http://www.linkservices.com.au/" "Mozilla/5.0 (Windows NT 6.1) AppleWebKit/537.36 (KHTML, like Gecko) Chrome/67.0.3396.99 Safari/537.36"
58.179.29.172 - - [03/Jul/2018:17:13:42 +1000] "GET /img/masterslider/02.jpg HTTP/1.1" 200 589463 "http://www.linkservices.com.au/" "Mozilla/5.0 (Windows NT 6.1) AppleWebKit/537.36 (KHTML, like Gecko) Chrome/67.0.3396.99 Safari/537.36"
203.15.226.132 - - [03/Jul/2018:17:58:03 +1000] "GET /portal.html HTTP/1.1" 200 4888 "https://www.bing.com/" "Mozilla/5.0 (Windows NT 6.3; Trident/7.0; Touch; rv:11.0) like Gecko"
203.15.226.132 - - [03/Jul/2018:17:58:03 +1000] "GET /css/styles.css HTTP/1.1" 200 11528 "http://www.linkservices.com.au/portal.html" "Mozilla/5.0 (Windows NT 6.3; Trident/7.0; Touch; rv:11.0) like Gecko"
203.15.226.132 - - [03/Jul/2018:17:58:03 +1000] "GET /css/magnific-popup.css HTTP/1.1" 200 1896 "http://www.linkservices.com.au/portal.html" "Mozilla/5.0 (Windows NT 6.3; Trident/7.0; Touch; rv:11.0) like Gecko"
203.15.226.132 - - [03/Jul/2018:17:58:03 +1000] "GET /css/entypo.css HTTP/1.1" 200 2639 "http://www.linkservices.com.au/portal.html" "Mozilla/5.0 (Windows NT 6.3; Trident/7.0; Touch; rv:11.0) like Gecko"
14.215.176.132 - - [03/Jul/2018:18:12:33 +1000] "GET /css/font-awesome.min.css HTTP/1.1" 200 4698 "http://www.linkservices.com.au/" "Mozilla/5.0 (Windows NT 6.1; WOW64; rv:43.0) Gecko/20100101 Firefox/43.0"
14.215.176.132 - - [03/Jul/2018:18:12:34 +1000] "GET /css/flexslider.css HTTP/1.1" 200 1097 "http://www.linkservices.com.au/" "Mozilla/5.0 (Windows NT 6.1; WOW64; rv:43.0) Gecko/20100101 Firefox/43.0"
14.215.176.132 - - [03/Jul/2018:18:12:34 +1000] "GET /js/jquery.sticky.js HTTP/1.1" 200 1463 "http://www.linkservices.com.au/" "Mozilla/5.0 (Windows NT 6.1; WOW64; rv:43.0) Gecko/20100101 Firefox/43.0"
14.215.176.132 - - [03/Jul/2018:18:12:34 +1000] "GET /js/animate.js HTTP/1.1" 200 311 "http://www.linkservices.com.au/" "Mozilla/5.0 (Windows NT 6.1; WOW64; rv:43.0) Gecko/20100101 Firefox/43.0"
14.215.176.132 - - [03/Jul/2018:18:12:34 +1000] "GET /js/retina.js HTTP/1.1" 200 695 "http://www.linkservices.com.au/" "Mozilla/5.0 (Windows NT 6.1; WOW64; rv:43.0) Gecko/20100101 Firefox/43.0"
14.215.176.132 - - [03/Jul/2018:18:12:35 +1000] "GET /js/jquery.refineslide.js HTTP/1.1" 200 7184 "http://www.linkservices.com.au/" "Mozilla/5.0 (Windows NT 6.1; WOW64; rv:43.0) Gecko/20100101 Firefox/43.0"
14.215.176.132 - - [03/Jul/2018:18:12:35 +1000] "GET /rs-plugin/js/jquery.themepunch.revolution.min.js HTTP/1.1" 200 24288 "http://www.linkservices.com.au/" "Mozilla/5.0 (Windows NT 6.1; WOW64; rv:43.0) Gecko/20100101 Firefox/43.0"
203.15.226.132 - - [03/Jul/2018:17:58:03 +1000] "GET /masterslider/skins/default/style.css HTTP/1.1" 200 975 "http://www.linkservices.com.au/portal.html" "Mozilla/5.0 (Windows NT 6.3; Trident/7.0; Touch; rv:11.0) like Gecko"
203.15.226.132 - - [03/Jul/2018:17:58:03 +1000] "GET /css/refineslide.css HTTP/1.1" 200 806 "http://www.linkservices.com.au/portal.html" "Mozilla/5.0 (Windows NT 6.3; Trident/7.0; Touch; rv:11.0) like Gecko"
203.15.226.132 - - [03/Jul/2018:17:58:03 +1000] "GET /js/jquery.easing.js HTTP/1.1" 200 1984 "http://www.linkservices.com.au/portal.html" "Mozilla/5.0 (Windows NT 6.3; Trident/7.0; Touch; rv:11.0) like Gecko"
203.15.226.132 - - [03/Jul/2018:17:58:03 +1000] "GET /js/retina.js HTTP/1.1" 200 695 "http://www.linkservices.com.au/portal.html" "Mozilla/5.0 (Windows NT 6.3; Trident/7.0; Touch; rv:11.0) like Gecko"
203.15.226.132 - - [03/Jul/2018:17:58:03 +1000] "GET /js/jquery.refineslide.js HTTP/1.1" 200 7184 "http://www.linkservices.com.au/portal.html" "Mozilla/5.0 (Windows NT 6.3; Trident/7.0; Touch; rv:11.0) like Gecko"
203.15.226.132 - - [03/Jul/2018:17:58:04 +1000] "GET /masterslider/masterslider.js HTTP/1.1" 200 36146 "http://www.linkservices.com.au/portal.html" "Mozilla/5.0 (Windows NT 6.3; Trident/7.0; Touch; rv:11.0) like Gecko"
14.215.176.133 - - [03/Jul/2018:18:12:33 +1000] "GET /css/magnific-popup.css HTTP/1.1" 200 1896 "http://www.linkservices.com.au/" "Mozilla/5.0 (Windows NT 6.1; WOW64; rv:43.0) Gecko/20100101 Firefox/43.0"
14.215.176.133 - - [03/Jul/2018:18:12:33 +1000] "GET /rs-plugin/css/settings.css HTTP/1.1" 200 7988 "http://www.linkservices.com.au/" "Mozilla/5.0 (Windows NT 6.1; WOW64; rv:43.0) Gecko/20100101 Firefox/43.0"
14.215.176.133 - - [03/Jul/2018:18:12:34 +1000] "GET /js/jquery-1.10.2.js HTTP/1.1" 200 32811 "http://www.linkservices.com.au/" "Mozilla/5.0 (Windows NT 6.1; WOW64; rv:43.0) Gecko/20100101 Firefox/43.0"
14.215.176.133 - - [03/Jul/2018:18:12:34 +1000] "GET /js/jquery.magnific-popup.min.js HTTP/1.1" 200 7493 "http://www.linkservices.com.au/" "Mozilla/5.0 (Windows NT 6.1; WOW64; rv:43.0) Gecko/20100101 Firefox/43.0"
14.215.176.133 - - [03/Jul/2018:18:12:34 +1000] "GET /js/jquery.flexslider-min.js HTTP/1.1" 200 5268 "http://www.linkservices.com.au/" "Mozilla/5.0 (Windows NT 6.1; WOW64; rv:43.0) Gecko/20100101 Firefox/43.0"
14.215.176.133 - - [03/Jul/2018:18:12:35 +1000] "GET /rs-plugin/js/jquery.themepunch.plugins.min.js HTTP/1.1" 200 28770 "http://www.linkservices.com.au/" "Mozilla/5.0 (Windows NT 6.1; WOW64; rv:43.0) Gecko/20100101 Firefox/43.0"
14.215.176.133 - - [03/Jul/2018:18:12:35 +1000] "GET /js/functions.js HTTP/1.1" 200 4398 "http://www.linkservices.com.au/" "Mozilla/5.0 (Windows NT 6.1; WOW64; rv:43.0) Gecko/20100101 Firefox/43.0"
120.153.17.254 - - [03/Jul/2018:19:46:02 +1000] "GET /css/font-awesome.min.css HTTP/1.1" 200 4698 "http://www.linkservices.com.au/" "Mozilla/5.0 (Macintosh; Intel Mac OS X 10_13_4) AppleWebKit/605.1.15 (KHTML, like Gecko) Version/11.1 Safari/605.1.15"
120.153.17.254 - - [03/Jul/2018:19:46:02 +1000] "GET /css/flexslider.css HTTP/1.1" 200 1097 "http://www.linkservices.com.au/" "Mozilla/5.0 (Macintosh; Intel Mac OS X 10_13_4) AppleWebKit/605.1.15 (KHTML, like Gecko) Version/11.1 Safari/605.1.15"
120.153.17.254 - - [03/Jul/2018:19:46:02 +1000] "GET /js/jquery.sticky.js HTTP/1.1" 200 1463 "http://www.linkservices.com.au/" "Mozilla/5.0 (Macintosh; Intel Mac OS X 10_13_4) AppleWebKit/605.1.15 (KHTML, like Gecko) Version/11.1 Safari/605.1.15"
203.15.226.132 - - [03/Jul/2018:17:58:03 +1000] "GET /js/respond.min.js HTTP/1.1" 200 2061 "http://www.linkservices.com.au/portal.html" "Mozilla/5.0 (Windows NT 6.3; Trident/7.0; Touch; rv:11.0) like Gecko"
203.15.226.132 - - [03/Jul/2018:17:58:03 +1000] "GET /js/scale.fix.js HTTP/1.1" 200 279 "http://www.linkservices.com.au/portal.html" "Mozilla/5.0 (Windows NT 6.3; Trident/7.0; Touch; rv:11.0) like Gecko"
203.15.226.132 - - [03/Jul/2018:17:58:03 +1000] "GET /js/jquery.countdown.js HTTP/1.1" 200 1155 "http://www.linkservices.com.au/portal.html" "Mozilla/5.0 (Windows NT 6.3; Trident/7.0; Touch; rv:11.0) like Gecko"
203.15.226.132 - - [03/Jul/2018:17:58:04 +1000] "GET /layerslider/js/layerslider.kreaturamedia.jquery.js HTTP/1.1" 200 19760 "http://www.linkservices.com.au/portal.html" "Mozilla/5.0 (Windows NT 6.3; Trident/7.0; Touch; rv:11.0) like Gecko"
120.153.17.254 - - [03/Jul/2018:19:46:02 +1000] "GET / HTTP/1.1" 200 6301 "-" "Mozilla/5.0 (Macintosh; Intel Mac OS X 10_13_4) AppleWebKit/605.1.15 (KHTML, like Gecko) Version/11.1 Safari/605.1.15"
120.153.17.254 - - [03/Jul/2018:19:46:02 +1000] "GET /css/bootstrap.css HTTP/1.1" 200 16472 "http://www.linkservices.com.au/" "Mozilla/5.0 (Macintosh; Intel Mac OS X 10_13_4) AppleWebKit/605.1.15 (KHTML, like Gecko) Version/11.1 Safari/605.1.15"
120.153.17.254 - - [03/Jul/2018:19:46:02 +1000] "GET /css/entypo.css HTTP/1.1" 200 2639 "http://www.linkservices.com.au/" "Mozilla/5.0 (Macintosh; Intel Mac OS X 10_13_4) AppleWebKit/605.1.15 (KHTML, like Gecko) Version/11.1 Safari/605.1.15"
120.153.17.254 - - [03/Jul/2018:19:46:02 +1000] "GET /css/refineslide.css HTTP/1.1" 200 806 "http://www.linkservices.com.au/" "Mozilla/5.0 (Macintosh; Intel Mac OS X 10_13_4) AppleWebKit/605.1.15 (KHTML, like Gecko) Version/11.1 Safari/605.1.15"
120.153.17.254 - - [03/Jul/2018:19:46:02 +1000] "GET /js/tinynav.min.js HTTP/1.1" 200 482 "http://www.linkservices.com.au/" "Mozilla/5.0 (Macintosh; Intel Mac OS X 10_13_4) AppleWebKit/605.1.15 (KHTML, like Gecko) Version/11.1 Safari/605.1.15"
120.153.17.254 - - [03/Jul/2018:19:46:02 +1000] "GET /js/jquery.magnific-popup.min.js HTTP/1.1" 200 7493 "http://www.linkservices.com.au/" "Mozilla/5.0 (Macintosh; Intel Mac OS X 10_13_4) AppleWebKit/605.1.15 (KHTML, like Gecko) Version/11.1 Safari/605.1.15"
120.153.17.254 - - [03/Jul/2018:19:46:02 +1000] "GET /js/jquery.countdown.js HTTP/1.1" 200 1155 "http://www.linkservices.com.au/" "Mozilla/5.0 (Macintosh; Intel Mac OS X 10_13_4) AppleWebKit/605.1.15 (KHTML, like Gecko) Version/11.1 Safari/605.1.15"
120.153.17.254 - - [03/Jul/2018:19:46:02 +1000] "GET /layerslider/js/layerslider.kreaturamedia.jquery.js HTTP/1.1" 200 19760 "http://www.linkservices.com.au/" "Mozilla/5.0 (Macintosh; Intel Mac OS X 10_13_4) AppleWebKit/605.1.15 (KHTML, like Gecko) Version/11.1 Safari/605.1.15"
120.153.17.254 - - [03/Jul/2018:19:46:02 +1000] "GET /masterslider/blank.gif HTTP/1.1" 200 43 "http://www.linkservices.com.au/" "Mozilla/5.0 (Macintosh; Intel Mac OS X 10_13_4) AppleWebKit/605.1.15 (KHTML, like Gecko) Version/11.1 Safari/605.1.15"
120.153.17.254 - - [03/Jul/2018:19:46:02 +1000] "GET /img/divider.png HTTP/1.1" 200 2801 "http://www.linkservices.com.au/" "Mozilla/5.0 (Macintosh; Intel Mac OS X 10_13_4) AppleWebKit/605.1.15 (KHTML, like Gecko) Version/11.1 Safari/605.1.15"
120.153.17.254 - - [03/Jul/2018:19:46:03 +1000] "GET /fonts/fontawesome-webfont.woff?v=4.1.0 HTTP/1.1" 200 83760 "http://www.linkservices.com.au/" "Mozilla/5.0 (Macintosh; Intel Mac OS X 10_13_4) AppleWebKit/605.1.15 (KHTML, like Gecko) Version/11.1 Safari/605.1.15"
165.12.252.211 - - [03/Jul/2018:12:19:15 +1000] "GET /img/masterslider/04.jpg HTTP/1.1" 200 748158 "http://www.linkservices.com.au/index.html" "Mozilla/5.0 CK={tiPpw0h4g7mAdTLbtp9388tsg8pKpPLabiY+vpB3uBh66HL4CLYOrloUgvZrrhV03SkHWKo48NaQSLkEN5gt0jn/jVFMJAzYF0ymVXCULHkXcPHGYfH7SA==} (Windows NT 6.1; WOW64; Trident/7.0; rv:11.0) like Gecko"
66.249.82.92 - - [03/Jul/2018:14:11:03 +1000] "GET /css/styles.css HTTP/1.1" 200 11528 "http://www.linkservices.com.au/" "Mozilla/5.0 (Linux; Android 8.1.0; Pixel 2 XL Build/OPM2.171026.006.C1) AppleWebKit/537.36 (KHTML, like Gecko) Chrome/67.0.3396.87 Mobile Safari/537.36"
66.249.82.92 - - [03/Jul/2018:14:11:05 +1000] "GET /js/animate.js HTTP/1.1" 200 311 "http://www.linkservices.com.au/" "Mozilla/5.0 (Linux; Android 8.1.0; Pixel 2 XL Build/OPM2.171026.006.C1) AppleWebKit/537.36 (KHTML, like Gecko) Chrome/67.0.3396.87 Mobile Safari/537.36"
66.249.82.92 - - [03/Jul/2018:14:11:13 +1000] "HEAD /img/masterslider/01@2x.jpg HTTP/1.1" 404 - "http://www.linkservices.com.au/" "Mozilla/5.0 (Linux; Android 8.1.0; Pixel 2 XL Build/OPM2.171026.006.C1) AppleWebKit/537.36 (KHTML, like Gecko) Chrome/67.0.3396.87 Mobile Safari/537.36"
194.87.94.251 - - [03/Jul/2018:14:58:57 +1000] "HEAD / HTTP/1.1" 200 - "http://kredit-passport.ru" "Mozilla/5.0 (compatible; MSIE4.00; Windows 2004)"
120.153.17.254 - - [03/Jul/2018:19:46:02 +1000] "GET /css/magnific-popup.css HTTP/1.1" 200 1896 "http://www.linkservices.com.au/" "Mozilla/5.0 (Macintosh; Intel Mac OS X 10_13_4) AppleWebKit/605.1.15 (KHTML, like Gecko) Version/11.1 Safari/605.1.15"
120.153.17.254 - - [03/Jul/2018:19:46:02 +1000] "GET /masterslider/style/masterslider.css HTTP/1.1" 200 1960 "http://www.linkservices.com.au/" "Mozilla/5.0 (Macintosh; Intel Mac OS X 10_13_4) AppleWebKit/605.1.15 (KHTML, like Gecko) Version/11.1 Safari/605.1.15"
120.153.17.254 - - [03/Jul/2018:19:46:02 +1000] "GET /js/bootstrap.js HTTP/1.1" 200 11112 "http://www.linkservices.com.au/" "Mozilla/5.0 (Macintosh; Intel Mac OS X 10_13_4) AppleWebKit/605.1.15 (KHTML, like Gecko) Version/11.1 Safari/605.1.15"
120.153.17.254 - - [03/Jul/2018:19:46:02 +1000] "GET /js/jquery.fitvids.js HTTP/1.1" 200 1200 "http://www.linkservices.com.au/" "Mozilla/5.0 (Macintosh; Intel Mac OS X 10_13_4) AppleWebKit/605.1.15 (KHTML, like Gecko) Version/11.1 Safari/605.1.15"
120.153.17.254 - - [03/Jul/2018:19:46:02 +1000] "GET /js/retina.js HTTP/1.1" 200 695 "http://www.linkservices.com.au/" "Mozilla/5.0 (Macintosh; Intel Mac OS X 10_13_4) AppleWebKit/605.1.15 (KHTML, like Gecko) Version/11.1 Safari/605.1.15"
120.153.17.254 - - [03/Jul/2018:19:46:02 +1000] "GET /js/jquery.flexslider-min.js HTTP/1.1" 200 5268 "http://www.linkservices.com.au/" "Mozilla/5.0 (Macintosh; Intel Mac OS X 10_13_4) AppleWebKit/605.1.15 (KHTML, like Gecko) Version/11.1 Safari/605.1.15"
120.153.17.254 - - [03/Jul/2018:19:46:02 +1000] "GET /rs-plugin/js/jquery.themepunch.plugins.min.js HTTP/1.1" 200 28770 "http://www.linkservices.com.au/" "Mozilla/5.0 (Macintosh; Intel Mac OS X 10_13_4) AppleWebKit/605.1.15 (KHTML, like Gecko) Version/11.1 Safari/605.1.15"
120.153.17.254 - - [03/Jul/2018:19:46:04 +1000] "GET /masterslider/skins/default/light-skin-1.png HTTP/1.1" 200 4267 "http://www.linkservices.com.au/" "Mozilla/5.0 (Macintosh; Intel Mac OS X 10_13_4) AppleWebKit/605.1.15 (KHTML, like Gecko) Version/11.1 Safari/605.1.15"
120.153.17.254 - - [03/Jul/2018:19:46:04 +1000] "GET /img/masterslider/01.jpg HTTP/1.1" 200 766148 "http://www.linkservices.com.au/" "Mozilla/5.0 (Macintosh; Intel Mac OS X 10_13_4) AppleWebKit/605.1.15 (KHTML, like Gecko) Version/11.1 Safari/605.1.15"
203.15.226.132 - - [03/Jul/2018:17:58:03 +1000] "GET /rs-plugin/css/settings.css HTTP/1.1" 200 7988 "http://www.linkservices.com.au/portal.html" "Mozilla/5.0 (Windows NT 6.3; Trident/7.0; Touch; rv:11.0) like Gecko"
203.15.226.132 - - [03/Jul/2018:17:58:03 +1000] "GET /css/flexslider.css HTTP/1.1" 200 1097 "http://www.linkservices.com.au/portal.html" "Mozilla/5.0 (Windows NT 6.3; Trident/7.0; Touch; rv:11.0) like Gecko"
203.15.226.132 - - [03/Jul/2018:17:58:03 +1000] "GET /js/bootstrap.js HTTP/1.1" 200 11112 "http://www.linkservices.com.au/portal.html" "Mozilla/5.0 (Windows NT 6.3; Trident/7.0; Touch; rv:11.0) like Gecko"
203.15.226.132 - - [03/Jul/2018:17:58:03 +1000] "GET /js/jquery.sticky.js HTTP/1.1" 200 1463 "http://www.linkservices.com.au/portal.html" "Mozilla/5.0 (Windows NT 6.3; Trident/7.0; Touch; rv:11.0) like Gecko"
203.15.226.132 - - [03/Jul/2018:17:58:03 +1000] "GET /js/jquery.fitvids.js HTTP/1.1" 200 1200 "http://www.linkservices.com.au/portal.html" "Mozilla/5.0 (Windows NT 6.3; Trident/7.0; Touch; rv:11.0) like Gecko"
203.15.226.132 - - [03/Jul/2018:17:58:03 +1000] "GET /js/jquery.magnific-popup.min.js HTTP/1.1" 200 7493 "http://www.linkservices.com.au/portal.html" "Mozilla/5.0 (Windows NT 6.3; Trident/7.0; Touch; rv:11.0) like Gecko"
203.15.226.132 - - [03/Jul/2018:17:58:03 +1000] "GET /layerslider/js/greensock.js HTTP/1.1" 200 24583 "http://www.linkservices.com.au/portal.html" "Mozilla/5.0 (Windows NT 6.3; Trident/7.0; Touch; rv:11.0) like Gecko"
203.15.226.132 - - [03/Jul/2018:17:58:04 +1000] "GET /fonts/fontawesome-webfont.eot? HTTP/1.1" 200 72449 "http://www.linkservices.com.au/portal.html" "Mozilla/5.0 (Windows NT 6.3; Trident/7.0; Touch; rv:11.0) like Gecko"
66.249.75.137 - - [03/Jul/2018:19:33:13 +1000] "GET /css/font-awesome.min.css HTTP/1.1" 200 4698 "http://www.linkservices.com.au/portal.html" "Mozilla/5.0 (Linux; Android 6.0.1; Nexus 5X Build/MMB29P) AppleWebKit/537.36 (KHTML, like Gecko) Chrome/41.0.2272.96 Mobile Safari/537.36 (compatible; Googlebot/2.1; +http://www.google.com/bot.html)"
66.249.75.137 - - [03/Jul/2018:19:33:13 +1000] "GET /js/bootstrap.js HTTP/1.1" 200 11112 "http://www.linkservices.com.au/portal.html" "Mozilla/5.0 (Linux; Android 6.0.1; Nexus 5X Build/MMB29P) AppleWebKit/537.36 (KHTML, like Gecko) Chrome/41.0.2272.96 Mobile Safari/537.36 (compatible; Googlebot/2.1; +http://www.google.com/bot.html)"
66.249.75.137 - - [03/Jul/2018:19:33:14 +1000] "GET /layerslider/css/layerslider.css HTTP/1.1" 200 3040 "http://www.linkservices.com.au/portal.html" "Mozilla/5.0 (Linux; Android 6.0.1; Nexus 5X Build/MMB29P) AppleWebKit/537.36 (KHTML, like Gecko) Chrome/41.0.2272.96 Mobile Safari/537.36 (compatible; Googlebot/2.1; +http://www.google.com/bot.html)"
66.249.75.137 - - [03/Jul/2018:19:33:14 +1000] "GET /css/bootstrap.css HTTP/1.1" 200 16472 "http://www.linkservices.com.au/portal.html" "Mozilla/5.0 (Linux; Android 6.0.1; Nexus 5X Build/MMB29P) AppleWebKit/537.36 (KHTML, like Gecko) Chrome/41.0.2272.96 Mobile Safari/537.36 (compatible; Googlebot/2.1; +http://www.google.com/bot.html)"
66.249.75.137 - - [03/Jul/2018:19:33:15 +1000] "GET /masterslider/style/masterslider.css HTTP/1.1" 200 1960 "http://www.linkservices.com.au/portal.html" "Mozilla/5.0 (Linux; Android 6.0.1; Nexus 5X Build/MMB29P) AppleWebKit/537.36 (KHTML, like Gecko) Chrome/41.0.2272.96 Mobile Safari/537.36 (compatible; Googlebot/2.1; +http://www.google.com/bot.html)"
203.15.226.132 - - [03/Jul/2018:17:58:03 +1000] "GET /layerslider/css/layerslider.css HTTP/1.1" 200 3040 "http://www.linkservices.com.au/portal.html" "Mozilla/5.0 (Windows NT 6.3; Trident/7.0; Touch; rv:11.0) like Gecko"
66.249.75.135 - - [03/Jul/2018:19:33:12 +1000] "GET /masterslider/skins/default/style.css HTTP/1.1" 200 975 "http://www.linkservices.com.au/portal.html" "Mozilla/5.0 (Linux; Android 6.0.1; Nexus 5X Build/MMB29P) AppleWebKit/537.36 (KHTML, like Gecko) Chrome/41.0.2272.96 Mobile Safari/537.36 (compatible; Googlebot/2.1; +http://www.google.com/bot.html)"
120.153.17.254 - - [03/Jul/2018:19:46:48 +1000] "GET /favicon.ico HTTP/1.1" 404 233 "-" "Keeper/12.0.1.872 CFNetwork/901.1 Darwin/17.6.0"
120.153.17.254 - - [03/Jul/2018:19:46:48 +1000] "GET / HTTP/1.1" 200 6301 "-" "Keeper/12.0.1.872 CFNetwork/901.1 Darwin/17.6.0"
14.215.176.134 - - [03/Jul/2018:18:12:33 +1000] "GET /css/animate.css HTTP/1.1" 200 5119 "http://www.linkservices.com.au/" "Mozilla/5.0 (Windows NT 6.1; WOW64; rv:43.0) Gecko/20100101 Firefox/43.0"
14.215.176.134 - - [03/Jul/2018:18:12:34 +1000] "GET /masterslider/skins/default/style.css HTTP/1.1" 200 975 "http://www.linkservices.com.au/" "Mozilla/5.0 (Windows NT 6.1; WOW64; rv:43.0) Gecko/20100101 Firefox/43.0"
14.215.176.134 - - [03/Jul/2018:18:12:34 +1000] "GET /js/jquery.easing.js HTTP/1.1" 200 1984 "http://www.linkservices.com.au/" "Mozilla/5.0 (Windows NT 6.1; WOW64; rv:43.0) Gecko/20100101 Firefox/43.0"
14.215.176.134 - - [03/Jul/2018:18:12:34 +1000] "GET /js/jquery.fitvids.js HTTP/1.1" 200 1200 "http://www.linkservices.com.au/" "Mozilla/5.0 (Windows NT 6.1; WOW64; rv:43.0) Gecko/20100101 Firefox/43.0"
14.215.176.134 - - [03/Jul/2018:18:12:34 +1000] "GET /js/respond.min.js HTTP/1.1" 200 2061 "http://www.linkservices.com.au/" "Mozilla/5.0 (Windows NT 6.1; WOW64; rv:43.0) Gecko/20100101 Firefox/43.0"
14.215.176.134 - - [03/Jul/2018:18:12:35 +1000] "GET /layerslider/js/layerslider.transitions.js HTTP/1.1" 200 3195 "http://www.linkservices.com.au/" "Mozilla/5.0 (Windows NT 6.1; WOW64; rv:43.0) Gecko/20100101 Firefox/43.0"
14.215.176.134 - - [03/Jul/2018:18:12:35 +1000] "GET /masterslider/masterslider.js HTTP/1.1" 200 36146 "http://www.linkservices.com.au/" "Mozilla/5.0 (Windows NT 6.1; WOW64; rv:43.0) Gecko/20100101 Firefox/43.0"
120.153.17.254 - - [03/Jul/2018:19:46:02 +1000] "GET /css/animate.css HTTP/1.1" 200 5119 "http://www.linkservices.com.au/" "Mozilla/5.0 (Macintosh; Intel Mac OS X 10_13_4) AppleWebKit/605.1.15 (KHTML, like Gecko) Version/11.1 Safari/605.1.15"
120.153.17.254 - - [03/Jul/2018:19:46:02 +1000] "GET /masterslider/skins/default/style.css HTTP/1.1" 200 975 "http://www.linkservices.com.au/" "Mozilla/5.0 (Macintosh; Intel Mac OS X 10_13_4) AppleWebKit/605.1.15 (KHTML, like Gecko) Version/11.1 Safari/605.1.15"
120.153.17.254 - - [03/Jul/2018:19:46:02 +1000] "GET /js/jquery.easing.js HTTP/1.1" 200 1984 "http://www.linkservices.com.au/" "Mozilla/5.0 (Macintosh; Intel Mac OS X 10_13_4) AppleWebKit/605.1.15 (KHTML, like Gecko) Version/11.1 Safari/605.1.15"
120.153.17.254 - - [03/Jul/2018:19:46:02 +1000] "GET /js/jquery.isotope.min.js HTTP/1.1" 200 5000 "http://www.linkservices.com.au/" "Mozilla/5.0 (Macintosh; Intel Mac OS X 10_13_4) AppleWebKit/605.1.15 (KHTML, like Gecko) Version/11.1 Safari/605.1.15"
120.153.17.254 - - [03/Jul/2018:19:46:02 +1000] "GET /js/respond.min.js HTTP/1.1" 200 2061 "http://www.linkservices.com.au/" "Mozilla/5.0 (Macintosh; Intel Mac OS X 10_13_4) AppleWebKit/605.1.15 (KHTML, like Gecko) Version/11.1 Safari/605.1.15"
