66.249.82.91 - - [03/Jul/2018:14:11:03 +1000] "GET /js/modernizr.js HTTP/1.1" 200 6139 "http://www.linkservices.com.au/" "Mozilla/5.0 (Linux; Android 8.1.0; Pixel 2 XL Build/OPM2.171026.006.C1) AppleWebKit/537.36 (KHTML, like Gecko) Chrome/67.0.3396.87 Mobile Safari/537.36"
66.249.82.91 - - [03/Jul/2018:14:11:04 +1000] "GET /js/jquery-1.10.2.js HTTP/1.1" 200 32811 "http://www.linkservices.com.au/" "Mozilla/5.0 (Linux; Android 8.1.0; Pixel 2 XL Build/OPM2.171026.006.C1) AppleWebKit/537.36 (KHTML, like Gecko) Chrome/67.0.3396.87 Mobile Safari/537.36"
66.249.82.91 - - [03/Jul/2018:14:11:05 +1000] "GET /js/jquery.isotope.min.js HTTP/1.1" 200 5000 "http://www.linkservices.com.au/" "Mozilla/5.0 (Linux; Android 8.1.0; Pixel 2 XL Build/OPM2.171026.006.C1) AppleWebKit/537.36 (KHTML, like Gecko) Chrome/67.0.3396.87 Mobile Safari/537.36"
66.249.82.91 - - [03/Jul/2018:14:11:06 +1000] "GET /masterslider/skins/default/light-skin-1-retina.png HTTP/1.1" 200 4422 "http://www.linkservices.com.au/masterslider/skins/default/style.css" "Mozilla/5.0 (Linux; Android 8.1.0; Pixel 2 XL Build/OPM2.171026.006.C1) AppleWebKit/537.36 (KHTML, like Gecko) Chrome/67.0.3396.87 Mobile Safari/537.36"
103.241.7.198 - - [03/Jul/2018:10:39:16 +1000] "GET /css/styles.css HTTP/1.1" 200 11528 "http://www.linkservices.com.au/" "Mozilla/5.0 (Windows NT 6.3; Win64; x64) AppleWebKit/537.36 (KHTML, like Gecko) Chrome/67.0.3396.99 Safari/537.36"
103.241.7.198 - - [03/Jul/2018:10:39:16 +1000] "GET /masterslider/style/masterslider.css HTTP/1.1" 200 1960 "http://www.linkservices.com.au/" "Mozilla/5.0 (Windows NT 6.3; Win64; x64) AppleWebKit/537.36 (KHTML, like Gecko) Chrome/67.0.3396.99 Safari/537.36"
103.241.7.198 - - [03/Jul/2018:10:39:25 +1000] "GET /js/jquery.isotope.min.js HTTP/1.1" 200 5000 "http://www.linkservices.com.au/" "Mozilla/5.0 (Windows NT 6.3; Win64; x64) AppleWebKit/537.36 (KHTML, like Gecko) Chrome/67.0.3396.99 Safari/537.36"
103.241.7.198 - - [03/Jul/2018:10:39:25 +1000] "GET /js/respond.min.js HTTP/1.1" 200 2061 "http://www.linkservices.com.au/" "Mozilla/5.0 (Windows NT 6.3; Win64; x64) AppleWebKit/537.36 (KHTML, like Gecko) Chrome/67.0.3396.99 Safari/537.36"
103.241.7.198 - - [03/Jul/2018:10:39:25 +1000] "GET /layerslider/js/greensock.js HTTP/1.1" 200 24583 "http://www.linkservices.com.au/" "Mozilla/5.0 (Windows NT 6.3; Win64; x64) AppleWebKit/537.36 (KHTML, like Gecko) Chrome/67.0.3396.99 Safari/537.36"
77.88.47.96 - - [03/Jul/2018:10:54:36 +1000] "GET /js/jquery.fitvids.js HTTP/1.1" 200 1200 "http://www.linkservices.com.au/" "Mozilla/5.0 (compatible; YandexBot/3.0; +http://yandex.com/bots)"
203.217.61.116 - - [03/Jul/2018:11:11:34 +1000] "GET /css/magnific-popup.css HTTP/1.1" 200 1896 "http://www.linkservices.com.au/" "Mozilla/5.0 (Windows NT 6.1) AppleWebKit/537.36 (KHTML, like Gecko) Chrome/67.0.3396.99 Safari/537.36"
138.197.6.2 - - [03/Jul/2018:07:21:19 +1000] "GET /js/jquery.fitvids.js HTTP/1.1" 200 1200 "http://www.linkservices.com.au/" "Mozilla/5.0 (X11; Datanyze; Linux x86_64) AppleWebKit/537.36 (KHTML, like Gecko) Chrome/65.0.3325.181 Safari/537.36"
138.197.6.2 - - [03/Jul/2018:07:21:19 +1000] "GET /js/retina.js HTTP/1.1" 200 695 "http://www.linkservices.com.au/" "Mozilla/5.0 (X11; Datanyze; Linux x86_64) AppleWebKit/537.36 (KHTML, like Gecko) Chrome/65.0.3325.181 Safari/537.36"
138.197.6.2 - - [03/Jul/2018:07:21:19 +1000] "GET /layerslider/js/layerslider.transitions.js HTTP/1.1" 200 3195 "http://www.linkservices.com.au/" "Mozilla/5.0 (X11; Datanyze; Linux x86_64) AppleWebKit/537.36 (KHTML, like Gecko) Chrome/65.0.3325.181 Safari/537.36"
138.197.6.2 - - [03/Jul/2018:07:21:20 +1000] "GET /rs-plugin/js/jquery.themepunch.revolution.min.js HTTP/1.1" 200 24288 "http://www.linkservices.com.au/" "Mozilla/5.0 (X11; Datanyze; Linux x86_64) AppleWebKit/537.36 (KHTML, like Gecko) Chrome/65.0.3325.181 Safari/537.36"
122.99.95.66 - - [03/Jul/2018:09:50:54 +1000] "GET /css/styles.css HTTP/1.1" 200 11528 "http://www.linkservices.com.au/" "Mozilla/5.0 (Windows NT 10.0; Win64; x64) AppleWebKit/537.36 (KHTML, like Gecko) Chrome/67.0.3396.99 Safari/537.36"
122.99.95.66 - - [03/Jul/2018:09:50:54 +1000] "GET /masterslider/style/masterslider.css HTTP/1.1" 200 1960 "http://www.linkservices.com.au/" "Mozilla/5.0 (Windows NT 10.0; Win64; x64) AppleWebKit/537.36 (KHTML, like Gecko) Chrome/67.0.3396.99 Safari/537.36"
93.158.161.36 - - [03/Jul/2018:10:54:55 +1000] "GET /fonts/fontawesome-webfont.woff?v=4.1.0 HTTP/1.1" 200 83760 "http://www.linkservices.com.au/css/font-awesome.min.css" "Mozilla/5.0 (compatible; YandexBot/3.0; +http://yandex.com/bots)"
203.217.61.116 - - [03/Jul/2018:11:11:34 +1000] "GET /layerslider/css/layerslider.css HTTP/1.1" 200 3040 "http://www.linkservices.com.au/" "Mozilla/5.0 (Windows NT 6.1) AppleWebKit/537.36 (KHTML, like Gecko) Chrome/67.0.3396.99 Safari/537.36"
203.217.61.116 - - [03/Jul/2018:11:11:34 +1000] "GET /css/typicons.min.css HTTP/1.1" 200 2634 "http://www.linkservices.com.au/" "Mozilla/5.0 (Windows NT 6.1) AppleWebKit/537.36 (KHTML, like Gecko) Chrome/67.0.3396.99 Safari/537.36"
203.217.61.116 - - [03/Jul/2018:11:11:34 +1000] "GET /masterslider/skins/default/style.css HTTP/1.1" 200 975 "http://www.linkservices.com.au/" "Mozilla/5.0 (Windows NT 6.1) AppleWebKit/537.36 (KHTML, like Gecko) Chrome/67.0.3396.99 Safari/537.36"
203.217.61.116 - - [03/Jul/2018:11:11:34 +1000] "GET /css/flexslider.css HTTP/1.1" 200 1097 "http://www.linkservices.com.au/" "Mozilla/5.0 (Windows NT 6.1) AppleWebKit/537.36 (KHTML, like Gecko) Chrome/67.0.3396.99 Safari/537.36"
203.217.61.116 - - [03/Jul/2018:11:11:34 +1000] "GET /css/refineslide.css HTTP/1.1" 200 806 "http://www.linkservices.com.au/" "Mozilla/5.0 (Windows NT 6.1) AppleWebKit/537.36 (KHTML, like Gecko) Chrome/67.0.3396.99 Safari/537.36"
203.217.61.116 - - [03/Jul/2018:11:11:34 +1000] "GET /js/modernizr.js HTTP/1.1" 200 6139 "http://www.linkservices.com.au/" "Mozilla/5.0 (Windows NT 6.1) AppleWebKit/537.36 (KHTML, like Gecko) Chrome/67.0.3396.99 Safari/537.36"
138.197.6.2 - - [03/Jul/2018:07:21:40 +1000] "GET /quote.html HTTP/1.1" 200 6258 "http://www.linkservices.com.au" "Mozilla/5.0 (X11; Datanyze; Linux x86_64) AppleWebKit/537.36 (KHTML, like Gecko) Chrome/65.0.3325.181 Safari/537.36"
192.195.49.241 - - [03/Jul/2018:10:18:09 +1000] "GET /masterslider/style/masterslider.css HTTP/1.1" 200 1960 "http://www.linkservices.com.au/portal.html" "Mozilla/5.0 (Windows NT 6.1; WOW64; Trident/7.0; rv:11.0) like Gecko"
192.195.49.241 - - [03/Jul/2018:10:18:10 +1000] "GET /layerslider/js/greensock.js HTTP/1.1" 200 24583 "http://www.linkservices.com.au/portal.html" "Mozilla/5.0 (Windows NT 6.1; WOW64; Trident/7.0; rv:11.0) like Gecko"
103.241.7.198 - - [03/Jul/2018:10:39:16 +1000] "GET /css/animate.css HTTP/1.1" 200 5119 "http://www.linkservices.com.au/" "Mozilla/5.0 (Windows NT 6.3; Win64; x64) AppleWebKit/537.36 (KHTML, like Gecko) Chrome/67.0.3396.99 Safari/537.36"
103.241.7.198 - - [03/Jul/2018:10:39:16 +1000] "GET /css/typicons.min.css HTTP/1.1" 200 2634 "http://www.linkservices.com.au/" "Mozilla/5.0 (Windows NT 6.3; Win64; x64) AppleWebKit/537.36 (KHTML, like Gecko) Chrome/67.0.3396.99 Safari/537.36"
103.241.7.198 - - [03/Jul/2018:10:39:16 +1000] "GET /css/refineslide.css HTTP/1.1" 200 806 "http://www.linkservices.com.au/" "Mozilla/5.0 (Windows NT 6.3; Win64; x64) AppleWebKit/537.36 (KHTML, like Gecko) Chrome/67.0.3396.99 Safari/537.36"
103.241.7.198 - - [03/Jul/2018:10:39:25 +1000] "GET /masterslider/blank.gif HTTP/1.1" 200 43 "http://www.linkservices.com.au/" "Mozilla/5.0 (Windows NT 6.3; Win64; x64) AppleWebKit/537.36 (KHTML, like Gecko) Chrome/67.0.3396.99 Safari/537.36"
103.241.7.198 - - [03/Jul/2018:10:39:25 +1000] "GET /js/bootstrap.js HTTP/1.1" 200 11112 "http://www.linkservices.com.au/" "Mozilla/5.0 (Windows NT 6.3; Win64; x64) AppleWebKit/537.36 (KHTML, like Gecko) Chrome/67.0.3396.99 Safari/537.36"
103.241.7.198 - - [03/Jul/2018:10:39:25 +1000] "GET /js/jquery.sticky.js HTTP/1.1" 200 1463 "http://www.linkservices.com.au/" "Mozilla/5.0 (Windows NT 6.3; Win64; x64) AppleWebKit/537.36 (KHTML, like Gecko) Chrome/67.0.3396.99 Safari/537.36"
103.241.7.198 - - [03/Jul/2018:10:39:25 +1000] "GET /fonts/fontawesome-webfont.woff?v=4.1.0 HTTP/1.1" 200 83760 "http://www.linkservices.com.au/css/font-awesome.min.css" "Mozilla/5.0 (Windows NT 6.3; Win64; x64) AppleWebKit/537.36 (KHTML, like Gecko) Chrome/67.0.3396.99 Safari/537.36"
103.241.7.198 - - [03/Jul/2018:10:39:25 +1000] "GET /js/scale.fix.js HTTP/1.1" 200 279 "http://www.linkservices.com.au/" "Mozilla/5.0 (Windows NT 6.3; Win64; x64) AppleWebKit/537.36 (KHTML, like Gecko) Chrome/67.0.3396.99 Safari/537.36"
103.241.7.198 - - [03/Jul/2018:10:39:25 +1000] "GET /rs-plugin/js/jquery.themepunch.plugins.min.js HTTP/1.1" 200 28770 "http://www.linkservices.com.au/" "Mozilla/5.0 (Windows NT 6.3; Win64; x64) AppleWebKit/537.36 (KHTML, like Gecko) Chrome/67.0.3396.99 Safari/537.36"
66.249.82.92 - - [03/Jul/2018:14:11:03 +1000] "GET /masterslider/style/masterslider.css HTTP/1.1" 200 1960 "http://www.linkservices.com.au/" "Mozilla/5.0 (Linux; Android 8.1.0; Pixel 2 XL Build/OPM2.171026.006.C1) AppleWebKit/537.36 (KHTML, like Gecko) Chrome/67.0.3396.87 Mobile Safari/537.36"
66.249.82.92 - - [03/Jul/2018:14:11:05 +1000] "GET /js/jquery.fitvids.js HTTP/1.1" 200 1200 "http://www.linkservices.com.au/" "Mozilla/5.0 (Linux; Android 8.1.0; Pixel 2 XL Build/OPM2.171026.006.C1) AppleWebKit/537.36 (KHTML, like Gecko) Chrome/67.0.3396.87 Mobile Safari/537.36"
165.12.252.211 - - [03/Jul/2018:12:18:21 +1000] "GET /js/scale.fix.js HTTP/1.1" 200 279 "http://www.linkservices.com.au/quote.html" "Mozilla/5.0 CK={tiPpw0h4g7mAdTLbtp9388tsg8pKpPLabiY+vpB3uBh66HL4CLYOrloUgvZrrhV03SkHWKo48NaQSLkEN5gt0jn/jVFMJAzYF0ymVXCULHkXcPHGYfH7SA==} (Windows NT 6.1; WOW64; Trident/7.0; rv:11.0) like Gecko"
165.12.252.211 - - [03/Jul/2018:12:19:15 +1000] "GET /masterslider/style/loading-2.gif HTTP/1.1" 200 2707 "http://www.linkservices.com.au/index.html" "Mozilla/5.0 CK={tiPpw0h4g7mAdTLbtp9388tsg8pKpPLabiY+vpB3uBh66HL4CLYOrloUgvZrrhV03SkHWKo48NaQSLkEN5gt0jn/jVFMJAzYF0ymVXCULHkXcPHGYfH7SA==} (Windows NT 6.1; WOW64; Trident/7.0; rv:11.0) like Gecko"
136.153.14.105 - - [03/Jul/2018:14:02:16 +1000] "GET /contact.html HTTP/1.1" 200 5175 "https://www.google.com.au/" "Mozilla/5.0 (Windows NT 6.1) AppleWebKit/537.36 (KHTML, like Gecko) Chrome/66.0.3359.181 Safari/537.36"
136.153.14.105 - - [03/Jul/2018:14:02:16 +1000] "GET /fonts/fontawesome-webfont.woff?v=4.1.0 HTTP/1.1" 200 83760 "http://www.linkservices.com.au/css/font-awesome.min.css" "Mozilla/5.0 (Windows NT 6.1) AppleWebKit/537.36 (KHTML, like Gecko) Chrome/66.0.3359.181 Safari/537.36"
66.249.82.91 - - [03/Jul/2018:14:11:05 +1000] "GET /js/jquery.refineslide.js HTTP/1.1" 200 7184 "http://www.linkservices.com.au/" "Mozilla/5.0 (Linux; Android 8.1.0; Pixel 2 XL Build/OPM2.171026.006.C1) AppleWebKit/537.36 (KHTML, like Gecko) Chrome/67.0.3396.87 Mobile Safari/537.36"
66.249.82.92 - - [03/Jul/2018:14:11:05 +1000] "GET /masterslider/masterslider.js HTTP/1.1" 200 36146 "http://www.linkservices.com.au/" "Mozilla/5.0 (Linux; Android 8.1.0; Pixel 2 XL Build/OPM2.171026.006.C1) AppleWebKit/537.36 (KHTML, like Gecko) Chrome/67.0.3396.87 Mobile Safari/537.36"
66.249.82.92 - - [03/Jul/2018:14:11:37 +1000] "HEAD /img/masterslider/02@2x.jpg HTTP/1.1" 404 - "http://www.linkservices.com.au/" "Mozilla/5.0 (Linux; Android 8.1.0; Pixel 2 XL Build/OPM2.171026.006.C1) AppleWebKit/537.36 (KHTML, like Gecko) Chrome/67.0.3396.87 Mobile Safari/537.36"
165.12.252.211 - - [03/Jul/2018:12:18:20 +1000] "GET /js/retina.js HTTP/1.1" 200 695 "http://www.linkservices.com.au/quote.html" "Mozilla/5.0 CK={tiPpw0h4g7mAdTLbtp9388tsg8pKpPLabiY+vpB3uBh66HL4CLYOrloUgvZrrhV03SkHWKo48NaQSLkEN5gt0jn/jVFMJAzYF0ymVXCULHkXcPHGYfH7SA==} (Windows NT 6.1; WOW64; Trident/7.0; rv:11.0) like Gecko"
112.198.36.8 - - [03/Jul/2018:12:31:04 +1000] "GET /css/styles.css HTTP/1.1" 200 11528 "http://www.linkservices.com.au/" "Mozilla/5.0 (Macintosh; Intel Mac OS X 10_13_5) AppleWebKit/537.36 (KHTML, like Gecko) Chrome/67.0.3396.99 Safari/537.36"
112.198.36.8 - - [03/Jul/2018:12:31:05 +1000] "GET /css/font-awesome.min.css HTTP/1.1" 200 4698 "http://www.linkservices.com.au/" "Mozilla/5.0 (Macintosh; Intel Mac OS X 10_13_5) AppleWebKit/537.36 (KHTML, like Gecko) Chrome/67.0.3396.99 Safari/537.36"
66.249.82.91 - - [03/Jul/2018:14:11:03 +1000] "GET /css/flexslider.css HTTP/1.1" 200 1097 "http://www.linkservices.com.au/" "Mozilla/5.0 (Linux; Android 8.1.0; Pixel 2 XL Build/OPM2.171026.006.C1) AppleWebKit/537.36 (KHTML, like Gecko) Chrome/67.0.3396.87 Mobile Safari/537.36"
66.249.82.91 - - [03/Jul/2018:14:11:05 +1000] "GET /layerslider/js/layerslider.kreaturamedia.jquery.js HTTP/1.1" 200 19760 "http://www.linkservices.com.au/" "Mozilla/5.0 (Linux; Android 8.1.0; Pixel 2 XL Build/OPM2.171026.006.C1) AppleWebKit/537.36 (KHTML, like Gecko) Chrome/67.0.3396.87 Mobile Safari/537.36"
203.22.239.129 - - [03/Jul/2018:10:50:22 +1000] "GET /js/bootstrap.js HTTP/1.1" 200 11112 "http://www.linkservices.com.au/contact.html" "Mozilla/5.0 (Windows NT 6.1; Win64; x64) AppleWebKit/537.36 (KHTML, like Gecko) Chrome/67.0.3396.99 Safari/537.36"
203.22.239.129 - - [03/Jul/2018:10:50:22 +1000] "GET /fonts/fontawesome-webfont.woff?v=4.1.0 HTTP/1.1" 200 83760 "http://www.linkservices.com.au/css/font-awesome.min.css" "Mozilla/5.0 (Windows NT 6.1; Win64; x64) AppleWebKit/537.36 (KHTML, like Gecko) Chrome/67.0.3396.99 Safari/537.36"
203.22.239.129 - - [03/Jul/2018:10:50:23 +1000] "GET /masterslider/masterslider.js HTTP/1.1" 200 36146 "http://www.linkservices.com.au/contact.html" "Mozilla/5.0 (Windows NT 6.1; Win64; x64) AppleWebKit/537.36 (KHTML, like Gecko) Chrome/67.0.3396.99 Safari/537.36"
203.22.239.129 - - [03/Jul/2018:10:50:30 +1000] "GET /tips.html HTTP/1.1" 200 6519 "http://www.linkservices.com.au/contact.html" "Mozilla/5.0 (Windows NT 6.1; Win64; x64) AppleWebKit/537.36 (KHTML, like Gecko) Chrome/67.0.3396.99 Safari/537.36"
203.22.239.129 - - [03/Jul/2018:10:50:30 +1000] "GET /img/masterslider/02.jpg HTTP/1.1" 200 589463 "http://www.linkservices.com.au/tips.html" "Mozilla/5.0 (Windows NT 6.1; Win64; x64) AppleWebKit/537.36 (KHTML, like Gecko) Chrome/67.0.3396.99 Safari/537.36"
203.22.239.129 - - [03/Jul/2018:10:50:41 +1000] "GET /img/favicon.png HTTP/1.1" 200 463 "http://www.linkservices.com.au/contact.html" "Mozilla/5.0 (Windows NT 6.1; Win64; x64) AppleWebKit/537.36 (KHTML, like Gecko) Chrome/67.0.3396.99 Safari/537.36"
100.43.90.103 - - [03/Jul/2018:10:53:58 +1000] "GET /js/jquery.refineslide.js HTTP/1.1" 200 7184 "http://www.linkservices.com.au/" "Mozilla/5.0 (compatible; YandexBot/3.0; +http://yandex.com/bots)"
100.43.90.103 - - [03/Jul/2018:10:54:03 +1000] "GET /js/functions.js HTTP/1.1" 200 4398 "http://www.linkservices.com.au/" "Mozilla/5.0 (compatible; YandexBot/3.0; +http://yandex.com/bots)"
100.43.90.103 - - [03/Jul/2018:10:54:10 +1000] "GET /css/font-awesome.min.css HTTP/1.1" 200 4698 "http://www.linkservices.com.au/" "Mozilla/5.0 (compatible; YandexBot/3.0; +http://yandex.com/bots)"
100.43.90.103 - - [03/Jul/2018:10:54:13 +1000] "GET /js/jquery.countdown.js HTTP/1.1" 200 1155 "http://www.linkservices.com.au/" "Mozilla/5.0 (compatible; YandexBot/3.0; +http://yandex.com/bots)"
100.43.90.103 - - [03/Jul/2018:10:54:16 +1000] "GET /layerslider/js/layerslider.transitions.js HTTP/1.1" 200 3195 "http://www.linkservices.com.au/" "Mozilla/5.0 (compatible; YandexBot/3.0; +http://yandex.com/bots)"
100.43.90.103 - - [03/Jul/2018:10:54:19 +1000] "GET /js/tinynav.min.js HTTP/1.1" 200 482 "http://www.linkservices.com.au/" "Mozilla/5.0 (compatible; YandexBot/3.0; +http://yandex.com/bots)"
100.43.90.103 - - [03/Jul/2018:10:54:22 +1000] "GET /js/retina.js HTTP/1.1" 200 695 "http://www.linkservices.com.au/" "Mozilla/5.0 (compatible; YandexBot/3.0; +http://yandex.com/bots)"
100.43.90.103 - - [03/Jul/2018:10:54:25 +1000] "GET /css/bootstrap.css HTTP/1.1" 200 16472 "http://www.linkservices.com.au/" "Mozilla/5.0 (compatible; YandexBot/3.0; +http://yandex.com/bots)"
165.12.252.211 - - [03/Jul/2018:12:19:15 +1000] "GET /masterslider/skins/default/light-skin-1.png HTTP/1.1" 200 4267 "http://www.linkservices.com.au/index.html" "Mozilla/5.0 CK={tiPpw0h4g7mAdTLbtp9388tsg8pKpPLabiY+vpB3uBh66HL4CLYOrloUgvZrrhV03SkHWKo48NaQSLkEN5gt0jn/jVFMJAzYF0ymVXCULHkXcPHGYfH7SA==} (Windows NT 6.1; WOW64; Trident/7.0; rv:11.0) like Gecko"
176.31.126.56 - - [03/Jul/2018:14:01:52 +1000] "GET /robots.txt HTTP/1.0" 404 283 "-" ""
165.12.252.211 - - [03/Jul/2018:12:19:12 +1000] "GET /index.html HTTP/1.1" 200 6301 "http://www.linkservices.com.au/tips.html" "Mozilla/5.0 CK={tiPpw0h4g7mAdTLbtp9388tsg8pKpPLabiY+vpB3uBh66HL4CLYOrloUgvZrrhV03SkHWKo48NaQSLkEN5gt0jn/jVFMJAzYF0ymVXCULHkXcPHGYfH7SA==} (Windows NT 6.1; WOW64; Trident/7.0; rv:11.0) like Gecko"
165.12.252.211 - - [03/Jul/2018:12:19:14 +1000] "GET /masterslider/blank.gif HTTP/1.1" 200 43 "http://www.linkservices.com.au/index.html" "Mozilla/5.0 CK={tiPpw0h4g7mAdTLbtp9388tsg8pKpPLabiY+vpB3uBh66HL4CLYOrloUgvZrrhV03SkHWKo48NaQSLkEN5gt0jn/jVFMJAzYF0ymVXCULHkXcPHGYfH7SA==} (Windows NT 6.1; WOW64; Trident/7.0; rv:11.0) like Gecko"
66.249.82.91 - - [03/Jul/2018:14:11:03 +1000] "GET /rs-plugin/css/settings.css HTTP/1.1" 200 7988 "http://www.linkservices.com.au/" "Mozilla/5.0 (Linux; Android 8.1.0; Pixel 2 XL Build/OPM2.171026.006.C1) AppleWebKit/537.36 (KHTML, like Gecko) Chrome/67.0.3396.87 Mobile Safari/537.36"
66.249.82.91 - - [03/Jul/2018:14:11:03 +1000] "GET /css/typicons.min.css HTTP/1.1" 200 2634 "http://www.linkservices.com.au/" "Mozilla/5.0 (Linux; Android 8.1.0; Pixel 2 XL Build/OPM2.171026.006.C1) AppleWebKit/537.36 (KHTML, like Gecko) Chrome/67.0.3396.87 Mobile Safari/537.36"
66.249.82.91 - - [03/Jul/2018:14:11:03 +1000] "GET /masterslider/blank.gif HTTP/1.1" 200 43 "http://www.linkservices.com.au/" "Mozilla/5.0 (Linux; Android 8.1.0; Pixel 2 XL Build/OPM2.171026.006.C1) AppleWebKit/537.36 (KHTML, like Gecko) Chrome/67.0.3396.87 Mobile Safari/537.36"
66.249.82.91 - - [03/Jul/2018:14:11:05 +1000] "GET /js/jquery.magnific-popup.min.js HTTP/1.1" 200 7493 "http://www.linkservices.com.au/" "Mozilla/5.0 (Linux; Android 8.1.0; Pixel 2 XL Build/OPM2.171026.006.C1) AppleWebKit/537.36 (KHTML, like Gecko) Chrome/67.0.3396.87 Mobile Safari/537.36"
66.249.82.91 - - [03/Jul/2018:14:11:06 +1000] "GET /img/masterslider/01.jpg HTTP/1.1" 200 766148 "http://www.linkservices.com.au/" "Mozilla/5.0 (Linux; Android 8.1.0; Pixel 2 XL Build/OPM2.171026.006.C1) AppleWebKit/537.36 (KHTML, like Gecko) Chrome/67.0.3396.87 Mobile Safari/537.36"
66.249.82.91 - - [03/Jul/2018:14:11:13 +1000] "GET /img/favicon.png HTTP/1.1" 200 463 "http://www.linkservices.com.au/" "Mozilla/5.0 (Linux; Android 8.1.0; Pixel 2 XL Build/OPM2.171026.006.C1) AppleWebKit/537.36 (KHTML, like Gecko) Chrome/67.0.3396.87 Mobile Safari/537.36"
124.179.165.95 - - [03/Jul/2018:14:31:11 +1000] "GET /css/animate.css HTTP/1.1" 200 5119 "http://www.linkservices.com.au/" "Mozilla/5.0 (Macintosh; Intel Mac OS X 10_12_6) AppleWebKit/605.1.15 (KHTML, like Gecko) Version/11.1.1 Safari/605.1.15"
124.179.165.95 - - [03/Jul/2018:14:31:11 +1000] "GET /masterslider/skins/default/style.css HTTP/1.1" 200 975 "http://www.linkservices.com.au/" "Mozilla/5.0 (Macintosh; Intel Mac OS X 10_12_6) AppleWebKit/605.1.15 (KHTML, like Gecko) Version/11.1.1 Safari/605.1.15"
124.179.165.95 - - [03/Jul/2018:14:31:11 +1000] "GET /js/jquery.sticky.js HTTP/1.1" 200 1463 "http://www.linkservices.com.au/" "Mozilla/5.0 (Macintosh; Intel Mac OS X 10_12_6) AppleWebKit/605.1.15 (KHTML, like Gecko) Version/11.1.1 Safari/605.1.15"
124.179.165.95 - - [03/Jul/2018:14:31:11 +1000] "GET /js/jquery.parallax-1.1.3.js HTTP/1.1" 200 822 "http://www.linkservices.com.au/" "Mozilla/5.0 (Macintosh; Intel Mac OS X 10_12_6) AppleWebKit/605.1.15 (KHTML, like Gecko) Version/11.1.1 Safari/605.1.15"
124.179.165.95 - - [03/Jul/2018:14:31:11 +1000] "GET /js/jquery.refineslide.js HTTP/1.1" 200 7184 "http://www.linkservices.com.au/" "Mozilla/5.0 (Macintosh; Intel Mac OS X 10_12_6) AppleWebKit/605.1.15 (KHTML, like Gecko) Version/11.1.1 Safari/605.1.15"
165.12.252.211 - - [03/Jul/2018:12:18:19 +1000] "GET /js/jquery.fitvids.js HTTP/1.1" 200 1200 "http://www.linkservices.com.au/quote.html" "Mozilla/5.0 CK={tiPpw0h4g7mAdTLbtp9388tsg8pKpPLabiY+vpB3uBh66HL4CLYOrloUgvZrrhV03SkHWKo48NaQSLkEN5gt0jn/jVFMJAzYF0ymVXCULHkXcPHGYfH7SA==} (Windows NT 6.1; WOW64; Trident/7.0; rv:11.0) like Gecko"
66.249.82.92 - - [03/Jul/2018:14:11:05 +1000] "GET /img/logo_white.png HTTP/1.1" 200 9781 "http://www.linkservices.com.au/" "Mozilla/5.0 (Linux; Android 8.1.0; Pixel 2 XL Build/OPM2.171026.006.C1) AppleWebKit/537.36 (KHTML, like Gecko) Chrome/67.0.3396.87 Mobile Safari/537.36"
66.249.82.90 - - [03/Jul/2018:14:11:37 +1000] "HEAD /img/logo_white@2x.png HTTP/1.1" 404 - "http://www.linkservices.com.au/" "Mozilla/5.0 (Linux; Android 8.1.0; Pixel 2 XL Build/OPM2.171026.006.C1) AppleWebKit/537.36 (KHTML, like Gecko) Chrome/67.0.3396.87 Mobile Safari/537.36"
180.149.192.136 - - [03/Jul/2018:14:28:01 +1000] "HEAD /img/logo_white@2x.png HTTP/1.1" 404 - "http://www.linkservices.com.au/" "Mozilla/5.0 (Windows NT 6.1; WOW64; Trident/7.0; rv:11.0) like Gecko"
180.149.192.136 - - [03/Jul/2018:14:28:02 +1000] "HEAD /img/logo@2x.png HTTP/1.1" 404 - "http://www.linkservices.com.au/" "Mozilla/5.0 (Windows NT 6.1; WOW64; Trident/7.0; rv:11.0) like Gecko"
124.179.165.95 - - [03/Jul/2018:14:31:11 +1000] "GET /css/styles.css HTTP/1.1" 200 11528 "http://www.linkservices.com.au/" "Mozilla/5.0 (Macintosh; Intel Mac OS X 10_12_6) AppleWebKit/605.1.15 (KHTML, like Gecko) Version/11.1.1 Safari/605.1.15"
124.179.165.95 - - [03/Jul/2018:14:31:11 +1000] "GET /masterslider/style/masterslider.css HTTP/1.1" 200 1960 "http://www.linkservices.com.au/" "Mozilla/5.0 (Macintosh; Intel Mac OS X 10_12_6) AppleWebKit/605.1.15 (KHTML, like Gecko) Version/11.1.1 Safari/605.1.15"
124.179.165.95 - - [03/Jul/2018:14:31:11 +1000] "GET /js/jquery.easing.js HTTP/1.1" 200 1984 "http://www.linkservices.com.au/" "Mozilla/5.0 (Macintosh; Intel Mac OS X 10_12_6) AppleWebKit/605.1.15 (KHTML, like Gecko) Version/11.1.1 Safari/605.1.15"
124.179.165.95 - - [03/Jul/2018:14:31:11 +1000] "GET /js/jquery.isotope.min.js HTTP/1.1" 200 5000 "http://www.linkservices.com.au/" "Mozilla/5.0 (Macintosh; Intel Mac OS X 10_12_6) AppleWebKit/605.1.15 (KHTML, like Gecko) Version/11.1.1 Safari/605.1.15"
124.179.165.95 - - [03/Jul/2018:14:31:11 +1000] "GET /js/jquery.countdown.js HTTP/1.1" 200 1155 "http://www.linkservices.com.au/" "Mozilla/5.0 (Macintosh; Intel Mac OS X 10_12_6) AppleWebKit/605.1.15 (KHTML, like Gecko) Version/11.1.1 Safari/605.1.15"
124.179.165.95 - - [03/Jul/2018:14:31:11 +1000] "GET /rs-plugin/js/jquery.themepunch.plugins.min.js HTTP/1.1" 200 28770 "http://www.linkservices.com.au/" "Mozilla/5.0 (Macintosh; Intel Mac OS X 10_12_6) AppleWebKit/605.1.15 (KHTML, like Gecko) Version/11.1.1 Safari/605.1.15"
124.179.165.95 - - [03/Jul/2018:14:31:11 +1000] "GET /img/parallax/02.jpg HTTP/1.1" 200 651412 "http://www.linkservices.com.au/" "Mozilla/5.0 (Macintosh; Intel Mac OS X 10_12_6) AppleWebKit/605.1.15 (KHTML, like Gecko) Version/11.1.1 Safari/605.1.15"
60.227.194.88 - - [03/Jul/2018:14:32:22 +1000] "GET /css/styles.css HTTP/1.1" 200 11528 "http://www.linkservices.com.au/" "Mozilla/5.0 (iPad; CPU OS 11_4 like Mac OS X) AppleWebKit/605.1.15 (KHTML, like Gecko) Version/11.0 Mobile/15E148 Safari/604.1"
60.227.194.88 - - [03/Jul/2018:14:32:22 +1000] "GET /css/font-awesome.min.css HTTP/1.1" 200 4698 "http://www.linkservices.com.au/" "Mozilla/5.0 (iPad; CPU OS 11_4 like Mac OS X) AppleWebKit/605.1.15 (KHTML, like Gecko) Version/11.0 Mobile/15E148 Safari/604.1"
165.12.252.211 - - [03/Jul/2018:12:18:19 +1000] "GET /masterslider/masterslider.js HTTP/1.1" 200 36146 "http://www.linkservices.com.au/quote.html" "Mozilla/5.0 CK={tiPpw0h4g7mAdTLbtp9388tsg8pKpPLabiY+vpB3uBh66HL4CLYOrloUgvZrrhV03SkHWKo48NaQSLkEN5gt0jn/jVFMJAzYF0ymVXCULHkXcPHGYfH7SA==} (Windows NT 6.1; WOW64; Trident/7.0; rv:11.0) like Gecko"
66.249.82.92 - - [03/Jul/2018:14:11:05 +1000] "GET /layerslider/js/layerslider.transitions.js HTTP/1.1" 200 3195 "http://www.linkservices.com.au/" "Mozilla/5.0 (Linux; Android 8.1.0; Pixel 2 XL Build/OPM2.171026.006.C1) AppleWebKit/537.36 (KHTML, like Gecko) Chrome/67.0.3396.87 Mobile Safari/537.36"
66.249.82.92 - - [03/Jul/2018:14:11:37 +1000] "HEAD /img/masterslider/03@2x.jpg HTTP/1.1" 404 - "http://www.linkservices.com.au/" "Mozilla/5.0 (Linux; Android 8.1.0; Pixel 2 XL Build/OPM2.171026.006.C1) AppleWebKit/537.36 (KHTML, like Gecko) Chrome/67.0.3396.87 Mobile Safari/537.36"
185.209.20.147 - - [03/Jul/2018:14:29:08 +1000] "HEAD / HTTP/1.1" 200 - "http://uber24.ru/rabota-uber" "Mozilla/6.0 (compatible; MSIE2.00; Windows 2003)"
60.227.194.88 - - [03/Jul/2018:14:32:22 +1000] "GET /layerslider/css/layerslider.css HTTP/1.1" 200 3040 "http://www.linkservices.com.au/" "Mozilla/5.0 (iPad; CPU OS 11_4 like Mac OS X) AppleWebKit/605.1.15 (KHTML, like Gecko) Version/11.0 Mobile/15E148 Safari/604.1"
60.227.194.88 - - [03/Jul/2018:14:32:22 +1000] "GET /css/typicons.min.css HTTP/1.1" 200 2634 "http://www.linkservices.com.au/" "Mozilla/5.0 (iPad; CPU OS 11_4 like Mac OS X) AppleWebKit/605.1.15 (KHTML, like Gecko) Version/11.0 Mobile/15E148 Safari/604.1"
60.227.194.88 - - [03/Jul/2018:14:32:22 +1000] "GET /masterslider/style/masterslider.css HTTP/1.1" 200 1960 "http://www.linkservices.com.au/" "Mozilla/5.0 (iPad; CPU OS 11_4 like Mac OS X) AppleWebKit/605.1.15 (KHTML, like Gecko) Version/11.0 Mobile/15E148 Safari/604.1"
60.227.194.88 - - [03/Jul/2018:14:32:22 +1000] "GET /js/modernizr.js HTTP/1.1" 200 6139 "http://www.linkservices.com.au/" "Mozilla/5.0 (iPad; CPU OS 11_4 like Mac OS X) AppleWebKit/605.1.15 (KHTML, like Gecko) Version/11.0 Mobile/15E148 Safari/604.1"
60.227.194.88 - - [03/Jul/2018:14:32:22 +1000] "GET /js/tinynav.min.js HTTP/1.1" 200 482 "http://www.linkservices.com.au/" "Mozilla/5.0 (iPad; CPU OS 11_4 like Mac OS X) AppleWebKit/605.1.15 (KHTML, like Gecko) Version/11.0 Mobile/15E148 Safari/604.1"
60.227.194.88 - - [03/Jul/2018:14:32:22 +1000] "GET /js/jquery.magnific-popup.min.js HTTP/1.1" 200 7493 "http://www.linkservices.com.au/" "Mozilla/5.0 (iPad; CPU OS 11_4 like Mac OS X) AppleWebKit/605.1.15 (KHTML, like Gecko) Version/11.0 Mobile/15E148 Safari/604.1"
60.227.194.88 - - [03/Jul/2018:14:32:23 +1000] "GET /js/respond.min.js HTTP/1.1" 200 2061 "http://www.linkservices.com.au/" "Mozilla/5.0 (iPad; CPU OS 11_4 like Mac OS X) AppleWebKit/605.1.15 (KHTML, like Gecko) Version/11.0 Mobile/15E148 Safari/604.1"
60.227.194.88 - - [03/Jul/2018:14:32:23 +1000] "GET /layerslider/js/greensock.js HTTP/1.1" 200 24583 "http://www.linkservices.com.au/" "Mozilla/5.0 (iPad; CPU OS 11_4 like Mac OS X) AppleWebKit/605.1.15 (KHTML, like Gecko) Version/11.0 Mobile/15E148 Safari/604.1"
60.227.194.88 - - [03/Jul/2018:14:32:23 +1000] "GET /masterslider/masterslider.js HTTP/1.1" 200 36146 "http://www.linkservices.com.au/" "Mozilla/5.0 (iPad; CPU OS 11_4 like Mac OS X) AppleWebKit/605.1.15 (KHTML, like Gecko) Version/11.0 Mobile/15E148 Safari/604.1"
60.227.194.88 - - [03/Jul/2018:14:32:23 +1000] "GET /masterslider/blank.gif HTTP/1.1" 200 43 "http://www.linkservices.com.au/" "Mozilla/5.0 (iPad; CPU OS 11_4 like Mac OS X) AppleWebKit/605.1.15 (KHTML, like Gecko) Version/11.0 Mobile/15E148 Safari/604.1"
165.12.252.211 - - [03/Jul/2018:12:18:20 +1000] "GET /js/jquery.magnific-popup.min.js HTTP/1.1" 200 7493 "http://www.linkservices.com.au/quote.html" "Mozilla/5.0 CK={tiPpw0h4g7mAdTLbtp9388tsg8pKpPLabiY+vpB3uBh66HL4CLYOrloUgvZrrhV03SkHWKo48NaQSLkEN5gt0jn/jVFMJAzYF0ymVXCULHkXcPHGYfH7SA==} (Windows NT 6.1; WOW64; Trident/7.0; rv:11.0) like Gecko"
66.249.82.91 - - [03/Jul/2018:14:11:05 +1000] "GET /fonts/fontawesome-webfont.woff?v=4.1.0 HTTP/1.1" 200 83760 "http://www.linkservices.com.au/css/font-awesome.min.css" "Mozilla/5.0 (Linux; Android 8.1.0; Pixel 2 XL Build/OPM2.171026.006.C1) AppleWebKit/537.36 (KHTML, like Gecko) Chrome/67.0.3396.87 Mobile Safari/537.36"
60.227.194.88 - - [03/Jul/2018:14:32:22 +1000] "GET / HTTP/1.1" 200 6301 "-" "Mozilla/5.0 (iPad; CPU OS 11_4 like Mac OS X) AppleWebKit/605.1.15 (KHTML, like Gecko) Version/11.0 Mobile/15E148 Safari/604.1"
60.227.194.88 - - [03/Jul/2018:14:32:22 +1000] "GET /css/bootstrap.css HTTP/1.1" 200 16472 "http://www.linkservices.com.au/" "Mozilla/5.0 (iPad; CPU OS 11_4 like Mac OS X) AppleWebKit/605.1.15 (KHTML, like Gecko) Version/11.0 Mobile/15E148 Safari/604.1"
60.227.194.88 - - [03/Jul/2018:14:32:22 +1000] "GET /css/animate.css HTTP/1.1" 200 5119 "http://www.linkservices.com.au/" "Mozilla/5.0 (iPad; CPU OS 11_4 like Mac OS X) AppleWebKit/605.1.15 (KHTML, like Gecko) Version/11.0 Mobile/15E148 Safari/604.1"
60.227.194.88 - - [03/Jul/2018:14:32:22 +1000] "GET /rs-plugin/css/settings.css HTTP/1.1" 200 7988 "http://www.linkservices.com.au/" "Mozilla/5.0 (iPad; CPU OS 11_4 like Mac OS X) AppleWebKit/605.1.15 (KHTML, like Gecko) Version/11.0 Mobile/15E148 Safari/604.1"
60.227.194.88 - - [03/Jul/2018:14:32:22 +1000] "GET /css/refineslide.css HTTP/1.1" 200 806 "http://www.linkservices.com.au/" "Mozilla/5.0 (iPad; CPU OS 11_4 like Mac OS X) AppleWebKit/605.1.15 (KHTML, like Gecko) Version/11.0 Mobile/15E148 Safari/604.1"
60.227.194.88 - - [03/Jul/2018:14:32:22 +1000] "GET /js/jquery.easing.js HTTP/1.1" 200 1984 "http://www.linkservices.com.au/" "Mozilla/5.0 (iPad; CPU OS 11_4 like Mac OS X) AppleWebKit/605.1.15 (KHTML, like Gecko) Version/11.0 Mobile/15E148 Safari/604.1"
60.227.194.88 - - [03/Jul/2018:14:32:22 +1000] "GET /js/animate.js HTTP/1.1" 200 311 "http://www.linkservices.com.au/" "Mozilla/5.0 (iPad; CPU OS 11_4 like Mac OS X) AppleWebKit/605.1.15 (KHTML, like Gecko) Version/11.0 Mobile/15E148 Safari/604.1"
60.227.194.88 - - [03/Jul/2018:14:32:22 +1000] "GET /js/jquery.isotope.min.js HTTP/1.1" 200 5000 "http://www.linkservices.com.au/" "Mozilla/5.0 (iPad; CPU OS 11_4 like Mac OS X) AppleWebKit/605.1.15 (KHTML, like Gecko) Version/11.0 Mobile/15E148 Safari/604.1"
60.227.194.88 - - [03/Jul/2018:14:32:23 +1000] "GET /js/retina.js HTTP/1.1" 200 695 "http://www.linkservices.com.au/" "Mozilla/5.0 (iPad; CPU OS 11_4 like Mac OS X) AppleWebKit/605.1.15 (KHTML, like Gecko) Version/11.0 Mobile/15E148 Safari/604.1"
60.227.194.88 - - [03/Jul/2018:14:32:23 +1000] "GET /js/jquery.refineslide.js HTTP/1.1" 200 7184 "http://www.linkservices.com.au/" "Mozilla/5.0 (iPad; CPU OS 11_4 like Mac OS X) AppleWebKit/605.1.15 (KHTML, like Gecko) Version/11.0 Mobile/15E148 Safari/604.1"
60.227.194.88 - - [03/Jul/2018:14:32:23 +1000] "GET /rs-plugin/js/jquery.themepunch.plugins.min.js HTTP/1.1" 200 28770 "http://www.linkservices.com.au/" "Mozilla/5.0 (iPad; CPU OS 11_4 like Mac OS X) AppleWebKit/605.1.15 (KHTML, like Gecko) Version/11.0 Mobile/15E148 Safari/604.1"
60.227.194.88 - - [03/Jul/2018:14:32:23 +1000] "GET /fonts/fontawesome-webfont.woff?v=4.1.0 HTTP/1.1" 200 83760 "http://www.linkservices.com.au/" "Mozilla/5.0 (iPad; CPU OS 11_4 like Mac OS X) AppleWebKit/605.1.15 (KHTML, like Gecko) Version/11.0 Mobile/15E148 Safari/604.1"
165.12.252.211 - - [03/Jul/2018:12:18:19 +1000] "GET /js/jquery.parallax-1.1.3.js HTTP/1.1" 200 822 "http://www.linkservices.com.au/quote.html" "Mozilla/5.0 CK={tiPpw0h4g7mAdTLbtp9388tsg8pKpPLabiY+vpB3uBh66HL4CLYOrloUgvZrrhV03SkHWKo48NaQSLkEN5gt0jn/jVFMJAzYF0ymVXCULHkXcPHGYfH7SA==} (Windows NT 6.1; WOW64; Trident/7.0; rv:11.0) like Gecko"
66.249.82.92 - - [03/Jul/2018:14:11:05 +1000] "GET /js/jquery.countdown.js HTTP/1.1" 200 1155 "http://www.linkservices.com.au/" "Mozilla/5.0 (Linux; Android 8.1.0; Pixel 2 XL Build/OPM2.171026.006.C1) AppleWebKit/537.36 (KHTML, like Gecko) Chrome/67.0.3396.87 Mobile Safari/537.36"
60.227.194.88 - - [03/Jul/2018:14:32:22 +1000] "GET /css/magnific-popup.css HTTP/1.1" 200 1896 "http://www.linkservices.com.au/" "Mozilla/5.0 (iPad; CPU OS 11_4 like Mac OS X) AppleWebKit/605.1.15 (KHTML, like Gecko) Version/11.0 Mobile/15E148 Safari/604.1"
60.227.194.88 - - [03/Jul/2018:14:32:22 +1000] "GET /css/entypo.css HTTP/1.1" 200 2639 "http://www.linkservices.com.au/" "Mozilla/5.0 (iPad; CPU OS 11_4 like Mac OS X) AppleWebKit/605.1.15 (KHTML, like Gecko) Version/11.0 Mobile/15E148 Safari/604.1"
60.227.194.88 - - [03/Jul/2018:14:32:22 +1000] "GET /masterslider/skins/default/style.css HTTP/1.1" 200 975 "http://www.linkservices.com.au/" "Mozilla/5.0 (iPad; CPU OS 11_4 like Mac OS X) AppleWebKit/605.1.15 (KHTML, like Gecko) Version/11.0 Mobile/15E148 Safari/604.1"
60.227.194.88 - - [03/Jul/2018:14:32:22 +1000] "GET /js/jquery-1.10.2.js HTTP/1.1" 200 32811 "http://www.linkservices.com.au/" "Mozilla/5.0 (iPad; CPU OS 11_4 like Mac OS X) AppleWebKit/605.1.15 (KHTML, like Gecko) Version/11.0 Mobile/15E148 Safari/604.1"
60.227.194.88 - - [03/Jul/2018:14:32:22 +1000] "GET /js/jquery.fitvids.js HTTP/1.1" 200 1200 "http://www.linkservices.com.au/" "Mozilla/5.0 (iPad; CPU OS 11_4 like Mac OS X) AppleWebKit/605.1.15 (KHTML, like Gecko) Version/11.0 Mobile/15E148 Safari/604.1"
60.227.194.88 - - [03/Jul/2018:14:32:23 +1000] "GET /js/jquery.countdown.js HTTP/1.1" 200 1155 "http://www.linkservices.com.au/" "Mozilla/5.0 (iPad; CPU OS 11_4 like Mac OS X) AppleWebKit/605.1.15 (KHTML, like Gecko) Version/11.0 Mobile/15E148 Safari/604.1"
60.227.194.88 - - [03/Jul/2018:14:32:23 +1000] "GET /layerslider/js/layerslider.transitions.js HTTP/1.1" 200 3195 "http://www.linkservices.com.au/" "Mozilla/5.0 (iPad; CPU OS 11_4 like Mac OS X) AppleWebKit/605.1.15 (KHTML, like Gecko) Version/11.0 Mobile/15E148 Safari/604.1"
60.227.194.88 - - [03/Jul/2018:14:32:23 +1000] "GET /rs-plugin/js/jquery.themepunch.revolution.min.js HTTP/1.1" 200 24288 "http://www.linkservices.com.au/" "Mozilla/5.0 (iPad; CPU OS 11_4 like Mac OS X) AppleWebKit/605.1.15 (KHTML, like Gecko) Version/11.0 Mobile/15E148 Safari/604.1"
60.227.194.88 - - [03/Jul/2018:14:32:23 +1000] "GET /fonts/typicons.woff HTTP/1.1" 200 60464 "http://www.linkservices.com.au/" "Mozilla/5.0 (iPad; CPU OS 11_4 like Mac OS X) AppleWebKit/605.1.15 (KHTML, like Gecko) Version/11.0 Mobile/15E148 Safari/604.1"
60.227.194.88 - - [03/Jul/2018:14:32:23 +1000] "GET /img/parallax/02.jpg HTTP/1.1" 200 651412 "http://www.linkservices.com.au/" "Mozilla/5.0 (iPad; CPU OS 11_4 like Mac OS X) AppleWebKit/605.1.15 (KHTML, like Gecko) Version/11.0 Mobile/15E148 Safari/604.1"
60.227.194.88 - - [03/Jul/2018:14:32:24 +1000] "GET /img/masterslider/04.jpg HTTP/1.1" 200 748158 "http://www.linkservices.com.au/" "Mozilla/5.0 (iPad; CPU OS 11_4 like Mac OS X) AppleWebKit/605.1.15 (KHTML, like Gecko) Version/11.0 Mobile/15E148 Safari/604.1"
60.227.194.88 - - [03/Jul/2018:14:32:22 +1000] "GET /css/flexslider.css HTTP/1.1" 200 1097 "http://www.linkservices.com.au/" "Mozilla/5.0 (iPad; CPU OS 11_4 like Mac OS X) AppleWebKit/605.1.15 (KHTML, like Gecko) Version/11.0 Mobile/15E148 Safari/604.1"
60.227.194.88 - - [03/Jul/2018:14:32:22 +1000] "GET /js/bootstrap.js HTTP/1.1" 200 11112 "http://www.linkservices.com.au/" "Mozilla/5.0 (iPad; CPU OS 11_4 like Mac OS X) AppleWebKit/605.1.15 (KHTML, like Gecko) Version/11.0 Mobile/15E148 Safari/604.1"
60.227.194.88 - - [03/Jul/2018:14:32:22 +1000] "GET /js/jquery.sticky.js HTTP/1.1" 200 1463 "http://www.linkservices.com.au/" "Mozilla/5.0 (iPad; CPU OS 11_4 like Mac OS X) AppleWebKit/605.1.15 (KHTML, like Gecko) Version/11.0 Mobile/15E148 Safari/604.1"
60.227.194.88 - - [03/Jul/2018:14:32:22 +1000] "GET /js/jquery.parallax-1.1.3.js HTTP/1.1" 200 822 "http://www.linkservices.com.au/" "Mozilla/5.0 (iPad; CPU OS 11_4 like Mac OS X) AppleWebKit/605.1.15 (KHTML, like Gecko) Version/11.0 Mobile/15E148 Safari/604.1"
60.227.194.88 - - [03/Jul/2018:14:32:23 +1000] "GET /js/scale.fix.js HTTP/1.1" 200 279 "http://www.linkservices.com.au/" "Mozilla/5.0 (iPad; CPU OS 11_4 like Mac OS X) AppleWebKit/605.1.15 (KHTML, like Gecko) Version/11.0 Mobile/15E148 Safari/604.1"
60.227.194.88 - - [03/Jul/2018:14:32:23 +1000] "GET /js/jquery.flexslider-min.js HTTP/1.1" 200 5268 "http://www.linkservices.com.au/" "Mozilla/5.0 (iPad; CPU OS 11_4 like Mac OS X) AppleWebKit/605.1.15 (KHTML, like Gecko) Version/11.0 Mobile/15E148 Safari/604.1"
60.227.194.88 - - [03/Jul/2018:14:32:23 +1000] "GET /layerslider/js/layerslider.kreaturamedia.jquery.js HTTP/1.1" 200 19760 "http://www.linkservices.com.au/" "Mozilla/5.0 (iPad; CPU OS 11_4 like Mac OS X) AppleWebKit/605.1.15 (KHTML, like Gecko) Version/11.0 Mobile/15E148 Safari/604.1"
60.227.194.88 - - [03/Jul/2018:14:32:23 +1000] "GET /js/functions.js HTTP/1.1" 200 4398 "http://www.linkservices.com.au/" "Mozilla/5.0 (iPad; CPU OS 11_4 like Mac OS X) AppleWebKit/605.1.15 (KHTML, like Gecko) Version/11.0 Mobile/15E148 Safari/604.1"
60.227.194.88 - - [03/Jul/2018:14:32:23 +1000] "GET /img/logo.png HTTP/1.1" 200 5688 "http://www.linkservices.com.au/" "Mozilla/5.0 (iPad; CPU OS 11_4 like Mac OS X) AppleWebKit/605.1.15 (KHTML, like Gecko) Version/11.0 Mobile/15E148 Safari/604.1"
60.227.194.88 - - [03/Jul/2018:14:32:23 +1000] "GET /img/logo_white.png HTTP/1.1" 200 9781 "http://www.linkservices.com.au/" "Mozilla/5.0 (iPad; CPU OS 11_4 like Mac OS X) AppleWebKit/605.1.15 (KHTML, like Gecko) Version/11.0 Mobile/15E148 Safari/604.1"
60.227.194.88 - - [03/Jul/2018:14:32:24 +1000] "GET /masterslider/skins/default/light-skin-1-retina.png HTTP/1.1" 200 4422 "http://www.linkservices.com.au/" "Mozilla/5.0 (iPad; CPU OS 11_4 like Mac OS X) AppleWebKit/605.1.15 (KHTML, like Gecko) Version/11.0 Mobile/15E148 Safari/604.1"
60.227.194.88 - - [03/Jul/2018:14:32:30 +1000] "HEAD /img/masterslider/04@2x.jpg HTTP/1.1" 404 - "http://www.linkservices.com.au/" "Mozilla/5.0 (iPad; CPU OS 11_4 like Mac OS X) AppleWebKit/605.1.15 (KHTML, like Gecko) Version/11.0 Mobile/15E148 Safari/604.1"
60.227.194.88 - - [03/Jul/2018:14:32:31 +1000] "HEAD /img/masterslider/02@2x.jpg HTTP/1.1" 404 - "http://www.linkservices.com.au/" "Mozilla/5.0 (iPad; CPU OS 11_4 like Mac OS X) AppleWebKit/605.1.15 (KHTML, like Gecko) Version/11.0 Mobile/15E148 Safari/604.1"
180.149.192.136 - - [03/Jul/2018:14:36:03 +1000] "GET /faq.html HTTP/1.1" 200 38632 "http://www.linkservices.com.au/" "Mozilla/5.0 (Windows NT 6.1; WOW64; Trident/7.0; rv:11.0) like Gecko"
180.149.192.136 - - [03/Jul/2018:14:28:01 +1000] "HEAD /img/masterslider/02@2x.jpg HTTP/1.1" 404 - "http://www.linkservices.com.au/" "Mozilla/5.0 (Windows NT 6.1; WOW64; Trident/7.0; rv:11.0) like Gecko"
180.149.192.136 - - [03/Jul/2018:14:28:02 +1000] "HEAD /img/masterslider/04@2x.jpg HTTP/1.1" 404 - "http://www.linkservices.com.au/" "Mozilla/5.0 (Windows NT 6.1; WOW64; Trident/7.0; rv:11.0) like Gecko"
185.236.130.56 - - [03/Jul/2018:14:29:14 +1000] "HEAD / HTTP/1.1" 200 - "http://mifepriston.net" "Mozilla/4.0 (compatible; MSIE5.00; Windows 2005)"
124.179.165.95 - - [03/Jul/2018:14:31:11 +1000] "GET /layerslider/css/layerslider.css HTTP/1.1" 200 3040 "http://www.linkservices.com.au/" "Mozilla/5.0 (Macintosh; Intel Mac OS X 10_12_6) AppleWebKit/605.1.15 (KHTML, like Gecko) Version/11.1.1 Safari/605.1.15"
124.179.165.95 - - [03/Jul/2018:14:31:11 +1000] "GET /css/flexslider.css HTTP/1.1" 200 1097 "http://www.linkservices.com.au/" "Mozilla/5.0 (Macintosh; Intel Mac OS X 10_12_6) AppleWebKit/605.1.15 (KHTML, like Gecko) Version/11.1.1 Safari/605.1.15"
124.179.165.95 - - [03/Jul/2018:14:31:11 +1000] "GET /js/tinynav.min.js HTTP/1.1" 200 482 "http://www.linkservices.com.au/" "Mozilla/5.0 (Macintosh; Intel Mac OS X 10_12_6) AppleWebKit/605.1.15 (KHTML, like Gecko) Version/11.1.1 Safari/605.1.15"
124.179.165.95 - - [03/Jul/2018:14:31:11 +1000] "GET /js/jquery.magnific-popup.min.js HTTP/1.1" 200 7493 "http://www.linkservices.com.au/" "Mozilla/5.0 (Macintosh; Intel Mac OS X 10_12_6) AppleWebKit/605.1.15 (KHTML, like Gecko) Version/11.1.1 Safari/605.1.15"
124.179.165.95 - - [03/Jul/2018:14:31:11 +1000] "GET /js/jquery.flexslider-min.js HTTP/1.1" 200 5268 "http://www.linkservices.com.au/" "Mozilla/5.0 (Macintosh; Intel Mac OS X 10_12_6) AppleWebKit/605.1.15 (KHTML, like Gecko) Version/11.1.1 Safari/605.1.15"
124.179.165.95 - - [03/Jul/2018:14:31:11 +1000] "GET /rs-plugin/js/jquery.themepunch.revolution.min.js HTTP/1.1" 200 24288 "http://www.linkservices.com.au/" "Mozilla/5.0 (Macintosh; Intel Mac OS X 10_12_6) AppleWebKit/605.1.15 (KHTML, like Gecko) Version/11.1.1 Safari/605.1.15"
66.249.82.90 - - [03/Jul/2018:14:11:03 +1000] "GET /masterslider/skins/default/style.css HTTP/1.1" 200 975 "http://www.linkservices.com.au/" "Mozilla/5.0 (Linux; Android 8.1.0; Pixel 2 XL Build/OPM2.171026.006.C1) AppleWebKit/537.36 (KHTML, like Gecko) Chrome/67.0.3396.87 Mobile Safari/537.36"
66.249.82.90 - - [03/Jul/2018:14:11:05 +1000] "GET /js/retina.js HTTP/1.1" 200 695 "http://www.linkservices.com.au/" "Mozilla/5.0 (Linux; Android 8.1.0; Pixel 2 XL Build/OPM2.171026.006.C1) AppleWebKit/537.36 (KHTML, like Gecko) Chrome/67.0.3396.87 Mobile Safari/537.36"
66.249.82.90 - - [03/Jul/2018:14:11:13 +1000] "HEAD /img/masterslider/03@2x.jpg HTTP/1.1" 404 - "http://www.linkservices.com.au/" "Mozilla/5.0 (Linux; Android 8.1.0; Pixel 2 XL Build/OPM2.171026.006.C1) AppleWebKit/537.36 (KHTML, like Gecko) Chrome/67.0.3396.87 Mobile Safari/537.36"
66.249.82.90 - - [03/Jul/2018:14:11:03 +1000] "GET /img/logo.png HTTP/1.1" 200 5688 "http://www.linkservices.com.au/" "Mozilla/5.0 (Linux; Android 8.1.0; Pixel 2 XL Build/OPM2.171026.006.C1) AppleWebKit/537.36 (KHTML, like Gecko) Chrome/67.0.3396.87 Mobile Safari/537.36"
66.249.82.90 - - [03/Jul/2018:14:11:03 +1000] "GET /css/animate.css HTTP/1.1" 200 5119 "http://www.linkservices.com.au/" "Mozilla/5.0 (Linux; Android 8.1.0; Pixel 2 XL Build/OPM2.171026.006.C1) AppleWebKit/537.36 (KHTML, like Gecko) Chrome/67.0.3396.87 Mobile Safari/537.36"
66.249.82.90 - - [03/Jul/2018:14:11:04 +1000] "GET /js/bootstrap.js HTTP/1.1" 200 11112 "http://www.linkservices.com.au/" "Mozilla/5.0 (Linux; Android 8.1.0; Pixel 2 XL Build/OPM2.171026.006.C1) AppleWebKit/537.36 (KHTML, like Gecko) Chrome/67.0.3396.87 Mobile Safari/537.36"
66.249.82.90 - - [03/Jul/2018:14:11:04 +1000] "GET /js/jquery.easing.js HTTP/1.1" 200 1984 "http://www.linkservices.com.au/" "Mozilla/5.0 (Linux; Android 8.1.0; Pixel 2 XL Build/OPM2.171026.006.C1) AppleWebKit/537.36 (KHTML, like Gecko) Chrome/67.0.3396.87 Mobile Safari/537.36"
66.249.82.90 - - [03/Jul/2018:14:11:06 +1000] "GET /img/masterslider/04.jpg HTTP/1.1" 200 748158 "http://www.linkservices.com.au/" "Mozilla/5.0 (Linux; Android 8.1.0; Pixel 2 XL Build/OPM2.171026.006.C1) AppleWebKit/537.36 (KHTML, like Gecko) Chrome/67.0.3396.87 Mobile Safari/537.36"
66.249.82.90 - - [03/Jul/2018:14:11:10 +1000] "GET /img/masterslider/02.jpg HTTP/1.1" 200 589463 "http://www.linkservices.com.au/" "Mozilla/5.0 (Linux; Android 8.1.0; Pixel 2 XL Build/OPM2.171026.006.C1) AppleWebKit/537.36 (KHTML, like Gecko) Chrome/67.0.3396.87 Mobile Safari/537.36"
66.249.82.90 - - [03/Jul/2018:14:11:13 +1000] "HEAD /img/logo@2x.png HTTP/1.1" 404 - "http://www.linkservices.com.au/" "Mozilla/5.0 (Linux; Android 8.1.0; Pixel 2 XL Build/OPM2.171026.006.C1) AppleWebKit/537.36 (KHTML, like Gecko) Chrome/67.0.3396.87 Mobile Safari/537.36"
77.220.213.173 - - [03/Jul/2018:14:29:08 +1000] "HEAD / HTTP/1.1" 200 - "https://egodoctor.ru/vyvod-iz-zapoya-v-tyumeni.html" "Mozilla/3.0 (compatible; MSIE2.00; Windows 2002)"
216.244.66.231 - - [03/Jul/2018:05:51:24 +1000] "GET /robots.txt HTTP/1.1" 404 283 "-" "Mozilla/5.0 (compatible; DotBot/1.1; http://www.opensiteexplorer.org/dotbot, help@moz.com)"
100.43.90.103 - - [03/Jul/2018:10:54:40 +1000] "GET /css/typicons.min.css HTTP/1.1" 200 2634 "http://www.linkservices.com.au/" "Mozilla/5.0 (compatible; YandexBot/3.0; +http://yandex.com/bots)"
100.43.90.103 - - [03/Jul/2018:10:54:43 +1000] "GET /css/refineslide.css HTTP/1.1" 200 806 "http://www.linkservices.com.au/" "Mozilla/5.0 (compatible; YandexBot/3.0; +http://yandex.com/bots)"
100.43.90.103 - - [03/Jul/2018:10:54:48 +1000] "GET /layerslider/js/layerslider.kreaturamedia.jquery.js HTTP/1.1" 200 19760 "http://www.linkservices.com.au/" "Mozilla/5.0 (compatible; YandexBot/3.0; +http://yandex.com/bots)"
165.12.252.211 - - [03/Jul/2018:12:18:17 +1000] "GET /img/masterslider/01.jpg HTTP/1.1" 200 766148 "http://www.linkservices.com.au/quote.html" "Mozilla/5.0 CK={tiPpw0h4g7mAdTLbtp9388tsg8pKpPLabiY+vpB3uBh66HL4CLYOrloUgvZrrhV03SkHWKo48NaQSLkEN5gt0jn/jVFMJAzYF0ymVXCULHkXcPHGYfH7SA==} (Windows NT 6.1; WOW64; Trident/7.0; rv:11.0) like Gecko"
66.249.82.90 - - [03/Jul/2018:14:11:05 +1000] "GET /img/parallax/02.jpg HTTP/1.1" 200 651412 "http://www.linkservices.com.au/" "Mozilla/5.0 (Linux; Android 8.1.0; Pixel 2 XL Build/OPM2.171026.006.C1) AppleWebKit/537.36 (KHTML, like Gecko) Chrome/67.0.3396.87 Mobile Safari/537.36"
136.153.14.105 - - [03/Jul/2018:14:01:56 +1000] "GET /css/magnific-popup.css HTTP/1.1" 304 - "http://www.linkservices.com.au/" "Mozilla/5.0 (Windows NT 6.1) AppleWebKit/537.36 (KHTML, like Gecko) Chrome/66.0.3359.181 Safari/537.36"
136.153.14.105 - - [03/Jul/2018:14:01:56 +1000] "GET /css/animate.css HTTP/1.1" 304 - "http://www.linkservices.com.au/" "Mozilla/5.0 (Windows NT 6.1) AppleWebKit/537.36 (KHTML, like Gecko) Chrome/66.0.3359.181 Safari/537.36"
136.153.14.105 - - [03/Jul/2018:14:01:56 +1000] "GET /css/font-awesome.min.css HTTP/1.1" 304 - "http://www.linkservices.com.au/" "Mozilla/5.0 (Windows NT 6.1) AppleWebKit/537.36 (KHTML, like Gecko) Chrome/66.0.3359.181 Safari/537.36"
136.153.14.105 - - [03/Jul/2018:14:01:56 +1000] "GET /css/entypo.css HTTP/1.1" 304 - "http://www.linkservices.com.au/" "Mozilla/5.0 (Windows NT 6.1) AppleWebKit/537.36 (KHTML, like Gecko) Chrome/66.0.3359.181 Safari/537.36"
136.153.14.105 - - [03/Jul/2018:14:01:56 +1000] "GET /css/typicons.min.css HTTP/1.1" 304 - "http://www.linkservices.com.au/" "Mozilla/5.0 (Windows NT 6.1) AppleWebKit/537.36 (KHTML, like Gecko) Chrome/66.0.3359.181 Safari/537.36"
136.153.14.105 - - [03/Jul/2018:14:01:56 +1000] "GET /rs-plugin/css/settings.css HTTP/1.1" 304 - "http://www.linkservices.com.au/" "Mozilla/5.0 (Windows NT 6.1) AppleWebKit/537.36 (KHTML, like Gecko) Chrome/66.0.3359.181 Safari/537.36"
136.153.14.105 - - [03/Jul/2018:14:01:56 +1000] "GET /masterslider/style/masterslider.css HTTP/1.1" 304 - "http://www.linkservices.com.au/" "Mozilla/5.0 (Windows NT 6.1) AppleWebKit/537.36 (KHTML, like Gecko) Chrome/66.0.3359.181 Safari/537.36"
136.153.14.105 - - [03/Jul/2018:14:01:56 +1000] "GET /masterslider/skins/default/style.css HTTP/1.1" 304 - "http://www.linkservices.com.au/" "Mozilla/5.0 (Windows NT 6.1) AppleWebKit/537.36 (KHTML, like Gecko) Chrome/66.0.3359.181 Safari/537.36"
136.153.14.105 - - [03/Jul/2018:14:01:56 +1000] "GET /css/flexslider.css HTTP/1.1" 304 - "http://www.linkservices.com.au/" "Mozilla/5.0 (Windows NT 6.1) AppleWebKit/537.36 (KHTML, like Gecko) Chrome/66.0.3359.181 Safari/537.36"
136.153.14.105 - - [03/Jul/2018:14:01:57 +1000] "GET /css/refineslide.css HTTP/1.1" 304 - "http://www.linkservices.com.au/" "Mozilla/5.0 (Windows NT 6.1) AppleWebKit/537.36 (KHTML, like Gecko) Chrome/66.0.3359.181 Safari/537.36"
136.153.14.105 - - [03/Jul/2018:14:01:57 +1000] "GET /js/modernizr.js HTTP/1.1" 304 - "http://www.linkservices.com.au/" "Mozilla/5.0 (Windows NT 6.1) AppleWebKit/537.36 (KHTML, like Gecko) Chrome/66.0.3359.181 Safari/537.36"
136.153.14.105 - - [03/Jul/2018:14:01:57 +1000] "GET /img/logo.png HTTP/1.1" 304 - "http://www.linkservices.com.au/" "Mozilla/5.0 (Windows NT 6.1) AppleWebKit/537.36 (KHTML, like Gecko) Chrome/66.0.3359.181 Safari/537.36"
136.153.14.105 - - [03/Jul/2018:14:01:57 +1000] "GET /masterslider/blank.gif HTTP/1.1" 304 - "http://www.linkservices.com.au/" "Mozilla/5.0 (Windows NT 6.1) AppleWebKit/537.36 (KHTML, like Gecko) Chrome/66.0.3359.181 Safari/537.36"
136.153.14.105 - - [03/Jul/2018:14:01:57 +1000] "GET /img/logo_white.png HTTP/1.1" 304 - "http://www.linkservices.com.au/" "Mozilla/5.0 (Windows NT 6.1) AppleWebKit/537.36 (KHTML, like Gecko) Chrome/66.0.3359.181 Safari/537.36"
66.249.82.90 - - [03/Jul/2018:14:11:05 +1000] "GET /rs-plugin/js/jquery.themepunch.revolution.min.js HTTP/1.1" 200 24288 "http://www.linkservices.com.au/" "Mozilla/5.0 (Linux; Android 8.1.0; Pixel 2 XL Build/OPM2.171026.006.C1) AppleWebKit/537.36 (KHTML, like Gecko) Chrome/67.0.3396.87 Mobile Safari/537.36"
185.154.13.6 - - [03/Jul/2018:14:29:09 +1000] "HEAD / HTTP/1.1" 200 - "https://express-vyvoz.ru" "Mozilla/5.0 (compatible; MSIE7.00; Windows 2008)"
165.12.252.211 - - [03/Jul/2018:12:18:20 +1000] "GET /js/respond.min.js HTTP/1.1" 200 2061 "http://www.linkservices.com.au/quote.html" "Mozilla/5.0 CK={tiPpw0h4g7mAdTLbtp9388tsg8pKpPLabiY+vpB3uBh66HL4CLYOrloUgvZrrhV03SkHWKo48NaQSLkEN5gt0jn/jVFMJAzYF0ymVXCULHkXcPHGYfH7SA==} (Windows NT 6.1; WOW64; Trident/7.0; rv:11.0) like Gecko"
66.249.82.90 - - [03/Jul/2018:14:11:05 +1000] "GET /js/scale.fix.js HTTP/1.1" 200 279 "http://www.linkservices.com.au/" "Mozilla/5.0 (Linux; Android 8.1.0; Pixel 2 XL Build/OPM2.171026.006.C1) AppleWebKit/537.36 (KHTML, like Gecko) Chrome/67.0.3396.87 Mobile Safari/537.36"
1.129.111.80 - - [03/Jul/2018:15:31:57 +1000] "GET /js/jquery.parallax-1.1.3.js HTTP/1.1" 200 822 "http://www.linkservices.com.au/portal.html" "Mozilla/5.0 (Windows NT 10.0; Win64; x64) AppleWebKit/537.36 (KHTML, like Gecko) Chrome/64.0.3282.140 Safari/537.36 Edge/17.17134"
1.129.111.80 - - [03/Jul/2018:15:31:59 +1000] "GET /fonts/fontawesome-webfont.woff?v=4.1.0 HTTP/1.1" 200 83760 "http://www.linkservices.com.au/portal.html" "Mozilla/5.0 (Windows NT 10.0; Win64; x64) AppleWebKit/537.36 (KHTML, like Gecko) Chrome/64.0.3282.140 Safari/537.36 Edge/17.17134"
60.227.194.88 - - [03/Jul/2018:14:32:24 +1000] "GET /masterslider/style/loading-2.gif HTTP/1.1" 200 2707 "http://www.linkservices.com.au/" "Mozilla/5.0 (iPad; CPU OS 11_4 like Mac OS X) AppleWebKit/605.1.15 (KHTML, like Gecko) Version/11.0 Mobile/15E148 Safari/604.1"
